Archive member included to satisfy reference by file (symbol)

/usr/lib/gcc/arm-none-eabi/10.3.1/thumb/v6-m/nofp/libgcc.a(_dvmd_tls.o)
                              CMakeFiles/debugprobe.dir/home/teja/pico/pico-sdk/src/rp2_common/pico_divider/divider.S.obj (__aeabi_idiv0)
/usr/lib/gcc/arm-none-eabi/10.3.1/../../../arm-none-eabi/lib/thumb/v6-m/nofp/libc.a(lib_a-atexit.o)
                              /usr/lib/gcc/arm-none-eabi/10.3.1/../../../arm-none-eabi/lib/thumb/v6-m/nofp/crt0.o (atexit)
/usr/lib/gcc/arm-none-eabi/10.3.1/../../../arm-none-eabi/lib/thumb/v6-m/nofp/libc.a(lib_a-calloc.o)
                              CMakeFiles/debugprobe.dir/home/teja/pico/pico-sdk/src/rp2_common/pico_malloc/pico_malloc.c.obj (calloc)
/usr/lib/gcc/arm-none-eabi/10.3.1/../../../arm-none-eabi/lib/thumb/v6-m/nofp/libc.a(lib_a-callocr.o)
                              /usr/lib/gcc/arm-none-eabi/10.3.1/../../../arm-none-eabi/lib/thumb/v6-m/nofp/libc.a(lib_a-calloc.o) (_calloc_r)
/usr/lib/gcc/arm-none-eabi/10.3.1/../../../arm-none-eabi/lib/thumb/v6-m/nofp/libc.a(lib_a-fini.o)
                              /usr/lib/gcc/arm-none-eabi/10.3.1/../../../arm-none-eabi/lib/thumb/v6-m/nofp/crt0.o (__libc_fini_array)
/usr/lib/gcc/arm-none-eabi/10.3.1/../../../arm-none-eabi/lib/thumb/v6-m/nofp/libc.a(lib_a-impure.o)
                              /usr/lib/gcc/arm-none-eabi/10.3.1/../../../arm-none-eabi/lib/thumb/v6-m/nofp/libc.a(lib_a-calloc.o) (_impure_ptr)
/usr/lib/gcc/arm-none-eabi/10.3.1/../../../arm-none-eabi/lib/thumb/v6-m/nofp/libc.a(lib_a-init.o)
                              /usr/lib/gcc/arm-none-eabi/10.3.1/../../../arm-none-eabi/lib/thumb/v6-m/nofp/crt0.o (__libc_init_array)
/usr/lib/gcc/arm-none-eabi/10.3.1/../../../arm-none-eabi/lib/thumb/v6-m/nofp/libc.a(lib_a-malloc.o)
                              CMakeFiles/debugprobe.dir/home/teja/pico/pico-sdk/src/rp2_common/pico_malloc/pico_malloc.c.obj (malloc)
/usr/lib/gcc/arm-none-eabi/10.3.1/../../../arm-none-eabi/lib/thumb/v6-m/nofp/libc.a(lib_a-mallocr.o)
                              /usr/lib/gcc/arm-none-eabi/10.3.1/../../../arm-none-eabi/lib/thumb/v6-m/nofp/libc.a(lib_a-callocr.o) (_malloc_r)
/usr/lib/gcc/arm-none-eabi/10.3.1/../../../arm-none-eabi/lib/thumb/v6-m/nofp/libc.a(lib_a-mlock.o)
                              /usr/lib/gcc/arm-none-eabi/10.3.1/../../../arm-none-eabi/lib/thumb/v6-m/nofp/libc.a(lib_a-mallocr.o) (__malloc_lock)
/usr/lib/gcc/arm-none-eabi/10.3.1/../../../arm-none-eabi/lib/thumb/v6-m/nofp/libc.a(lib_a-realloc.o)
                              CMakeFiles/debugprobe.dir/home/teja/pico/pico-sdk/src/rp2_common/pico_malloc/pico_malloc.c.obj (realloc)
/usr/lib/gcc/arm-none-eabi/10.3.1/../../../arm-none-eabi/lib/thumb/v6-m/nofp/libc.a(lib_a-reallocr.o)
                              /usr/lib/gcc/arm-none-eabi/10.3.1/../../../arm-none-eabi/lib/thumb/v6-m/nofp/libc.a(lib_a-realloc.o) (_realloc_r)
/usr/lib/gcc/arm-none-eabi/10.3.1/../../../arm-none-eabi/lib/thumb/v6-m/nofp/libc.a(lib_a-sbrkr.o)
                              /usr/lib/gcc/arm-none-eabi/10.3.1/../../../arm-none-eabi/lib/thumb/v6-m/nofp/libc.a(lib_a-mallocr.o) (_sbrk_r)
/usr/lib/gcc/arm-none-eabi/10.3.1/../../../arm-none-eabi/lib/thumb/v6-m/nofp/libc.a(lib_a-strlen-stub.o)
                              CMakeFiles/debugprobe.dir/src/usb_descriptors.c.obj (strlen)
/usr/lib/gcc/arm-none-eabi/10.3.1/../../../arm-none-eabi/lib/thumb/v6-m/nofp/libc.a(lib_a-__atexit.o)
                              /usr/lib/gcc/arm-none-eabi/10.3.1/../../../arm-none-eabi/lib/thumb/v6-m/nofp/libc.a(lib_a-atexit.o) (__register_exitproc)
/usr/lib/gcc/arm-none-eabi/10.3.1/../../../arm-none-eabi/lib/thumb/v6-m/nofp/libc.a(lib_a-freer.o)
                              /usr/lib/gcc/arm-none-eabi/10.3.1/../../../arm-none-eabi/lib/thumb/v6-m/nofp/libc.a(lib_a-malloc.o) (_free_r)
/usr/lib/gcc/arm-none-eabi/10.3.1/../../../arm-none-eabi/lib/thumb/v6-m/nofp/libc.a(lib_a-memmove.o)
                              /usr/lib/gcc/arm-none-eabi/10.3.1/../../../arm-none-eabi/lib/thumb/v6-m/nofp/libc.a(lib_a-reallocr.o) (memmove)
/usr/lib/gcc/arm-none-eabi/10.3.1/../../../arm-none-eabi/lib/thumb/v6-m/nofp/libc.a(lib_a-reent.o)
                              /usr/lib/gcc/arm-none-eabi/10.3.1/../../../arm-none-eabi/lib/thumb/v6-m/nofp/libc.a(lib_a-sbrkr.o) (errno)

Discarded input sections

 .text          0x0000000000000000        0x0 /usr/lib/gcc/arm-none-eabi/10.3.1/thumb/v6-m/nofp/crti.o
 .data          0x0000000000000000        0x0 /usr/lib/gcc/arm-none-eabi/10.3.1/thumb/v6-m/nofp/crti.o
 .bss           0x0000000000000000        0x0 /usr/lib/gcc/arm-none-eabi/10.3.1/thumb/v6-m/nofp/crti.o
 .data          0x0000000000000000        0x4 /usr/lib/gcc/arm-none-eabi/10.3.1/thumb/v6-m/nofp/crtbegin.o
 .rodata        0x0000000000000000       0x24 /usr/lib/gcc/arm-none-eabi/10.3.1/thumb/v6-m/nofp/crtbegin.o
 .fini_array    0x0000000000000000        0x4 /usr/lib/gcc/arm-none-eabi/10.3.1/thumb/v6-m/nofp/crtbegin.o
[...]
Memory Configuration

Name             Origin             Length             Attributes
FLASH            0x0000000010000000 0x0000000000200000 xr
RAM              0x0000000020000000 0x0000000000040000 xrw
SCRATCH_X        0x0000000020040000 0x0000000000001000 xrw
SCRATCH_Y        0x0000000020041000 0x0000000000001000 xrw
*default*        0x0000000000000000 0xffffffffffffffff

Linker script and memory map

LOAD /usr/lib/gcc/arm-none-eabi/10.3.1/thumb/v6-m/nofp/crti.o
LOAD /usr/lib/gcc/arm-none-eabi/10.3.1/thumb/v6-m/nofp/crtbegin.o
LOAD /usr/lib/gcc/arm-none-eabi/10.3.1/../../../arm-none-eabi/lib/thumb/v6-m/nofp/crt0.o

.flash_begin    0x0000000010000000        0x0
                0x0000000010000000                __flash_binary_start = .

.boot2          0x0000000010000000      0x100
                0x0000000010000000                __boot2_start__ = .
 *(.boot2)
 .boot2         0x0000000010000000      0x100 /tmp/ccJYJfDU.o
                0x0000000010000100                __boot2_end__ = .
                0x0000000000000001                ASSERT (((__boot2_end__ - __boot2_start__) == 0x100), ERROR: Pico second stage bootloader must be 256 bytes in size)

.flashtext      0x0000000010000100      0x1d8
                0x0000000010000100                __logical_binary_start = .
 *(.vectors)
 .vectors       0x0000000010000100       0xd4 CMakeFiles/debugprobe.dir/home/teja/pico/pico-sdk/src/rp2_common/pico_standard_link/crt0.S.obj
                0x0000000010000100                __vectors
                0x0000000010000100                __VECTOR_TABLE
                0x00000000100001c0                isr_invalid
                0x00000000100001c0                __default_isrs_start
                0x00000000100001c2                isr_nmi
                0x00000000100001c4                isr_hardfault
                0x00000000100001c6                isr_svcall
                0x00000000100001c8                isr_pendsv
                0x00000000100001ca                isr_systick
                0x00000000100001cc                isr_irq30
                0x00000000100001cc                __unhandled_user_irq
                0x00000000100001cc                isr_irq13
                0x00000000100001cc                isr_irq27
                0x00000000100001cc                isr_irq31
                0x00000000100001cc                isr_irq5
                0x00000000100001cc                isr_irq11
                0x00000000100001cc                isr_irq23
                0x00000000100001cc                isr_irq18
                0x00000000100001cc                isr_irq28
                0x00000000100001cc                isr_irq19
                0x00000000100001cc                isr_irq0
                0x00000000100001cc                isr_irq6
                0x00000000100001cc                isr_irq22
                0x00000000100001cc                isr_irq17
                0x00000000100001cc                isr_irq14
                0x00000000100001cc                isr_irq2
                0x00000000100001cc                isr_irq10
                0x00000000100001cc                isr_irq8
                0x00000000100001cc                isr_irq24
                0x00000000100001cc                isr_irq1
                0x00000000100001cc                isr_irq7
                0x00000000100001cc                isr_irq21
                0x00000000100001cc                isr_irq20
                0x00000000100001cc                isr_irq15
                0x00000000100001cc                isr_irq25
                0x00000000100001cc                isr_irq4
                0x00000000100001cc                isr_irq16
                0x00000000100001cc                isr_irq29
                0x00000000100001cc                isr_irq26
                0x00000000100001cc                __default_isrs_end
                0x00000000100001cc                isr_irq3
                0x00000000100001cc                isr_irq12
                0x00000000100001cc                isr_irq9
                0x00000000100001d2                unhandled_user_irq_num_in_r0
 *(.binary_info_header)
 .binary_info_header
                0x00000000100001d4       0x14 CMakeFiles/debugprobe.dir/home/teja/pico/pico-sdk/src/rp2_common/pico_standard_link/crt0.S.obj
                0x00000000100001e8                __binary_info_header_end = .
 *(.reset)
 .reset         0x00000000100001e8       0xac CMakeFiles/debugprobe.dir/home/teja/pico/pico-sdk/src/rp2_common/pico_standard_link/crt0.S.obj
                0x00000000100001e8                _entry_point
 *fill*         0x0000000010000294        0x4 
 .reset.__stub  0x0000000010000298       0x10 linker stubs
 .reset         0x00000000100002a8       0x30 CMakeFiles/debugprobe.dir/home/teja/pico/pico-sdk/src/rp2_common/pico_standard_link/binary_info.c.obj

.rodata         0x00000000100002d8        0x0
 *(SORT_BY_ALIGNMENT(SORT_BY_NAME(.flashdata*)))
                0x00000000100002d8                . = ALIGN (0x4)

.ARM.extab
 *(.ARM.extab* .gnu.linkonce.armextab.*)
                0x00000000100002d8                __exidx_start = .

.ARM.exidx
 *(.ARM.exidx* .gnu.linkonce.armexidx.*)
                0x00000000100002d8                __exidx_end = .
                0x00000000100002d8                . = ALIGN (0x4)
                0x00000000100002d8                __binary_info_start = .

.binary_info    0x00000000100002d8       0x44
 *(.binary_info.keep.*)
 .binary_info.keep.__bi_ptr16
                0x00000000100002d8        0x4 CMakeFiles/debugprobe.dir/src/probe_config.c.obj
 .binary_info.keep.__bi_ptr20
                0x00000000100002dc        0x4 CMakeFiles/debugprobe.dir/src/probe_config.c.obj
 .binary_info.keep.__bi_ptr32
                0x00000000100002e0        0x4 CMakeFiles/debugprobe.dir/src/probe_config.c.obj
 .binary_info.keep.__bi_ptr33
                0x00000000100002e4        0x4 CMakeFiles/debugprobe.dir/src/probe_config.c.obj
 .binary_info.keep.__bi_ptr34
                0x00000000100002e8        0x4 CMakeFiles/debugprobe.dir/src/probe_config.c.obj
 .binary_info.keep.__bi_ptr35
                0x00000000100002ec        0x4 CMakeFiles/debugprobe.dir/src/probe_config.c.obj
 .binary_info.keep.__bi_ptr22
                0x00000000100002f0        0x4 CMakeFiles/debugprobe.dir/home/teja/pico/pico-sdk/src/rp2_common/pico_standard_link/binary_info.c.obj
 .binary_info.keep.__bi_ptr30
                0x00000000100002f4        0x4 CMakeFiles/debugprobe.dir/home/teja/pico/pico-sdk/src/rp2_common/pico_standard_link/binary_info.c.obj
 .binary_info.keep.__bi_ptr38
                0x00000000100002f8        0x4 CMakeFiles/debugprobe.dir/home/teja/pico/pico-sdk/src/rp2_common/pico_standard_link/binary_info.c.obj
 .binary_info.keep.__bi_ptr44
                0x00000000100002fc        0x4 CMakeFiles/debugprobe.dir/home/teja/pico/pico-sdk/src/rp2_common/pico_standard_link/binary_info.c.obj
 .binary_info.keep.__bi_ptr50
                0x0000000010000300        0x4 CMakeFiles/debugprobe.dir/home/teja/pico/pico-sdk/src/rp2_common/pico_standard_link/binary_info.c.obj
 .binary_info.keep.__bi_ptr75
                0x0000000010000304        0x4 CMakeFiles/debugprobe.dir/home/teja/pico/pico-sdk/src/rp2_common/pico_standard_link/binary_info.c.obj
 .binary_info.keep.__bi_ptr81
                0x0000000010000308        0x4 CMakeFiles/debugprobe.dir/home/teja/pico/pico-sdk/src/rp2_common/pico_standard_link/binary_info.c.obj
 .binary_info.keep.__bi_ptr142
                0x000000001000030c        0x4 CMakeFiles/debugprobe.dir/home/teja/pico/pico-sdk/lib/tinyusb/hw/bsp/rp2040/family.c.obj
 .binary_info.keep.__bi_ptr152
                0x0000000010000310        0x4 CMakeFiles/debugprobe.dir/home/teja/pico/pico-sdk/lib/tinyusb/hw/bsp/rp2040/family.c.obj
 *(.binary_info.*)
 .binary_info.__bi_ptr33
                0x0000000010000314        0x4 CMakeFiles/debugprobe.dir/home/teja/pico/pico-sdk/src/rp2_common/pico_stdio_uart/stdio_uart.c.obj
 .binary_info.__bi_ptr34
                0x0000000010000318        0x4 CMakeFiles/debugprobe.dir/home/teja/pico/pico-sdk/src/rp2_common/pico_stdio_uart/stdio_uart.c.obj
                0x000000001000031c                __binary_info_end = .
                0x000000001000031c                . = ALIGN (0x4)

.ram_vector_table
                0x0000000020000000       0xc0
 *(.ram_vector_table)
 .ram_vector_table
                0x0000000020000000       0xc0 CMakeFiles/debugprobe.dir/home/teja/pico/pico-sdk/src/rp2_common/pico_runtime/runtime.c.obj
                0x0000000020000000                ram_vector_table

.text           0x00000000200000c0     0x8b44 load address 0x000000001000031c
                0x00000000200000c0                __ram_text_start__ = .
 *(.init)
 .init          0x00000000200000c0        0x4 /usr/lib/gcc/arm-none-eabi/10.3.1/thumb/v6-m/nofp/crti.o
                0x00000000200000c0                _init
 *(.text*)
 .text          0x00000000200000c4       0x98 /usr/lib/gcc/arm-none-eabi/10.3.1/thumb/v6-m/nofp/crtbegin.o
 .text.bi_decl_config
                0x000000002000015c        0x4 CMakeFiles/debugprobe.dir/src/probe_config.c.obj
                0x000000002000015c                bi_decl_config
 .text.led_init
                0x0000000020000160       0x14 CMakeFiles/debugprobe.dir/src/led.c.obj
                0x0000000020000160                led_init
 .text.usb_thread
                0x0000000020000174       0x54 CMakeFiles/debugprobe.dir/src/main.c.obj
                0x0000000020000174                usb_thread
 .text.startup.main
                0x00000000200001c8       0x94 CMakeFiles/debugprobe.dir/src/main.c.obj
                0x00000000200001c8                main
 .text.tud_hid_get_report_cb
                0x000000002000025c        0x4 CMakeFiles/debugprobe.dir/src/main.c.obj
                0x000000002000025c                tud_hid_get_report_cb
 .text.tud_hid_set_report_cb
                0x0000000020000260       0x2c CMakeFiles/debugprobe.dir/src/main.c.obj
                0x0000000020000260                tud_hid_set_report_cb
 .text.tud_vendor_control_xfer_cb
                0x000000002000028c       0x54 CMakeFiles/debugprobe.dir/src/main.c.obj
                0x000000002000028c                tud_vendor_control_xfer_cb
 .text.vApplicationTickHook
                0x00000000200002e0        0x4 CMakeFiles/debugprobe.dir/src/main.c.obj
                0x00000000200002e0                vApplicationTickHook
 .text.vApplicationStackOverflowHook
                0x00000000200002e4       0x10 CMakeFiles/debugprobe.dir/src/main.c.obj
                0x00000000200002e4                vApplicationStackOverflowHook
 .text.vApplicationMallocFailedHook
                0x00000000200002f4        0xc CMakeFiles/debugprobe.dir/src/main.c.obj
                0x00000000200002f4                vApplicationMallocFailedHook
 .text.tud_descriptor_device_cb
                0x0000000020000300        0x8 CMakeFiles/debugprobe.dir/src/usb_descriptors.c.obj
                0x0000000020000300                tud_descriptor_device_cb
 .text.tud_hid_descriptor_report_cb
                0x0000000020000308        0x8 CMakeFiles/debugprobe.dir/src/usb_descriptors.c.obj
                0x0000000020000308                tud_hid_descriptor_report_cb
 .text.tud_descriptor_configuration_cb
                0x0000000020000310       0x10 CMakeFiles/debugprobe.dir/src/usb_descriptors.c.obj
                0x0000000020000310                tud_descriptor_configuration_cb
 .text.tud_descriptor_string_cb
                0x0000000020000320       0x80 CMakeFiles/debugprobe.dir/src/usb_descriptors.c.obj
                0x0000000020000320                tud_descriptor_string_cb
 .text.tud_descriptor_bos_cb
                0x00000000200003a0        0x8 CMakeFiles/debugprobe.dir/src/usb_descriptors.c.obj
                0x00000000200003a0                tud_descriptor_bos_cb
 .text.probe_set_swclk_freq
                0x00000000200003a8       0x34 CMakeFiles/debugprobe.dir/src/probe.c.obj
                0x00000000200003a8                probe_set_swclk_freq
 .text.probe_write_bits
                0x00000000200003dc       0x3c CMakeFiles/debugprobe.dir/src/probe.c.obj
                0x00000000200003dc                probe_write_bits
 .text.probe_hiz_clocks
                0x0000000020000418       0x38 CMakeFiles/debugprobe.dir/src/probe.c.obj
                0x0000000020000418                probe_hiz_clocks
 .text.probe_read_bits
                0x0000000020000450       0x44 CMakeFiles/debugprobe.dir/src/probe.c.obj
                0x0000000020000450                probe_read_bits
 .text.probe_read_mode
                0x0000000020000494       0x34 CMakeFiles/debugprobe.dir/src/probe.c.obj
                0x0000000020000494                probe_read_mode
 .text.probe_write_mode
                0x00000000200004c8       0x38 CMakeFiles/debugprobe.dir/src/probe.c.obj
                0x00000000200004c8                probe_write_mode
 .text.probe_init
                0x0000000020000500       0xcc CMakeFiles/debugprobe.dir/src/probe.c.obj
                0x0000000020000500                probe_init
 .text.probe_deinit
                0x00000000200005cc       0x54 CMakeFiles/debugprobe.dir/src/probe.c.obj
                0x00000000200005cc                probe_deinit
 .text.cdc_uart_init
                0x0000000020000620       0x38 CMakeFiles/debugprobe.dir/src/cdc_uart.c.obj
                0x0000000020000620                cdc_uart_init
 .text.cdc_task
                0x0000000020000658      0x12c CMakeFiles/debugprobe.dir/src/cdc_uart.c.obj
                0x0000000020000658                cdc_task
 .text.cdc_thread
                0x0000000020000784       0x30 CMakeFiles/debugprobe.dir/src/cdc_uart.c.obj
                0x0000000020000784                cdc_thread
 .text.tud_cdc_line_coding_cb
                0x00000000200007b4       0xb8 CMakeFiles/debugprobe.dir/src/cdc_uart.c.obj
                0x00000000200007b4                tud_cdc_line_coding_cb
 .text.tud_cdc_line_state_cb
                0x000000002000086c       0x20 CMakeFiles/debugprobe.dir/src/cdc_uart.c.obj
                0x000000002000086c                tud_cdc_line_state_cb
 .text.tud_cdc_send_break_cb
                0x000000002000088c       0x5c CMakeFiles/debugprobe.dir/src/cdc_uart.c.obj
                0x000000002000088c                tud_cdc_send_break_cb
 .text.usb_serial_init
                0x00000000200008e8      0x1e8 CMakeFiles/debugprobe.dir/src/get_serial.c.obj
                0x00000000200008e8                usb_serial_init
 .text.SWJ_Sequence
                0x0000000020000ad0       0x58 CMakeFiles/debugprobe.dir/src/sw_dp_pio.c.obj
                0x0000000020000ad0                SWJ_Sequence
 .text.SWD_Sequence
                0x0000000020000b28       0x8c CMakeFiles/debugprobe.dir/src/sw_dp_pio.c.obj
                0x0000000020000b28                SWD_Sequence
 .text.SWD_Transfer
                0x0000000020000bb4      0x17c CMakeFiles/debugprobe.dir/src/sw_dp_pio.c.obj
                0x0000000020000bb4                SWD_Transfer
 .text.dap_edpt_init
                0x0000000020000d30        0x4 CMakeFiles/debugprobe.dir/src/tusb_edpt_handler.c.obj
                0x0000000020000d30                dap_edpt_init
 .text.dap_edpt_reset
                0x0000000020000d34        0x4 CMakeFiles/debugprobe.dir/src/tusb_edpt_handler.c.obj
                0x0000000020000d34                dap_edpt_reset
 .text.dap_edpt_control_xfer_cb
                0x0000000020000d38        0x4 CMakeFiles/debugprobe.dir/src/tusb_edpt_handler.c.obj
                0x0000000020000d38                dap_edpt_control_xfer_cb
 .text.dap_edpt_open
                0x0000000020000d3c       0xb0 CMakeFiles/debugprobe.dir/src/tusb_edpt_handler.c.obj
                0x0000000020000d3c                dap_edpt_open
 .text.dap_edpt_xfer_cb
                0x0000000020000dec       0xa8 CMakeFiles/debugprobe.dir/src/tusb_edpt_handler.c.obj
                0x0000000020000dec                dap_edpt_xfer_cb
 .text.dap_thread
                0x0000000020000e94      0x184 CMakeFiles/debugprobe.dir/src/tusb_edpt_handler.c.obj
                0x0000000020000e94                dap_thread
 .text.usbd_app_driver_get_cb
                0x0000000020001018        0xc CMakeFiles/debugprobe.dir/src/tusb_edpt_handler.c.obj
                0x0000000020001018                usbd_app_driver_get_cb
 .text.DAP_ProcessCommand
                0x0000000020001024      0xba0 CMakeFiles/debugprobe.dir/CMSIS_5/CMSIS/DAP/Firmware/Source/DAP.c.obj
                0x0000000020001024                DAP_ProcessCommand
 .text.DAP_ExecuteCommand
                0x0000000020001bc4       0x44 CMakeFiles/debugprobe.dir/CMSIS_5/CMSIS/DAP/Firmware/Source/DAP.c.obj
                0x0000000020001bc4                DAP_ExecuteCommand
 .text.DAP_Setup
                0x0000000020001c08       0x3c CMakeFiles/debugprobe.dir/CMSIS_5/CMSIS/DAP/Firmware/Source/DAP.c.obj
                0x0000000020001c08                DAP_Setup
 .text.DAP_ProcessVendorCommand
                0x0000000020001c44        0xc CMakeFiles/debugprobe.dir/CMSIS_5/CMSIS/DAP/Firmware/Source/DAP_vendor.c.obj
                0x0000000020001c44                DAP_ProcessVendorCommand
 .text.lock_init
                0x0000000020001c50       0x10 CMakeFiles/debugprobe.dir/home/teja/pico/pico-sdk/src/common/pico_sync/lock_core.c.obj
                0x0000000020001c50                lock_init
 .text.mutex_init
                0x0000000020001c60       0x1c CMakeFiles/debugprobe.dir/home/teja/pico/pico-sdk/src/common/pico_sync/mutex.c.obj
                0x0000000020001c60                mutex_init
 .text.recursive_mutex_init
                0x0000000020001c7c       0x20 CMakeFiles/debugprobe.dir/home/teja/pico/pico-sdk/src/common/pico_sync/mutex.c.obj
                0x0000000020001c7c                recursive_mutex_init
 .text.critical_section_init
                0x0000000020001c9c       0x20 CMakeFiles/debugprobe.dir/home/teja/pico/pico-sdk/src/common/pico_sync/critical_section.c.obj
                0x0000000020001c9c                critical_section_init
 .text.timer_pool_entry_comparator
                0x0000000020001cbc       0x34 CMakeFiles/debugprobe.dir/home/teja/pico/pico-sdk/src/common/pico_time/time.c.obj
                0x0000000020001cbc                timer_pool_entry_comparator
 .text.sleep_until_callback
                0x0000000020001cf0       0x24 CMakeFiles/debugprobe.dir/home/teja/pico/pico-sdk/src/common/pico_time/time.c.obj
 .text.add_alarm_under_lock.isra.0
                0x0000000020001d14      0x100 CMakeFiles/debugprobe.dir/home/teja/pico/pico-sdk/src/common/pico_time/time.c.obj
 .text.alarm_pool_alarm_callback
                0x0000000020001e14      0x1bc CMakeFiles/debugprobe.dir/home/teja/pico/pico-sdk/src/common/pico_time/time.c.obj
 .text.alarm_pool_init_default
                0x0000000020001fd0       0x6c CMakeFiles/debugprobe.dir/home/teja/pico/pico-sdk/src/common/pico_time/time.c.obj
                0x0000000020001fd0                alarm_pool_init_default
 .text.alarm_pool_get_default
                0x000000002000203c        0x8 CMakeFiles/debugprobe.dir/home/teja/pico/pico-sdk/src/common/pico_time/time.c.obj
                0x000000002000203c                alarm_pool_get_default
 .text.alarm_pool_add_alarm_at
                0x0000000020002044      0x178 CMakeFiles/debugprobe.dir/home/teja/pico/pico-sdk/src/common/pico_time/time.c.obj
                0x0000000020002044                alarm_pool_add_alarm_at
 .text.best_effort_wfe_or_timeout
                0x00000000200021bc       0xd4 CMakeFiles/debugprobe.dir/home/teja/pico/pico-sdk/src/common/pico_time/time.c.obj
                0x00000000200021bc                best_effort_wfe_or_timeout
 .text.hardware_alarm_irq_handler
                0x0000000020002290       0xbc CMakeFiles/debugprobe.dir/home/teja/pico/pico-sdk/src/rp2_common/hardware_timer/timer.c.obj
 .text.hardware_alarm_claim
                0x000000002000234c       0x18 CMakeFiles/debugprobe.dir/home/teja/pico/pico-sdk/src/rp2_common/hardware_timer/timer.c.obj
                0x000000002000234c                hardware_alarm_claim
 .text.time_us_64
                0x0000000020002364       0x14 CMakeFiles/debugprobe.dir/home/teja/pico/pico-sdk/src/rp2_common/hardware_timer/timer.c.obj
                0x0000000020002364                time_us_64
 .text.busy_wait_us
                0x0000000020002378       0x54 CMakeFiles/debugprobe.dir/home/teja/pico/pico-sdk/src/rp2_common/hardware_timer/timer.c.obj
                0x0000000020002378                busy_wait_us
 .text.hardware_alarm_set_callback
                0x00000000200023cc       0x8c CMakeFiles/debugprobe.dir/home/teja/pico/pico-sdk/src/rp2_common/hardware_timer/timer.c.obj
                0x00000000200023cc                hardware_alarm_set_callback
 .text.hardware_alarm_set_target
                0x0000000020002458       0xd4 CMakeFiles/debugprobe.dir/home/teja/pico/pico-sdk/src/rp2_common/hardware_timer/timer.c.obj
                0x0000000020002458                hardware_alarm_set_target
 .text.hardware_alarm_cancel
                0x000000002000252c       0x3c CMakeFiles/debugprobe.dir/home/teja/pico/pico-sdk/src/rp2_common/hardware_timer/timer.c.obj
                0x000000002000252c                hardware_alarm_cancel
 .text.running_on_fpga
                0x0000000020002568       0x10 CMakeFiles/debugprobe.dir/home/teja/pico/pico-sdk/src/rp2_common/pico_platform/platform.c.obj
                0x0000000020002568                running_on_fpga
 .text.rp2040_chip_version
                0x0000000020002578        0xc CMakeFiles/debugprobe.dir/home/teja/pico/pico-sdk/src/rp2_common/pico_platform/platform.c.obj
                0x0000000020002578                rp2040_chip_version
 .text.hw_claim_lock
                0x0000000020002584       0x18 CMakeFiles/debugprobe.dir/home/teja/pico/pico-sdk/src/rp2_common/hardware_claim/claim.c.obj
                0x0000000020002584                hw_claim_lock
 .text.hw_claim_unlock
                0x000000002000259c       0x14 CMakeFiles/debugprobe.dir/home/teja/pico/pico-sdk/src/rp2_common/hardware_claim/claim.c.obj
                0x000000002000259c                hw_claim_unlock
 .text.hw_claim_or_assert
                0x00000000200025b0       0x44 CMakeFiles/debugprobe.dir/home/teja/pico/pico-sdk/src/rp2_common/hardware_claim/claim.c.obj
                0x00000000200025b0                hw_claim_or_assert
 .text.hw_claim_unused_from_range
                0x00000000200025f4       0x9c CMakeFiles/debugprobe.dir/home/teja/pico/pico-sdk/src/rp2_common/hardware_claim/claim.c.obj
                0x00000000200025f4                hw_claim_unused_from_range
 .text.spin_locks_reset
                0x0000000020002690       0x1c CMakeFiles/debugprobe.dir/home/teja/pico/pico-sdk/src/rp2_common/hardware_sync/sync.c.obj
                0x0000000020002690                spin_locks_reset
 .text.next_striped_spin_lock_num
                0x00000000200026ac       0x18 CMakeFiles/debugprobe.dir/home/teja/pico/pico-sdk/src/rp2_common/hardware_sync/sync.c.obj
                0x00000000200026ac                next_striped_spin_lock_num
 .text.spin_lock_claim_unused
                0x00000000200026c4       0x20 CMakeFiles/debugprobe.dir/home/teja/pico/pico-sdk/src/rp2_common/hardware_sync/sync.c.obj
                0x00000000200026c4                spin_lock_claim_unused
 .text.irq_set_enabled
                0x00000000200026e4       0x24 CMakeFiles/debugprobe.dir/home/teja/pico/pico-sdk/src/rp2_common/hardware_irq/irq.c.obj
                0x00000000200026e4                irq_set_enabled
 .text.irq_get_vtable_handler
                0x0000000020002708       0x10 CMakeFiles/debugprobe.dir/home/teja/pico/pico-sdk/src/rp2_common/hardware_irq/irq.c.obj
                0x0000000020002708                irq_get_vtable_handler
 .text.irq_set_exclusive_handler
                0x0000000020002718       0x54 CMakeFiles/debugprobe.dir/home/teja/pico/pico-sdk/src/rp2_common/hardware_irq/irq.c.obj
                0x0000000020002718                irq_set_exclusive_handler
 .text.irq_add_shared_handler
                0x000000002000276c      0x1e8 CMakeFiles/debugprobe.dir/home/teja/pico/pico-sdk/src/rp2_common/hardware_irq/irq.c.obj
                0x000000002000276c                irq_add_shared_handler
 .text.irq_remove_handler
                0x0000000020002954      0x1b0 CMakeFiles/debugprobe.dir/home/teja/pico/pico-sdk/src/rp2_common/hardware_irq/irq.c.obj
                0x0000000020002954                irq_remove_handler
 .text.irq_set_priority
                0x0000000020002b04       0x28 CMakeFiles/debugprobe.dir/home/teja/pico/pico-sdk/src/rp2_common/hardware_irq/irq.c.obj
                0x0000000020002b04                irq_set_priority
 .text.irq_add_tail_to_free_list
                0x0000000020002b2c       0xb4 CMakeFiles/debugprobe.dir/home/teja/pico/pico-sdk/src/rp2_common/hardware_irq/irq.c.obj
                0x0000000020002b2c                irq_add_tail_to_free_list
 .text.irq_init_priorities
                0x0000000020002be0       0x24 CMakeFiles/debugprobe.dir/home/teja/pico/pico-sdk/src/rp2_common/hardware_irq/irq.c.obj
                0x0000000020002be0                irq_init_priorities
 .text.ph_merge_nodes
                0x0000000020002c04       0x68 CMakeFiles/debugprobe.dir/home/teja/pico/pico-sdk/src/common/pico_util/pheap.c.obj
 .text.ph_post_alloc_init
                0x0000000020002c6c       0x3c CMakeFiles/debugprobe.dir/home/teja/pico/pico-sdk/src/common/pico_util/pheap.c.obj
                0x0000000020002c6c                ph_post_alloc_init
 .text.ph_merge_two_pass
                0x0000000020002ca8       0x90 CMakeFiles/debugprobe.dir/home/teja/pico/pico-sdk/src/common/pico_util/pheap.c.obj
                0x0000000020002ca8                ph_merge_two_pass
 .text.ph_remove_any_head
                0x0000000020002d38      0x100 CMakeFiles/debugprobe.dir/home/teja/pico/pico-sdk/src/common/pico_util/pheap.c.obj
 .text.ph_remove_head
                0x0000000020002e38      0x104 CMakeFiles/debugprobe.dir/home/teja/pico/pico-sdk/src/common/pico_util/pheap.c.obj
                0x0000000020002e38                ph_remove_head
 .text.ph_remove_and_free_node
                0x0000000020002f3c       0x7c CMakeFiles/debugprobe.dir/home/teja/pico/pico-sdk/src/common/pico_util/pheap.c.obj
                0x0000000020002f3c                ph_remove_and_free_node
 .text.gpio_set_function
                0x0000000020002fb8       0x30 CMakeFiles/debugprobe.dir/home/teja/pico/pico-sdk/src/rp2_common/hardware_gpio/gpio.c.obj
                0x0000000020002fb8                gpio_set_function
 .text.gpio_get_function
                0x0000000020002fe8       0x14 CMakeFiles/debugprobe.dir/home/teja/pico/pico-sdk/src/rp2_common/hardware_gpio/gpio.c.obj
                0x0000000020002fe8                gpio_get_function
 .text.gpio_set_pulls
                0x0000000020002ffc       0x30 CMakeFiles/debugprobe.dir/home/teja/pico/pico-sdk/src/rp2_common/hardware_gpio/gpio.c.obj
                0x0000000020002ffc                gpio_set_pulls
 .text.gpio_set_inover
                0x000000002000302c       0x24 CMakeFiles/debugprobe.dir/home/teja/pico/pico-sdk/src/rp2_common/hardware_gpio/gpio.c.obj
                0x000000002000302c                gpio_set_inover
 .text.gpio_set_oeover
                0x0000000020003050       0x24 CMakeFiles/debugprobe.dir/home/teja/pico/pico-sdk/src/rp2_common/hardware_gpio/gpio.c.obj
                0x0000000020003050                gpio_set_oeover
 .text.gpio_init
                0x0000000020003074       0x3c CMakeFiles/debugprobe.dir/home/teja/pico/pico-sdk/src/rp2_common/hardware_gpio/gpio.c.obj
                0x0000000020003074                gpio_init
 .text.uart_init
                0x00000000200030b0      0x188 CMakeFiles/debugprobe.dir/home/teja/pico/pico-sdk/src/rp2_common/hardware_uart/uart.c.obj
                0x00000000200030b0                uart_init
 .text.uart_deinit
                0x0000000020003238       0x24 CMakeFiles/debugprobe.dir/home/teja/pico/pico-sdk/src/rp2_common/hardware_uart/uart.c.obj
                0x0000000020003238                uart_deinit
 .text.uart_set_format
                0x000000002000325c       0x7c CMakeFiles/debugprobe.dir/home/teja/pico/pico-sdk/src/rp2_common/hardware_uart/uart.c.obj
                0x000000002000325c                uart_set_format
 .text.uart_set_break
                0x00000000200032d8       0x60 CMakeFiles/debugprobe.dir/home/teja/pico/pico-sdk/src/rp2_common/hardware_uart/uart.c.obj
                0x00000000200032d8                uart_set_break
 .text.clocks_init
                0x0000000020003338      0x2d0 CMakeFiles/debugprobe.dir/home/teja/pico/pico-sdk/src/rp2_common/hardware_clocks/clocks.c.obj
                0x0000000020003338                clocks_init
 .text.clock_get_hz
                0x0000000020003608        0xc CMakeFiles/debugprobe.dir/home/teja/pico/pico-sdk/src/rp2_common/hardware_clocks/clocks.c.obj
                0x0000000020003608                clock_get_hz
 .text.pll_init
                0x0000000020003614       0xa0 CMakeFiles/debugprobe.dir/home/teja/pico/pico-sdk/src/rp2_common/hardware_pll/pll.c.obj
                0x0000000020003614                pll_init
 .text.watchdog_start_tick
                0x00000000200036b4       0x10 CMakeFiles/debugprobe.dir/home/teja/pico/pico-sdk/src/rp2_common/hardware_watchdog/watchdog.c.obj
                0x00000000200036b4                watchdog_start_tick
 .text.xosc_init
                0x00000000200036c4       0x28 CMakeFiles/debugprobe.dir/home/teja/pico/pico-sdk/src/rp2_common/hardware_xosc/xosc.c.obj
                0x00000000200036c4                xosc_init
 .text.runtime_init
                0x00000000200036ec       0xf0 CMakeFiles/debugprobe.dir/home/teja/pico/pico-sdk/src/rp2_common/pico_runtime/runtime.c.obj
                0x00000000200036ec                runtime_init
 .text._exit    0x00000000200037dc        0x4 CMakeFiles/debugprobe.dir/home/teja/pico/pico-sdk/src/rp2_common/pico_runtime/runtime.c.obj
                0x00000000200037dc                _exit
 .text.exit     0x00000000200037e0        0x8 CMakeFiles/debugprobe.dir/home/teja/pico/pico-sdk/src/rp2_common/pico_runtime/runtime.c.obj
                0x00000000200037e0                exit
 .text.panic    0x00000000200037e8       0x30 CMakeFiles/debugprobe.dir/home/teja/pico/pico-sdk/src/rp2_common/pico_runtime/runtime.c.obj
                0x00000000200037e8                panic
 .text.panic_unsupported
                0x0000000020003818        0xc CMakeFiles/debugprobe.dir/home/teja/pico/pico-sdk/src/rp2_common/pico_runtime/runtime.c.obj
                0x0000000020003818                panic_unsupported
 .text.hard_assertion_failure
                0x0000000020003824        0xc CMakeFiles/debugprobe.dir/home/teja/pico/pico-sdk/src/rp2_common/pico_runtime/runtime.c.obj
                0x0000000020003824                hard_assertion_failure
 .text._out_char
                0x0000000020003830       0x10 CMakeFiles/debugprobe.dir/home/teja/pico/pico-sdk/src/rp2_common/pico_printf/printf.c.obj
 .text.weak_raw_vprintf
                0x0000000020003840       0x30 CMakeFiles/debugprobe.dir/home/teja/pico/pico-sdk/src/rp2_common/pico_printf/printf.c.obj
                0x0000000020003840                weak_raw_vprintf
 .text          0x0000000020003870       0x10 CMakeFiles/debugprobe.dir/home/teja/pico/pico-sdk/src/rp2_common/pico_bit_ops/bit_ops_aeabi.S.obj
 .text.popcountsi
                0x0000000020003880        0xc CMakeFiles/debugprobe.dir/home/teja/pico/pico-sdk/src/rp2_common/pico_bit_ops/bit_ops_aeabi.S.obj
                0x0000000020003880                __wrap___popcountsi2
 .text.rom_func_lookup
                0x000000002000388c       0x10 CMakeFiles/debugprobe.dir/home/teja/pico/pico-sdk/src/rp2_common/pico_bootrom/bootrom.c.obj
                0x000000002000388c                rom_func_lookup
 .text.rom_data_lookup
                0x000000002000389c       0x10 CMakeFiles/debugprobe.dir/home/teja/pico/pico-sdk/src/rp2_common/pico_bootrom/bootrom.c.obj
                0x000000002000389c                rom_data_lookup
 .text.rom_funcs_lookup
                0x00000000200038ac       0x44 CMakeFiles/debugprobe.dir/home/teja/pico/pico-sdk/src/rp2_common/pico_bootrom/bootrom.c.obj
                0x00000000200038ac                rom_funcs_lookup
 .text.__wrap___aeabi_uidiv
                0x00000000200038f0       0x4c CMakeFiles/debugprobe.dir/home/teja/pico/pico-sdk/src/rp2_common/pico_divider/divider.S.obj
                0x00000000200038f0                __wrap___aeabi_uidiv
                0x00000000200038f0                __wrap___aeabi_uidivmod
                0x00000000200038f0                div_u32u32
                0x00000000200038f0                divmod_u32u32
                0x00000000200038f8                divmod_u32u32_unsafe
                0x0000000020003920                divmod_u32u32_savestate
 .text.__wrap___aeabi_ldiv
                0x000000002000393c      0x424 CMakeFiles/debugprobe.dir/home/teja/pico/pico-sdk/src/rp2_common/pico_divider/divider.S.obj
                0x000000002000393c                div_s64s64
                0x000000002000393c                divmod_s64s64
                0x000000002000393c                __wrap___aeabi_ldivmod
                0x000000002000396c                div_u64u64
                0x000000002000396c                divmod_u64u64
                0x000000002000396c                __wrap___aeabi_uldivmod
                0x000000002000397c                divmod_u64u64_savestate
                0x000000002000399c                divmod_s64s64_unsafe
                0x0000000020003a24                divmod_u64u64_unsafe
 .text.__aeabi_double_init
                0x0000000020003d60       0x94 CMakeFiles/debugprobe.dir/home/teja/pico/pico-sdk/src/rp2_common/pico_double/double_init_rom.c.obj
                0x0000000020003d60                __aeabi_double_init
 .text.double_table_shim_on_use_helper
                0x0000000020003df4       0x2c CMakeFiles/debugprobe.dir/home/teja/pico/pico-sdk/src/rp2_common/pico_double/double_v1_rom_shim.S.obj
                0x0000000020003df4                double_table_shim_on_use_helper
 .text.__aeabi_lmul
                0x0000000020003e20       0x32 CMakeFiles/debugprobe.dir/home/teja/pico/pico-sdk/src/rp2_common/pico_int64_ops/pico_int64_ops_aeabi.S.obj
                0x0000000020003e20                __wrap___aeabi_lmul
 *fill*         0x0000000020003e52        0x2 
 .text.__aeabi_float_init
                0x0000000020003e54       0x64 CMakeFiles/debugprobe.dir/home/teja/pico/pico-sdk/src/rp2_common/pico_float/float_init_rom.c.obj
                0x0000000020003e54                __aeabi_float_init
 .text.float_table_shim_on_use_helper
                0x0000000020003eb8       0x2c CMakeFiles/debugprobe.dir/home/teja/pico/pico-sdk/src/rp2_common/pico_float/float_v1_rom_shim.S.obj
                0x0000000020003eb8                float_table_shim_on_use_helper
 .text          0x0000000020003ee4       0x10 CMakeFiles/debugprobe.dir/home/teja/pico/pico-sdk/src/rp2_common/pico_mem_ops/mem_ops_aeabi.S.obj
                0x0000000020003ee4                __aeabi_mem_init
 .text.memset   0x0000000020003ef4        0xc CMakeFiles/debugprobe.dir/home/teja/pico/pico-sdk/src/rp2_common/pico_mem_ops/mem_ops_aeabi.S.obj
                0x0000000020003ef4                __wrap_memset
 .text.memcpy   0x0000000020003f00        0xc CMakeFiles/debugprobe.dir/home/teja/pico/pico-sdk/src/rp2_common/pico_mem_ops/mem_ops_aeabi.S.obj
                0x0000000020003f00                __wrap___aeabi_memcpy
                0x0000000020003f00                __wrap_memcpy
 .text.stdio_out_chars_no_crlf
                0x0000000020003f0c       0x10 CMakeFiles/debugprobe.dir/home/teja/pico/pico-sdk/src/rp2_common/pico_stdio/stdio.c.obj
 .text.stdio_out_chars_crlf
                0x0000000020003f1c       0xb4 CMakeFiles/debugprobe.dir/home/teja/pico/pico-sdk/src/rp2_common/pico_stdio/stdio.c.obj
 .text.stdio_put_string.isra.0
                0x0000000020003fd0       0xfc CMakeFiles/debugprobe.dir/home/teja/pico/pico-sdk/src/rp2_common/pico_stdio/stdio.c.obj
 .text.__wrap_putchar
                0x00000000200040cc       0x98 CMakeFiles/debugprobe.dir/home/teja/pico/pico-sdk/src/rp2_common/pico_stdio/stdio.c.obj
                0x00000000200040cc                __wrap_putchar
 .text.__wrap_puts
                0x0000000020004164       0x3c CMakeFiles/debugprobe.dir/home/teja/pico/pico-sdk/src/rp2_common/pico_stdio/stdio.c.obj
                0x0000000020004164                __wrap_puts
 .text.stdio_set_driver_enabled
                0x00000000200041a0       0x30 CMakeFiles/debugprobe.dir/home/teja/pico/pico-sdk/src/rp2_common/pico_stdio/stdio.c.obj
                0x00000000200041a0                stdio_set_driver_enabled
 .text.stdio_uart_out_chars
                0x00000000200041d0       0x4c CMakeFiles/debugprobe.dir/home/teja/pico/pico-sdk/src/rp2_common/pico_stdio_uart/stdio_uart.c.obj
 .text.stdio_uart_in_chars
                0x000000002000421c       0x84 CMakeFiles/debugprobe.dir/home/teja/pico/pico-sdk/src/rp2_common/pico_stdio_uart/stdio_uart.c.obj
                0x000000002000421c                stdio_uart_in_chars
 .text.on_uart_rx
                0x00000000200042a0       0x28 CMakeFiles/debugprobe.dir/home/teja/pico/pico-sdk/src/rp2_common/pico_stdio_uart/stdio_uart.c.obj
 .text.stdio_uart_set_chars_available_callback
                0x00000000200042c8       0x8c CMakeFiles/debugprobe.dir/home/teja/pico/pico-sdk/src/rp2_common/pico_stdio_uart/stdio_uart.c.obj
 .text.stdio_uart_init
                0x0000000020004354       0x48 CMakeFiles/debugprobe.dir/home/teja/pico/pico-sdk/src/rp2_common/pico_stdio_uart/stdio_uart.c.obj
                0x0000000020004354                stdio_uart_init
 .text.stdio_uart_init_full
                0x000000002000439c       0x3c CMakeFiles/debugprobe.dir/home/teja/pico/pico-sdk/src/rp2_common/pico_stdio_uart/stdio_uart.c.obj
                0x000000002000439c                stdio_uart_init_full
 .text.startup._retrieve_unique_id_on_boot
                0x00000000200043d8       0x10 CMakeFiles/debugprobe.dir/home/teja/pico/pico-sdk/src/rp2_common/pico_unique_id/unique_id.c.obj
 .text.pico_get_unique_board_id
                0x00000000200043e8       0x10 CMakeFiles/debugprobe.dir/home/teja/pico/pico-sdk/src/rp2_common/pico_unique_id/unique_id.c.obj
                0x00000000200043e8                pico_get_unique_board_id
 .text.flash_get_unique_id
                0x00000000200043f8       0x40 CMakeFiles/debugprobe.dir/home/teja/pico/pico-sdk/src/rp2_common/hardware_flash/flash.c.obj
                0x00000000200043f8                flash_get_unique_id
 .text.dcd_int_enable
                0x0000000020004438        0xc CMakeFiles/debugprobe.dir/home/teja/pico/pico-sdk/lib/tinyusb/src/portable/raspberrypi/rp2040/dcd_rp2040.c.obj
                0x0000000020004438                dcd_int_enable
 .text.dcd_set_address
                0x0000000020004444       0x14 CMakeFiles/debugprobe.dir/home/teja/pico/pico-sdk/lib/tinyusb/src/portable/raspberrypi/rp2040/dcd_rp2040.c.obj
                0x0000000020004444                dcd_set_address
 .text.dcd_connect
                0x0000000020004458       0x10 CMakeFiles/debugprobe.dir/home/teja/pico/pico-sdk/lib/tinyusb/src/portable/raspberrypi/rp2040/dcd_rp2040.c.obj
                0x0000000020004458                dcd_connect
 .text.dcd_init
                0x0000000020004468       0x98 CMakeFiles/debugprobe.dir/home/teja/pico/pico-sdk/lib/tinyusb/src/portable/raspberrypi/rp2040/dcd_rp2040.c.obj
                0x0000000020004468                dcd_init
 .text.dcd_edpt0_status_complete
                0x0000000020004500       0x1c CMakeFiles/debugprobe.dir/home/teja/pico/pico-sdk/lib/tinyusb/src/portable/raspberrypi/rp2040/dcd_rp2040.c.obj
                0x0000000020004500                dcd_edpt0_status_complete
 .text.dcd_edpt_open
                0x000000002000451c      0x108 CMakeFiles/debugprobe.dir/home/teja/pico/pico-sdk/lib/tinyusb/src/portable/raspberrypi/rp2040/dcd_rp2040.c.obj
                0x000000002000451c                dcd_edpt_open
 .text.dcd_edpt_close_all
                0x0000000020004624        0x8 CMakeFiles/debugprobe.dir/home/teja/pico/pico-sdk/lib/tinyusb/src/portable/raspberrypi/rp2040/dcd_rp2040.c.obj
                0x0000000020004624                dcd_edpt_close_all
 .text.dcd_edpt_xfer
                0x000000002000462c       0x24 CMakeFiles/debugprobe.dir/home/teja/pico/pico-sdk/lib/tinyusb/src/portable/raspberrypi/rp2040/dcd_rp2040.c.obj
                0x000000002000462c                dcd_edpt_xfer
 .text.dcd_edpt_stall
                0x0000000020004650       0x38 CMakeFiles/debugprobe.dir/home/teja/pico/pico-sdk/lib/tinyusb/src/portable/raspberrypi/rp2040/dcd_rp2040.c.obj
                0x0000000020004650                dcd_edpt_stall
 .text.dcd_edpt_clear_stall
                0x0000000020004688       0x30 CMakeFiles/debugprobe.dir/home/teja/pico/pico-sdk/lib/tinyusb/src/portable/raspberrypi/rp2040/dcd_rp2040.c.obj
                0x0000000020004688                dcd_edpt_clear_stall
 .text.rp2040_usb_init
                0x00000000200046b8       0x4c CMakeFiles/debugprobe.dir/home/teja/pico/pico-sdk/lib/tinyusb/src/portable/raspberrypi/rp2040/rp2040_usb.c.obj
                0x00000000200046b8                rp2040_usb_init
 .text.hw_endpoint_xfer_start
                0x0000000020004704       0x50 CMakeFiles/debugprobe.dir/home/teja/pico/pico-sdk/lib/tinyusb/src/portable/raspberrypi/rp2040/rp2040_usb.c.obj
                0x0000000020004704                hw_endpoint_xfer_start
 .text.configuration_reset
                0x0000000020004754       0xac CMakeFiles/debugprobe.dir/home/teja/pico/pico-sdk/lib/tinyusb/src/device/usbd.c.obj
 .text.tud_mounted
                0x0000000020004800       0x10 CMakeFiles/debugprobe.dir/home/teja/pico/pico-sdk/lib/tinyusb/src/device/usbd.c.obj
                0x0000000020004800                tud_mounted
 .text.tud_suspended
                0x0000000020004810       0x10 CMakeFiles/debugprobe.dir/home/teja/pico/pico-sdk/lib/tinyusb/src/device/usbd.c.obj
                0x0000000020004810                tud_suspended
 .text.tud_inited
                0x0000000020004820       0x14 CMakeFiles/debugprobe.dir/home/teja/pico/pico-sdk/lib/tinyusb/src/device/usbd.c.obj
                0x0000000020004820                tud_inited
 .text.tud_init
                0x0000000020004834      0x104 CMakeFiles/debugprobe.dir/home/teja/pico/pico-sdk/lib/tinyusb/src/device/usbd.c.obj
                0x0000000020004834                tud_init
 .text.tud_task_event_ready
                0x0000000020004938       0x20 CMakeFiles/debugprobe.dir/home/teja/pico/pico-sdk/lib/tinyusb/src/device/usbd.c.obj
                0x0000000020004938                tud_task_event_ready
 .text.tud_task_ext
                0x0000000020004958      0x768 CMakeFiles/debugprobe.dir/home/teja/pico/pico-sdk/lib/tinyusb/src/device/usbd.c.obj
                0x0000000020004958                tud_task_ext
 .text.usbd_open_edpt_pair
                0x00000000200050c0       0x9c CMakeFiles/debugprobe.dir/home/teja/pico/pico-sdk/lib/tinyusb/src/device/usbd.c.obj
                0x00000000200050c0                usbd_open_edpt_pair
 .text.usbd_edpt_open
                0x000000002000515c       0x34 CMakeFiles/debugprobe.dir/home/teja/pico/pico-sdk/lib/tinyusb/src/device/usbd.c.obj
                0x000000002000515c                usbd_edpt_open
 .text.usbd_edpt_claim
                0x0000000020005190       0x28 CMakeFiles/debugprobe.dir/home/teja/pico/pico-sdk/lib/tinyusb/src/device/usbd.c.obj
                0x0000000020005190                usbd_edpt_claim
 .text.usbd_edpt_release
                0x00000000200051b8       0x28 CMakeFiles/debugprobe.dir/home/teja/pico/pico-sdk/lib/tinyusb/src/device/usbd.c.obj
                0x00000000200051b8                usbd_edpt_release
 .text.usbd_edpt_xfer
                0x00000000200051e0       0x4c CMakeFiles/debugprobe.dir/home/teja/pico/pico-sdk/lib/tinyusb/src/device/usbd.c.obj
                0x00000000200051e0                usbd_edpt_xfer
 .text.usbd_edpt_busy
                0x000000002000522c       0x1c CMakeFiles/debugprobe.dir/home/teja/pico/pico-sdk/lib/tinyusb/src/device/usbd.c.obj
                0x000000002000522c                usbd_edpt_busy
 .text.tud_control_status
                0x0000000020005248       0x30 CMakeFiles/debugprobe.dir/home/teja/pico/pico-sdk/lib/tinyusb/src/device/usbd_control.c.obj
                0x0000000020005248                tud_control_status
 .text.tud_control_xfer
                0x0000000020005278       0xbc CMakeFiles/debugprobe.dir/home/teja/pico/pico-sdk/lib/tinyusb/src/device/usbd_control.c.obj
                0x0000000020005278                tud_control_xfer
 .text.usbd_control_reset
                0x0000000020005334       0x14 CMakeFiles/debugprobe.dir/home/teja/pico/pico-sdk/lib/tinyusb/src/device/usbd_control.c.obj
                0x0000000020005334                usbd_control_reset
 .text.usbd_control_set_complete_callback
                0x0000000020005348        0xc CMakeFiles/debugprobe.dir/home/teja/pico/pico-sdk/lib/tinyusb/src/device/usbd_control.c.obj
                0x0000000020005348                usbd_control_set_complete_callback
 .text.usbd_control_set_request
                0x0000000020005354       0x1c CMakeFiles/debugprobe.dir/home/teja/pico/pico-sdk/lib/tinyusb/src/device/usbd_control.c.obj
                0x0000000020005354                usbd_control_set_request
 .text.usbd_control_xfer_cb
                0x0000000020005370       0xfc CMakeFiles/debugprobe.dir/home/teja/pico/pico-sdk/lib/tinyusb/src/device/usbd_control.c.obj
                0x0000000020005370                usbd_control_xfer_cb
 .text.tud_cdc_n_connected
                0x000000002000546c       0x30 CMakeFiles/debugprobe.dir/home/teja/pico/pico-sdk/lib/tinyusb/src/class/cdc/cdc_device.c.obj
                0x000000002000546c                tud_cdc_n_connected
 .text.tud_cdc_n_available
                0x000000002000549c       0x1c CMakeFiles/debugprobe.dir/home/teja/pico/pico-sdk/lib/tinyusb/src/class/cdc/cdc_device.c.obj
                0x000000002000549c                tud_cdc_n_available
 .text.tud_cdc_n_read
                0x00000000200054b8       0x74 CMakeFiles/debugprobe.dir/home/teja/pico/pico-sdk/lib/tinyusb/src/class/cdc/cdc_device.c.obj
                0x00000000200054b8                tud_cdc_n_read
 .text.tud_cdc_n_read_flush
                0x000000002000552c       0x60 CMakeFiles/debugprobe.dir/home/teja/pico/pico-sdk/lib/tinyusb/src/class/cdc/cdc_device.c.obj
                0x000000002000552c                tud_cdc_n_read_flush
 .text.tud_cdc_n_write_flush
                0x000000002000558c       0x7c CMakeFiles/debugprobe.dir/home/teja/pico/pico-sdk/lib/tinyusb/src/class/cdc/cdc_device.c.obj
                0x000000002000558c                tud_cdc_n_write_flush
 .text.tud_cdc_n_write
                0x0000000020005608       0x38 CMakeFiles/debugprobe.dir/home/teja/pico/pico-sdk/lib/tinyusb/src/class/cdc/cdc_device.c.obj
                0x0000000020005608                tud_cdc_n_write
 .text.tud_cdc_n_write_available
                0x0000000020005640       0x1c CMakeFiles/debugprobe.dir/home/teja/pico/pico-sdk/lib/tinyusb/src/class/cdc/cdc_device.c.obj
                0x0000000020005640                tud_cdc_n_write_available
 .text.tud_cdc_n_write_clear
                0x000000002000565c       0x1c CMakeFiles/debugprobe.dir/home/teja/pico/pico-sdk/lib/tinyusb/src/class/cdc/cdc_device.c.obj
                0x000000002000565c                tud_cdc_n_write_clear
 .text.cdcd_init
                0x0000000020005678       0x7c CMakeFiles/debugprobe.dir/home/teja/pico/pico-sdk/lib/tinyusb/src/class/cdc/cdc_device.c.obj
                0x0000000020005678                cdcd_init
 .text.cdcd_reset
                0x00000000200056f4       0x2c CMakeFiles/debugprobe.dir/home/teja/pico/pico-sdk/lib/tinyusb/src/class/cdc/cdc_device.c.obj
                0x00000000200056f4                cdcd_reset
 .text.cdcd_open
                0x0000000020005720       0xe8 CMakeFiles/debugprobe.dir/home/teja/pico/pico-sdk/lib/tinyusb/src/class/cdc/cdc_device.c.obj
                0x0000000020005720                cdcd_open
 .text.cdcd_control_xfer_cb
                0x0000000020005808       0xe4 CMakeFiles/debugprobe.dir/home/teja/pico/pico-sdk/lib/tinyusb/src/class/cdc/cdc_device.c.obj
                0x0000000020005808                cdcd_control_xfer_cb
 .text.cdcd_xfer_cb
                0x00000000200058ec      0x14c CMakeFiles/debugprobe.dir/home/teja/pico/pico-sdk/lib/tinyusb/src/class/cdc/cdc_device.c.obj
                0x00000000200058ec                cdcd_xfer_cb
 .text.tud_hid_n_report
                0x0000000020005a38       0x90 CMakeFiles/debugprobe.dir/home/teja/pico/pico-sdk/lib/tinyusb/src/class/hid/hid_device.c.obj
                0x0000000020005a38                tud_hid_n_report
 .text.hidd_init
                0x0000000020005ac8       0x14 CMakeFiles/debugprobe.dir/home/teja/pico/pico-sdk/lib/tinyusb/src/class/hid/hid_device.c.obj
                0x0000000020005ac8                hidd_init
 .text.hidd_reset
                0x0000000020005adc       0x14 CMakeFiles/debugprobe.dir/home/teja/pico/pico-sdk/lib/tinyusb/src/class/hid/hid_device.c.obj
                0x0000000020005adc                hidd_reset
 .text.hidd_open
                0x0000000020005af0       0x90 CMakeFiles/debugprobe.dir/home/teja/pico/pico-sdk/lib/tinyusb/src/class/hid/hid_device.c.obj
                0x0000000020005af0                hidd_open
 .text.hidd_control_xfer_cb
                0x0000000020005b80      0x1bc CMakeFiles/debugprobe.dir/home/teja/pico/pico-sdk/lib/tinyusb/src/class/hid/hid_device.c.obj
                0x0000000020005b80                hidd_control_xfer_cb
 .text.hidd_xfer_cb
                0x0000000020005d3c       0x68 CMakeFiles/debugprobe.dir/home/teja/pico/pico-sdk/lib/tinyusb/src/class/hid/hid_device.c.obj
                0x0000000020005d3c                hidd_xfer_cb
 .text.vendord_init
                0x0000000020005da4       0x6c CMakeFiles/debugprobe.dir/home/teja/pico/pico-sdk/lib/tinyusb/src/class/vendor/vendor_device.c.obj
                0x0000000020005da4                vendord_init
 .text.vendord_reset
                0x0000000020005e10       0x1c CMakeFiles/debugprobe.dir/home/teja/pico/pico-sdk/lib/tinyusb/src/class/vendor/vendor_device.c.obj
                0x0000000020005e10                vendord_reset
 .text.vendord_open
                0x0000000020005e2c       0xd0 CMakeFiles/debugprobe.dir/home/teja/pico/pico-sdk/lib/tinyusb/src/class/vendor/vendor_device.c.obj
                0x0000000020005e2c                vendord_open
 .text.vendord_xfer_cb
                0x0000000020005efc       0xb4 CMakeFiles/debugprobe.dir/home/teja/pico/pico-sdk/lib/tinyusb/src/class/vendor/vendor_device.c.obj
                0x0000000020005efc                vendord_xfer_cb
 .text.tusb_init
                0x0000000020005fb0        0xc CMakeFiles/debugprobe.dir/home/teja/pico/pico-sdk/lib/tinyusb/src/tusb.c.obj
                0x0000000020005fb0                tusb_init
 .text.tusb_inited
                0x0000000020005fbc        0x8 CMakeFiles/debugprobe.dir/home/teja/pico/pico-sdk/lib/tinyusb/src/tusb.c.obj
                0x0000000020005fbc                tusb_inited
 .text.tu_edpt_claim
                0x0000000020005fc4       0x50 CMakeFiles/debugprobe.dir/home/teja/pico/pico-sdk/lib/tinyusb/src/tusb.c.obj
                0x0000000020005fc4                tu_edpt_claim
 .text.tu_edpt_release
                0x0000000020006014       0x38 CMakeFiles/debugprobe.dir/home/teja/pico/pico-sdk/lib/tinyusb/src/tusb.c.obj
                0x0000000020006014                tu_edpt_release
 .text.tu_edpt_validate
                0x000000002000604c       0x78 CMakeFiles/debugprobe.dir/home/teja/pico/pico-sdk/lib/tinyusb/src/tusb.c.obj
                0x000000002000604c                tu_edpt_validate
 .text.tu_edpt_bind_driver
                0x00000000200060c4       0x34 CMakeFiles/debugprobe.dir/home/teja/pico/pico-sdk/lib/tinyusb/src/tusb.c.obj
                0x00000000200060c4                tu_edpt_bind_driver
 .text.tu_fifo_config
                0x00000000200060f8       0x70 CMakeFiles/debugprobe.dir/home/teja/pico/pico-sdk/lib/tinyusb/src/common/tusb_fifo.c.obj
                0x00000000200060f8                tu_fifo_config
 .text.tu_fifo_count
                0x0000000020006168       0x2c CMakeFiles/debugprobe.dir/home/teja/pico/pico-sdk/lib/tinyusb/src/common/tusb_fifo.c.obj
                0x0000000020006168                tu_fifo_count
 .text.tu_fifo_empty
                0x0000000020006194       0x10 CMakeFiles/debugprobe.dir/home/teja/pico/pico-sdk/lib/tinyusb/src/common/tusb_fifo.c.obj
                0x0000000020006194                tu_fifo_empty
 .text.tu_fifo_remaining
                0x00000000200061a4       0x2c CMakeFiles/debugprobe.dir/home/teja/pico/pico-sdk/lib/tinyusb/src/common/tusb_fifo.c.obj
                0x00000000200061a4                tu_fifo_remaining
 .text.tu_fifo_read
                0x00000000200061d0       0xa0 CMakeFiles/debugprobe.dir/home/teja/pico/pico-sdk/lib/tinyusb/src/common/tusb_fifo.c.obj
                0x00000000200061d0                tu_fifo_read
 .text.tu_fifo_read_n
                0x0000000020006270       0xec CMakeFiles/debugprobe.dir/home/teja/pico/pico-sdk/lib/tinyusb/src/common/tusb_fifo.c.obj
                0x0000000020006270                tu_fifo_read_n
 .text.tu_fifo_write
                0x000000002000635c       0x88 CMakeFiles/debugprobe.dir/home/teja/pico/pico-sdk/lib/tinyusb/src/common/tusb_fifo.c.obj
                0x000000002000635c                tu_fifo_write
 .text.tu_fifo_write_n
                0x00000000200063e4      0x168 CMakeFiles/debugprobe.dir/home/teja/pico/pico-sdk/lib/tinyusb/src/common/tusb_fifo.c.obj
                0x00000000200063e4                tu_fifo_write_n
 .text.tu_fifo_clear
                0x000000002000654c       0x40 CMakeFiles/debugprobe.dir/home/teja/pico/pico-sdk/lib/tinyusb/src/common/tusb_fifo.c.obj
                0x000000002000654c                tu_fifo_clear
 .text.tu_fifo_set_overwritable
                0x000000002000658c       0x48 CMakeFiles/debugprobe.dir/home/teja/pico/pico-sdk/lib/tinyusb/src/common/tusb_fifo.c.obj
                0x000000002000658c                tu_fifo_set_overwritable
 .text.hw_enumeration_fix_force_ls_j_done
                0x00000000200065d4       0x44 CMakeFiles/debugprobe.dir/home/teja/pico/pico-sdk/src/rp2_common/pico_fix/rp2040_usb_device_enumeration/rp2040_usb_device_enumeration.c.obj
                0x00000000200065d4                hw_enumeration_fix_force_ls_j_done
 .text.hw_enumeration_fix_force_ls_j
                0x0000000020006618      0x104 CMakeFiles/debugprobe.dir/home/teja/pico/pico-sdk/src/rp2_common/pico_fix/rp2040_usb_device_enumeration/rp2040_usb_device_enumeration.c.obj
 .text.hw_enumeration_fix_wait_se0_callback
                0x000000002000671c       0x24 CMakeFiles/debugprobe.dir/home/teja/pico/pico-sdk/src/rp2_common/pico_fix/rp2040_usb_device_enumeration/rp2040_usb_device_enumeration.c.obj
                0x000000002000671c                hw_enumeration_fix_wait_se0_callback
 .text.rp2040_usb_device_enumeration_fix
                0x0000000020006740       0x64 CMakeFiles/debugprobe.dir/home/teja/pico/pico-sdk/src/rp2_common/pico_fix/rp2040_usb_device_enumeration/rp2040_usb_device_enumeration.c.obj
                0x0000000020006740                rp2040_usb_device_enumeration_fix
 .text.board_init
                0x00000000200067a4       0x30 CMakeFiles/debugprobe.dir/home/teja/pico/pico-sdk/lib/tinyusb/hw/bsp/rp2040/family.c.obj
                0x00000000200067a4                board_init
 .text.pio_add_program
                0x00000000200067d4       0xc8 CMakeFiles/debugprobe.dir/home/teja/pico/pico-sdk/src/rp2_common/hardware_pio/pio.c.obj
                0x00000000200067d4                pio_add_program
 .text.pio_remove_program
                0x000000002000689c       0x34 CMakeFiles/debugprobe.dir/home/teja/pico/pico-sdk/src/rp2_common/hardware_pio/pio.c.obj
                0x000000002000689c                pio_remove_program
 .text.pio_sm_set_consecutive_pindirs
                0x00000000200068d0       0xb0 CMakeFiles/debugprobe.dir/home/teja/pico/pico-sdk/src/rp2_common/hardware_pio/pio.c.obj
                0x00000000200068d0                pio_sm_set_consecutive_pindirs
 .text.pio_sm_init
                0x0000000020006980       0x8c CMakeFiles/debugprobe.dir/home/teja/pico/pico-sdk/src/rp2_common/hardware_pio/pio.c.obj
                0x0000000020006980                pio_sm_init
 .text.vPortSVCHandler
                0x0000000020006a0c        0x4 CMakeFiles/debugprobe.dir/freertos/portable/ThirdParty/GCC/RP2040/port.c.obj
                0x0000000020006a0c                vPortSVCHandler
 .text.vPortStartFirstTask
                0x0000000020006a10       0x28 CMakeFiles/debugprobe.dir/freertos/portable/ThirdParty/GCC/RP2040/port.c.obj
 .text.xPortPendSVHandler
                0x0000000020006a38       0x60 CMakeFiles/debugprobe.dir/freertos/portable/ThirdParty/GCC/RP2040/port.c.obj
                0x0000000020006a38                xPortPendSVHandler
 .text.prvFIFOInterruptHandler
                0x0000000020006a98       0x78 CMakeFiles/debugprobe.dir/freertos/portable/ThirdParty/GCC/RP2040/port.c.obj
 .text.prvTaskExitError
                0x0000000020006b10        0x8 CMakeFiles/debugprobe.dir/freertos/portable/ThirdParty/GCC/RP2040/port.c.obj
 .text.pxPortInitialiseStack
                0x0000000020006b18       0x20 CMakeFiles/debugprobe.dir/freertos/portable/ThirdParty/GCC/RP2040/port.c.obj
                0x0000000020006b18                pxPortInitialiseStack
 .text.vPortYield
                0x0000000020006b38       0x18 CMakeFiles/debugprobe.dir/freertos/portable/ThirdParty/GCC/RP2040/port.c.obj
                0x0000000020006b38                vPortYield
 .text.vPortEnterCritical
                0x0000000020006b50       0x18 CMakeFiles/debugprobe.dir/freertos/portable/ThirdParty/GCC/RP2040/port.c.obj
                0x0000000020006b50                vPortEnterCritical
 .text.vPortExitCritical
                0x0000000020006b68       0x34 CMakeFiles/debugprobe.dir/freertos/portable/ThirdParty/GCC/RP2040/port.c.obj
                0x0000000020006b68                vPortExitCritical
 .text.ulSetInterruptMaskFromISR
                0x0000000020006b9c        0x8 CMakeFiles/debugprobe.dir/freertos/portable/ThirdParty/GCC/RP2040/port.c.obj
                0x0000000020006b9c                ulSetInterruptMaskFromISR
 .text.vClearInterruptMaskFromISR
                0x0000000020006ba4        0x8 CMakeFiles/debugprobe.dir/freertos/portable/ThirdParty/GCC/RP2040/port.c.obj
                0x0000000020006ba4                vClearInterruptMaskFromISR
 .text.xPortSysTickHandler
                0x0000000020006bac       0x24 CMakeFiles/debugprobe.dir/freertos/portable/ThirdParty/GCC/RP2040/port.c.obj
                0x0000000020006bac                xPortSysTickHandler
 .text.vPortSetupTimerInterrupt
                0x0000000020006bd0       0x34 CMakeFiles/debugprobe.dir/freertos/portable/ThirdParty/GCC/RP2040/port.c.obj
                0x0000000020006bd0                vPortSetupTimerInterrupt
 .text.xPortStartScheduler
                0x0000000020006c04       0xa8 CMakeFiles/debugprobe.dir/freertos/portable/ThirdParty/GCC/RP2040/port.c.obj
                0x0000000020006c04                xPortStartScheduler
 .text.ulPortLockGetCurrentOwnerId
                0x0000000020006cac       0x2c CMakeFiles/debugprobe.dir/freertos/portable/ThirdParty/GCC/RP2040/port.c.obj
                0x0000000020006cac                ulPortLockGetCurrentOwnerId
 .text.vPortLockInternalSpinUnlockWithNotify
                0x0000000020006cd8       0xc8 CMakeFiles/debugprobe.dir/freertos/portable/ThirdParty/GCC/RP2040/port.c.obj
                0x0000000020006cd8                vPortLockInternalSpinUnlockWithNotify
 .text.xPortLockInternalSpinUnlockWithBestEffortWaitOrTimeout
                0x0000000020006da0       0xf4 CMakeFiles/debugprobe.dir/freertos/portable/ThirdParty/GCC/RP2040/port.c.obj
                0x0000000020006da0                xPortLockInternalSpinUnlockWithBestEffortWaitOrTimeout
 .text.startup.prvRuntimeInitializer
                0x0000000020006e94       0x28 CMakeFiles/debugprobe.dir/freertos/portable/ThirdParty/GCC/RP2040/port.c.obj
 .text.vEventGroupSetBitsCallback
                0x0000000020006ebc       0x8c CMakeFiles/debugprobe.dir/freertos/event_groups.c.obj
                0x0000000020006ebc                vEventGroupSetBitsCallback
 .text.xEventGroupCreate
                0x0000000020006f48       0x18 CMakeFiles/debugprobe.dir/freertos/event_groups.c.obj
                0x0000000020006f48                xEventGroupCreate
 .text.xEventGroupWaitBits
                0x0000000020006f60       0xb8 CMakeFiles/debugprobe.dir/freertos/event_groups.c.obj
                0x0000000020006f60                xEventGroupWaitBits
 .text.xEventGroupSetBits
                0x0000000020007018       0x90 CMakeFiles/debugprobe.dir/freertos/event_groups.c.obj
                0x0000000020007018                xEventGroupSetBits
 .text.xEventGroupSetBitsFromISR
                0x00000000200070a8       0x14 CMakeFiles/debugprobe.dir/freertos/event_groups.c.obj
                0x00000000200070a8                xEventGroupSetBitsFromISR
 .text.vListInitialise
                0x00000000200070bc       0x18 CMakeFiles/debugprobe.dir/freertos/list.c.obj
                0x00000000200070bc                vListInitialise
 .text.vListInitialiseItem
                0x00000000200070d4        0x8 CMakeFiles/debugprobe.dir/freertos/list.c.obj
                0x00000000200070d4                vListInitialiseItem
 .text.vListInsertEnd
                0x00000000200070dc       0x18 CMakeFiles/debugprobe.dir/freertos/list.c.obj
                0x00000000200070dc                vListInsertEnd
 .text.vListInsert
                0x00000000200070f4       0x30 CMakeFiles/debugprobe.dir/freertos/list.c.obj
                0x00000000200070f4                vListInsert
 .text.uxListRemove
                0x0000000020007124       0x24 CMakeFiles/debugprobe.dir/freertos/list.c.obj
                0x0000000020007124                uxListRemove
 .text.prvUnlockQueue
                0x0000000020007148      0x148 CMakeFiles/debugprobe.dir/freertos/queue.c.obj
 .text.prvNotifyQueueSetContainer
                0x0000000020007290       0x9c CMakeFiles/debugprobe.dir/freertos/queue.c.obj
 .text.xQueueGenericCreate
                0x000000002000732c       0xa0 CMakeFiles/debugprobe.dir/freertos/queue.c.obj
                0x000000002000732c                xQueueGenericCreate
 .text.xQueueGenericSendFromISR
                0x00000000200073cc      0x138 CMakeFiles/debugprobe.dir/freertos/queue.c.obj
                0x00000000200073cc                xQueueGenericSendFromISR
 .text.xQueueReceive
                0x0000000020007504      0x11c CMakeFiles/debugprobe.dir/freertos/queue.c.obj
                0x0000000020007504                xQueueReceive
 .text.vQueueAddToRegistry
                0x0000000020007620       0xec CMakeFiles/debugprobe.dir/freertos/queue.c.obj
                0x0000000020007620                vQueueAddToRegistry
 .text.vQueueWaitForMessageRestricted
                0x000000002000770c       0x48 CMakeFiles/debugprobe.dir/freertos/queue.c.obj
                0x000000002000770c                vQueueWaitForMessageRestricted
 .text.prvIdleTask
                0x0000000020007754       0x60 CMakeFiles/debugprobe.dir/freertos/tasks.c.obj
 .text.vTaskSwitchContext.part.0
                0x00000000200077b4       0x80 CMakeFiles/debugprobe.dir/freertos/tasks.c.obj
 .text.xTaskCreate
                0x0000000020007834      0x280 CMakeFiles/debugprobe.dir/freertos/tasks.c.obj
                0x0000000020007834                xTaskCreate
 .text.vTaskSuspend
                0x0000000020007ab4       0xcc CMakeFiles/debugprobe.dir/freertos/tasks.c.obj
                0x0000000020007ab4                vTaskSuspend
 .text.vTaskResume
                0x0000000020007b80       0x8c CMakeFiles/debugprobe.dir/freertos/tasks.c.obj
                0x0000000020007b80                vTaskResume
 .text.vTaskStartScheduler
                0x0000000020007c0c      0x1e0 CMakeFiles/debugprobe.dir/freertos/tasks.c.obj
                0x0000000020007c0c                vTaskStartScheduler
 .text.vTaskSuspendAll
                0x0000000020007dec       0x10 CMakeFiles/debugprobe.dir/freertos/tasks.c.obj
                0x0000000020007dec                vTaskSuspendAll
 .text.xTaskGetTickCount
                0x0000000020007dfc        0xc CMakeFiles/debugprobe.dir/freertos/tasks.c.obj
                0x0000000020007dfc                xTaskGetTickCount
 .text.uxTaskGetNumberOfTasks
                0x0000000020007e08        0xc CMakeFiles/debugprobe.dir/freertos/tasks.c.obj
                0x0000000020007e08                uxTaskGetNumberOfTasks
 .text.xTaskIncrementTick
                0x0000000020007e14      0x1d0 CMakeFiles/debugprobe.dir/freertos/tasks.c.obj
                0x0000000020007e14                xTaskIncrementTick
 .text.xTaskResumeAll
                0x0000000020007fe4      0x170 CMakeFiles/debugprobe.dir/freertos/tasks.c.obj
                0x0000000020007fe4                xTaskResumeAll
 .text.xTaskDelayUntil
                0x0000000020008154       0xa4 CMakeFiles/debugprobe.dir/freertos/tasks.c.obj
                0x0000000020008154                xTaskDelayUntil
 .text.vTaskSwitchContext
                0x00000000200081f8       0x20 CMakeFiles/debugprobe.dir/freertos/tasks.c.obj
                0x00000000200081f8                vTaskSwitchContext
 .text.vTaskPlaceOnEventList
                0x0000000020008218       0x98 CMakeFiles/debugprobe.dir/freertos/tasks.c.obj
                0x0000000020008218                vTaskPlaceOnEventList
 .text.vTaskPlaceOnUnorderedEventList
                0x00000000200082b0       0xbc CMakeFiles/debugprobe.dir/freertos/tasks.c.obj
                0x00000000200082b0                vTaskPlaceOnUnorderedEventList
 .text.vTaskPlaceOnEventListRestricted
                0x000000002000836c       0xc4 CMakeFiles/debugprobe.dir/freertos/tasks.c.obj
                0x000000002000836c                vTaskPlaceOnEventListRestricted
 .text.xTaskRemoveFromEventList
                0x0000000020008430       0xd8 CMakeFiles/debugprobe.dir/freertos/tasks.c.obj
                0x0000000020008430                xTaskRemoveFromEventList
 .text.vTaskRemoveFromUnorderedEventList
                0x0000000020008508       0x98 CMakeFiles/debugprobe.dir/freertos/tasks.c.obj
                0x0000000020008508                vTaskRemoveFromUnorderedEventList
 .text.vTaskInternalSetTimeOutState
                0x00000000200085a0       0x18 CMakeFiles/debugprobe.dir/freertos/tasks.c.obj
                0x00000000200085a0                vTaskInternalSetTimeOutState
 .text.xTaskCheckForTimeOut
                0x00000000200085b8       0x74 CMakeFiles/debugprobe.dir/freertos/tasks.c.obj
                0x00000000200085b8                xTaskCheckForTimeOut
 .text.vTaskMissedYield
                0x000000002000862c        0xc CMakeFiles/debugprobe.dir/freertos/tasks.c.obj
                0x000000002000862c                vTaskMissedYield
 .text.xTaskGetCurrentTaskHandle
                0x0000000020008638        0xc CMakeFiles/debugprobe.dir/freertos/tasks.c.obj
                0x0000000020008638                xTaskGetCurrentTaskHandle
 .text.xTaskPriorityDisinherit
                0x0000000020008644       0x64 CMakeFiles/debugprobe.dir/freertos/tasks.c.obj
                0x0000000020008644                xTaskPriorityDisinherit
 .text.uxTaskResetEventItemValue
                0x00000000200086a8       0x18 CMakeFiles/debugprobe.dir/freertos/tasks.c.obj
                0x00000000200086a8                uxTaskResetEventItemValue
 .text.prvTimerTask
                0x00000000200086c0      0x360 CMakeFiles/debugprobe.dir/freertos/timers.c.obj
 .text.xTimerCreateTimerTask
                0x0000000020008a20       0x8c CMakeFiles/debugprobe.dir/freertos/timers.c.obj
                0x0000000020008a20                xTimerCreateTimerTask
 .text.xTimerPendFunctionCallFromISR
                0x0000000020008aac       0x28 CMakeFiles/debugprobe.dir/freertos/timers.c.obj
                0x0000000020008aac                xTimerPendFunctionCallFromISR
 .text.exception_set_exclusive_handler
                0x0000000020008ad4       0x48 CMakeFiles/debugprobe.dir/home/teja/pico/pico-sdk/src/rp2_common/hardware_exception/exception.c.obj
                0x0000000020008ad4                exception_set_exclusive_handler
 .text.pvPortMalloc
                0x0000000020008b1c       0x80 CMakeFiles/debugprobe.dir/freertos/portable/MemMang/heap_1.c.obj
                0x0000000020008b1c                pvPortMalloc
 .text.vPortFree
                0x0000000020008b9c        0x4 CMakeFiles/debugprobe.dir/freertos/portable/MemMang/heap_1.c.obj
                0x0000000020008b9c                vPortFree
 .text          0x0000000020008ba0        0x4 /usr/lib/gcc/arm-none-eabi/10.3.1/thumb/v6-m/nofp/libgcc.a(_dvmd_tls.o)
                0x0000000020008ba0                __aeabi_ldiv0
                0x0000000020008ba0                __aeabi_idiv0
 .text          0x0000000020008ba4       0x5c /usr/lib/gcc/arm-none-eabi/10.3.1/../../../arm-none-eabi/lib/thumb/v6-m/nofp/libc.a(lib_a-strlen-stub.o)
                0x0000000020008ba4                strlen
 *(.fini)
 .fini          0x0000000020008c00        0x4 /usr/lib/gcc/arm-none-eabi/10.3.1/thumb/v6-m/nofp/crti.o
                0x0000000020008c00                _fini
 *crtbegin.o(.ctors)
 *crtbegin?.o(.ctors)
 *(EXCLUDE_FILE(*crtend.o *crtend?.o) .ctors)
 *(SORT_BY_NAME(.ctors.*))
 *(.ctors)
 *crtbegin.o(.dtors)
 *crtbegin?.o(.dtors)
 *(EXCLUDE_FILE(*crtend.o *crtend?.o) .dtors)
 *(SORT_BY_NAME(.dtors.*))
 *(.dtors)
 *(.eh_frame*)
 .eh_frame      0x0000000020008c04        0x0 /usr/lib/gcc/arm-none-eabi/10.3.1/thumb/v6-m/nofp/crtbegin.o
                0x0000000020008c04                . = ALIGN (0x4)
                0x0000000020008c04                __ram_text_end__ = .
                0x000000001000031c                __ram_text_source__ = LOADADDR (.text)

.glue_7         0x0000000020008c04        0x0 load address 0x0000000010008e60
 .glue_7        0x0000000020008c04        0x0 linker stubs

.glue_7t        0x0000000020008c04        0x0 load address 0x0000000010008e60
 .glue_7t       0x0000000020008c04        0x0 linker stubs

.vfp11_veneer   0x0000000020008c04        0x0 load address 0x0000000010008e60
 .vfp11_veneer  0x0000000020008c04        0x0 linker stubs

.v4_bx          0x0000000020008c04        0x0 load address 0x0000000010008e60
 .v4_bx         0x0000000020008c04        0x0 linker stubs

.iplt           0x0000000020008c04        0x0 load address 0x0000000010008e60
 .iplt          0x0000000020008c04        0x0 /usr/lib/gcc/arm-none-eabi/10.3.1/thumb/v6-m/nofp/crtbegin.o

.rel.dyn        0x0000000020008c04        0x0 load address 0x0000000010008e60
 .rel.iplt      0x0000000020008c04        0x0 /usr/lib/gcc/arm-none-eabi/10.3.1/thumb/v6-m/nofp/crtbegin.o
                0x0000000020008c04                . = ALIGN (0x4)

.data           0x0000000020008c10     0x1480 load address 0x0000000010008e60
                0x0000000020008c10                __data_start__ = .
 *(vtable)
 *(.time_critical*)
 .time_critical.mutex_try_enter_block_until
                0x0000000020008c10       0x9c CMakeFiles/debugprobe.dir/home/teja/pico/pico-sdk/src/common/pico_sync/mutex.c.obj
                0x0000000020008c10                mutex_try_enter_block_until
 .time_critical.mutex_enter_timeout_ms
                0x0000000020008cac       0x78 CMakeFiles/debugprobe.dir/home/teja/pico/pico-sdk/src/common/pico_sync/mutex.c.obj
                0x0000000020008cac                mutex_enter_timeout_ms
 .time_critical.mutex_exit
                0x0000000020008d24       0x20 CMakeFiles/debugprobe.dir/home/teja/pico/pico-sdk/src/common/pico_sync/mutex.c.obj
                0x0000000020008d24                mutex_exit
 .time_critical.flash_init_boot2_copyout
                0x0000000020008d44       0x30 CMakeFiles/debugprobe.dir/home/teja/pico/pico-sdk/src/rp2_common/hardware_flash/flash.c.obj
 .time_critical.flash_enable_xip_via_boot2
                0x0000000020008d74       0x10 CMakeFiles/debugprobe.dir/home/teja/pico/pico-sdk/src/rp2_common/hardware_flash/flash.c.obj
 .time_critical.flash_cs_force
                0x0000000020008d84       0x38 CMakeFiles/debugprobe.dir/home/teja/pico/pico-sdk/src/rp2_common/hardware_flash/flash.c.obj
 .time_critical.flash_do_cmd
                0x0000000020008dbc       0xc4 CMakeFiles/debugprobe.dir/home/teja/pico/pico-sdk/src/rp2_common/hardware_flash/flash.c.obj
                0x0000000020008dbc                flash_do_cmd
 .time_critical.reset_non_control_endpoints
                0x0000000020008e80       0xbc CMakeFiles/debugprobe.dir/home/teja/pico/pico-sdk/lib/tinyusb/src/portable/raspberrypi/rp2040/dcd_rp2040.c.obj
 .time_critical.hw_handle_buff_status
                0x0000000020008f3c       0xa8 CMakeFiles/debugprobe.dir/home/teja/pico/pico-sdk/lib/tinyusb/src/portable/raspberrypi/rp2040/dcd_rp2040.c.obj
 .time_critical.dcd_rp2040_irq
                0x0000000020008fe4      0x4e0 CMakeFiles/debugprobe.dir/home/teja/pico/pico-sdk/lib/tinyusb/src/portable/raspberrypi/rp2040/dcd_rp2040.c.obj
 .time_critical.e15_is_bulkin_ep
                0x00000000200094c4       0x28 CMakeFiles/debugprobe.dir/home/teja/pico/pico-sdk/lib/tinyusb/src/portable/raspberrypi/rp2040/rp2040_usb.c.obj
 .time_critical.e15_is_critical_frame_period
                0x00000000200094ec       0x34 CMakeFiles/debugprobe.dir/home/teja/pico/pico-sdk/lib/tinyusb/src/portable/raspberrypi/rp2040/rp2040_usb.c.obj
 .time_critical.prepare_ep_buffer
                0x0000000020009520       0x70 CMakeFiles/debugprobe.dir/home/teja/pico/pico-sdk/lib/tinyusb/src/portable/raspberrypi/rp2040/rp2040_usb.c.obj
 .time_critical.sync_ep_buffer
                0x0000000020009590       0x4c CMakeFiles/debugprobe.dir/home/teja/pico/pico-sdk/lib/tinyusb/src/portable/raspberrypi/rp2040/rp2040_usb.c.obj
 .time_critical._hw_endpoint_xfer_sync
                0x00000000200095dc       0x28 CMakeFiles/debugprobe.dir/home/teja/pico/pico-sdk/lib/tinyusb/src/portable/raspberrypi/rp2040/rp2040_usb.c.obj
 .time_critical.hw_endpoint_reset_transfer
                0x0000000020009604        0xc CMakeFiles/debugprobe.dir/home/teja/pico/pico-sdk/lib/tinyusb/src/portable/raspberrypi/rp2040/rp2040_usb.c.obj
                0x0000000020009604                hw_endpoint_reset_transfer
 .time_critical._hw_endpoint_buffer_control_update32
                0x0000000020009610       0x58 CMakeFiles/debugprobe.dir/home/teja/pico/pico-sdk/lib/tinyusb/src/portable/raspberrypi/rp2040/rp2040_usb.c.obj
                0x0000000020009610                _hw_endpoint_buffer_control_update32
 .time_critical.hw_endpoint_start_next_buffer
                0x0000000020009668       0x6c CMakeFiles/debugprobe.dir/home/teja/pico/pico-sdk/lib/tinyusb/src/portable/raspberrypi/rp2040/rp2040_usb.c.obj
                0x0000000020009668                hw_endpoint_start_next_buffer
 .time_critical.hw_endpoint_xfer_continue
                0x00000000200096d4       0x50 CMakeFiles/debugprobe.dir/home/teja/pico/pico-sdk/lib/tinyusb/src/portable/raspberrypi/rp2040/rp2040_usb.c.obj
                0x00000000200096d4                hw_endpoint_xfer_continue
 .time_critical.tinyusb
                0x0000000020009724      0x1b4 CMakeFiles/debugprobe.dir/home/teja/pico/pico-sdk/lib/tinyusb/src/device/usbd.c.obj
                0x0000000020009724                dcd_event_handler
                0x00000000200098d8                . = ALIGN (0x4)
 *(.rodata*)
 .rodata.str1.4
                0x00000000200098d8       0x6e CMakeFiles/debugprobe.dir/src/probe_config.c.obj
 *fill*         0x0000000020009946        0x2 
 .rodata.__bi_16.0
                0x0000000020009948        0xc CMakeFiles/debugprobe.dir/src/probe_config.c.obj
 .rodata.__bi_20.1
                0x0000000020009954        0xc CMakeFiles/debugprobe.dir/src/probe_config.c.obj
 .rodata.__bi_32.2
                0x0000000020009960        0xc CMakeFiles/debugprobe.dir/src/probe_config.c.obj
 .rodata.__bi_33.3
                0x000000002000996c        0xc CMakeFiles/debugprobe.dir/src/probe_config.c.obj
 .rodata.__bi_34.4
                0x0000000020009978        0xc CMakeFiles/debugprobe.dir/src/probe_config.c.obj
 .rodata.__bi_35.5
                0x0000000020009984        0xc CMakeFiles/debugprobe.dir/src/probe_config.c.obj
 .rodata.main.str1.4
                0x0000000020009990       0x10 CMakeFiles/debugprobe.dir/src/main.c.obj
 .rodata.vApplicationStackOverflowHook.str1.4
                0x00000000200099a0       0x2e CMakeFiles/debugprobe.dir/src/main.c.obj
 *fill*         0x00000000200099ce        0x2 
 .rodata.vApplicationMallocFailedHook.str1.4
                0x00000000200099d0        0xf CMakeFiles/debugprobe.dir/src/main.c.obj
 *fill*         0x00000000200099df        0x1 
 .rodata.str1.4
                0x00000000200099e0       0x77 CMakeFiles/debugprobe.dir/src/usb_descriptors.c.obj
 *fill*         0x0000000020009a57        0x1 
 .rodata.__compound_literal.0
                0x0000000020009a58        0x2 CMakeFiles/debugprobe.dir/src/usb_descriptors.c.obj
 *fill*         0x0000000020009a5a        0x2 
 .rodata.desc_bos
                0x0000000020009a5c       0x21 CMakeFiles/debugprobe.dir/src/usb_descriptors.c.obj
                0x0000000020009a5c                desc_bos
 *fill*         0x0000000020009a7d        0x3 
 .rodata.desc_device
                0x0000000020009a80       0x12 CMakeFiles/debugprobe.dir/src/usb_descriptors.c.obj
                0x0000000020009a80                desc_device
 *fill*         0x0000000020009a92        0x2 
 .rodata.desc_hid_report
                0x0000000020009a94       0x22 CMakeFiles/debugprobe.dir/src/usb_descriptors.c.obj
 *fill*         0x0000000020009ab6        0x2 
 .rodata.desc_ms_os_20
                0x0000000020009ab8       0xb2 CMakeFiles/debugprobe.dir/src/usb_descriptors.c.obj
                0x0000000020009ab8                desc_ms_os_20
 *fill*         0x0000000020009b6a        0x2 
 .rodata.probe_program
                0x0000000020009b6c        0x6 CMakeFiles/debugprobe.dir/src/probe.c.obj
 *fill*         0x0000000020009b72        0x2 
 .rodata.probe_program_instructions
                0x0000000020009b74       0x16 CMakeFiles/debugprobe.dir/src/probe.c.obj
 *fill*         0x0000000020009b8a        0x2 
 .rodata._dap_edpt_driver
                0x0000000020009b8c       0x18 CMakeFiles/debugprobe.dir/src/tusb_edpt_handler.c.obj
                0x0000000020009b8c                _dap_edpt_driver
 .rodata.DAP_ProcessCommand.str1.4
                0x0000000020009ba4        0x6 CMakeFiles/debugprobe.dir/CMSIS_5/CMSIS/DAP/Firmware/Source/DAP.c.obj
 *fill*         0x0000000020009baa        0x2 
 .rodata.DAP_ProcessCommand
                0x0000000020009bac       0x78 CMakeFiles/debugprobe.dir/CMSIS_5/CMSIS/DAP/Firmware/Source/DAP.c.obj
 .rodata.hardware_alarm_claim.str1.4
                0x0000000020009c24       0x22 CMakeFiles/debugprobe.dir/home/teja/pico/pico-sdk/src/rp2_common/hardware_timer/timer.c.obj
 *fill*         0x0000000020009c46        0x2 
 .rodata.spin_lock_claim_unused.str1.4
                0x0000000020009c48       0x1b CMakeFiles/debugprobe.dir/home/teja/pico/pico-sdk/src/rp2_common/hardware_sync/sync.c.obj
 *fill*         0x0000000020009c63        0x1 
 .rodata.panic.str1.4
                0x0000000020009c64       0x10 CMakeFiles/debugprobe.dir/home/teja/pico/pico-sdk/src/rp2_common/pico_runtime/runtime.c.obj
                                         0x12 (size before relaxing)
 .rodata.panic_unsupported.str1.4
                0x0000000020009c74        0xe CMakeFiles/debugprobe.dir/home/teja/pico/pico-sdk/src/rp2_common/pico_runtime/runtime.c.obj
 *fill*         0x0000000020009c82        0x2 
 .rodata.hard_assertion_failure.str1.4
                0x0000000020009c84        0xc CMakeFiles/debugprobe.dir/home/teja/pico/pico-sdk/src/rp2_common/pico_runtime/runtime.c.obj
 .rodata.str1.4
                0x0000000020009c90       0x40 CMakeFiles/debugprobe.dir/home/teja/pico/pico-sdk/src/rp2_common/pico_standard_link/binary_info.c.obj
 .rodata.__bi_44
                0x0000000020009cd0        0xc CMakeFiles/debugprobe.dir/home/teja/pico/pico-sdk/src/rp2_common/pico_standard_link/binary_info.c.obj
 .rodata.__bi_75
                0x0000000020009cdc        0xc CMakeFiles/debugprobe.dir/home/teja/pico/pico-sdk/src/rp2_common/pico_standard_link/binary_info.c.obj
 .rodata.__bi_81
                0x0000000020009ce8        0xc CMakeFiles/debugprobe.dir/home/teja/pico/pico-sdk/src/rp2_common/pico_standard_link/binary_info.c.obj
 .rodata.crlf_str.0
                0x0000000020009cf4        0x2 CMakeFiles/debugprobe.dir/home/teja/pico/pico-sdk/src/rp2_common/pico_stdio/stdio.c.obj
 *fill*         0x0000000020009cf6        0x2 
 .rodata.str1.4
                0x0000000020009cf8       0x2c CMakeFiles/debugprobe.dir/home/teja/pico/pico-sdk/src/rp2_common/pico_stdio_uart/stdio_uart.c.obj
 .rodata.__bi_33.4
                0x0000000020009d24        0xc CMakeFiles/debugprobe.dir/home/teja/pico/pico-sdk/src/rp2_common/pico_stdio_uart/stdio_uart.c.obj
 .rodata.__bi_34.5
                0x0000000020009d30        0x8 CMakeFiles/debugprobe.dir/home/teja/pico/pico-sdk/src/rp2_common/pico_stdio_uart/stdio_uart.c.obj
 .rodata.str1.4
                0x0000000020009d38       0x14 CMakeFiles/debugprobe.dir/home/teja/pico/pico-sdk/lib/tinyusb/src/portable/raspberrypi/rp2040/dcd_rp2040.c.obj
 .rodata.str1.4
                0x0000000020009d4c       0x49 CMakeFiles/debugprobe.dir/home/teja/pico/pico-sdk/lib/tinyusb/src/portable/raspberrypi/rp2040/rp2040_usb.c.obj
                                         0x53 (size before relaxing)
 *fill*         0x0000000020009d95        0x3 
 .rodata.tud_task_ext
                0x0000000020009d98       0x8c CMakeFiles/debugprobe.dir/home/teja/pico/pico-sdk/lib/tinyusb/src/device/usbd.c.obj
 .rodata._usbd_driver
                0x0000000020009e24       0x48 CMakeFiles/debugprobe.dir/home/teja/pico/pico-sdk/lib/tinyusb/src/device/usbd.c.obj
 .rodata.hidd_control_xfer_cb
                0x0000000020009e6c       0x30 CMakeFiles/debugprobe.dir/home/teja/pico/pico-sdk/lib/tinyusb/src/class/hid/hid_device.c.obj
 .rodata.str1.4
                0x0000000020009e9c        0x4 CMakeFiles/debugprobe.dir/home/teja/pico/pico-sdk/lib/tinyusb/hw/bsp/rp2040/family.c.obj
 .rodata.__bi_142.0
                0x0000000020009ea0        0xc CMakeFiles/debugprobe.dir/home/teja/pico/pico-sdk/lib/tinyusb/hw/bsp/rp2040/family.c.obj
 .rodata.__bi_152.1
                0x0000000020009eac        0x8 CMakeFiles/debugprobe.dir/home/teja/pico/pico-sdk/lib/tinyusb/hw/bsp/rp2040/family.c.obj
 .rodata.pio_add_program.str1.4
                0x0000000020009eb4       0x11 CMakeFiles/debugprobe.dir/home/teja/pico/pico-sdk/src/rp2_common/hardware_pio/pio.c.obj
 *fill*         0x0000000020009ec5        0x3 
 .rodata.prvTimerTask
                0x0000000020009ec8       0x28 CMakeFiles/debugprobe.dir/freertos/timers.c.obj
 .rodata.xTimerCreateTimerTask.str1.4
                0x0000000020009ef0       0x10 CMakeFiles/debugprobe.dir/freertos/timers.c.obj
                0x0000000020009f00                . = ALIGN (0x4)
 *(.data*)
 .data.desc_configuration
                0x0000000020009f00       0x62 CMakeFiles/debugprobe.dir/src/usb_descriptors.c.obj
                0x0000000020009f00                desc_configuration
 *fill*         0x0000000020009f62        0x2 
 .data.string_desc_arr
                0x0000000020009f64       0x1c CMakeFiles/debugprobe.dir/src/usb_descriptors.c.obj
                0x0000000020009f64                string_desc_arr
 .data.interval
                0x0000000020009f80        0x4 CMakeFiles/debugprobe.dir/src/cdc_uart.c.obj
                0x0000000020009f80                interval
 .data.default_alarm_pool
                0x0000000020009f84       0x18 CMakeFiles/debugprobe.dir/home/teja/pico/pico-sdk/src/common/pico_time/time.c.obj
 .data.default_alarm_pool_heap
                0x0000000020009f9c       0x10 CMakeFiles/debugprobe.dir/home/teja/pico/pico-sdk/src/common/pico_time/time.c.obj
 .data.striped_spin_lock_num
                0x0000000020009fac        0x1 CMakeFiles/debugprobe.dir/home/teja/pico/pico-sdk/src/rp2_common/hardware_sync/sync.c.obj
 *fill*         0x0000000020009fad        0x3 
 .data          0x0000000020009fb0       0x48 CMakeFiles/debugprobe.dir/home/teja/pico/pico-sdk/src/rp2_common/hardware_irq/irq_handler_chain.S.obj
                0x0000000020009fb0                irq_handler_chain_slots
                0x0000000020009fe0                irq_handler_chain_first_slot
                0x0000000020009fea                irq_handler_chain_remove_tail
 *fill*         0x0000000020009ff8        0x8 
 .data.aeabi_bits_funcs
                0x000000002000a000       0x10 CMakeFiles/debugprobe.dir/home/teja/pico/pico-sdk/src/rp2_common/pico_bit_ops/bit_ops_aeabi.S.obj
                0x000000002000a000                aeabi_bits_funcs
                0x000000002000a010                aeabi_bits_funcs_end
 .data.aeabi_mem_funcs
                0x000000002000a010       0x10 CMakeFiles/debugprobe.dir/home/teja/pico/pico-sdk/src/rp2_common/pico_mem_ops/mem_ops_aeabi.S.obj
                0x000000002000a010                aeabi_mem_funcs
                0x000000002000a020                aeabi_mem_funcs_end
 .data.stdio_uart
                0x000000002000a020       0x18 CMakeFiles/debugprobe.dir/home/teja/pico/pico-sdk/src/rp2_common/pico_stdio_uart/stdio_uart.c.obj
                0x000000002000a020                stdio_uart
 .data.ep_dir_string
                0x000000002000a038        0x8 CMakeFiles/debugprobe.dir/home/teja/pico/pico-sdk/lib/tinyusb/src/portable/raspberrypi/rp2040/rp2040_usb.c.obj
                0x000000002000a038                ep_dir_string
 .data._usbd_qdef
                0x000000002000a040       0x1c CMakeFiles/debugprobe.dir/home/teja/pico/pico-sdk/lib/tinyusb/src/device/usbd.c.obj
                0x000000002000a040                _usbd_qdef
 .data._usbd_rhport
                0x000000002000a05c        0x1 CMakeFiles/debugprobe.dir/home/teja/pico/pico-sdk/lib/tinyusb/src/device/usbd.c.obj
 .data.ucLaunchCoreNum
                0x000000002000a05d        0x1 CMakeFiles/debugprobe.dir/freertos/portable/ThirdParty/GCC/RP2040/port.c.obj
 *fill*         0x000000002000a05e        0x2 
 .data.uxTopUsedPriority
                0x000000002000a060        0x4 CMakeFiles/debugprobe.dir/freertos/tasks.c.obj
                0x000000002000a060                uxTopUsedPriority
                0x000000002000a064                . = ALIGN (0x4)
 *(.after_data.*)
                0x000000002000a064                . = ALIGN (0x4)
                0x000000002000a064                PROVIDE (__mutex_array_start = .)
 *(SORT_BY_NAME(.mutex_array.*))
 *(.mutex_array)
 .mutex_array   0x000000002000a064        0x8 CMakeFiles/debugprobe.dir/home/teja/pico/pico-sdk/src/rp2_common/pico_malloc/pico_malloc.c.obj
 .mutex_array   0x000000002000a06c        0x8 CMakeFiles/debugprobe.dir/home/teja/pico/pico-sdk/src/rp2_common/pico_stdio/stdio.c.obj
                0x000000002000a074                PROVIDE (__mutex_array_end = .)
                0x000000002000a074                . = ALIGN (0x4)
                0x000000002000a074                PROVIDE (__preinit_array_start = .)
 *(SORT_BY_NAME(.preinit_array.*))
 .preinit_array.00001
                0x000000002000a074        0x4 CMakeFiles/debugprobe.dir/home/teja/pico/pico-sdk/src/rp2_common/pico_mem_ops/mem_ops_aeabi.S.obj
 .preinit_array.00010
                0x000000002000a078        0x4 CMakeFiles/debugprobe.dir/home/teja/pico/pico-sdk/src/rp2_common/pico_bit_ops/bit_ops_aeabi.S.obj
 .preinit_array.00020
                0x000000002000a07c        0x4 CMakeFiles/debugprobe.dir/home/teja/pico/pico-sdk/src/rp2_common/pico_double/double_aeabi.S.obj
 .preinit_array.00020
                0x000000002000a080        0x4 CMakeFiles/debugprobe.dir/home/teja/pico/pico-sdk/src/rp2_common/pico_float/float_aeabi.S.obj
 *(.preinit_array)
                0x000000002000a084                PROVIDE (__preinit_array_end = .)
                0x000000002000a084                . = ALIGN (0x4)
                0x000000002000a084                PROVIDE (__init_array_start = .)
 *(SORT_BY_NAME(.init_array.*))
 *(.init_array)
 .init_array    0x000000002000a084        0x4 /usr/lib/gcc/arm-none-eabi/10.3.1/thumb/v6-m/nofp/crtbegin.o
 .init_array    0x000000002000a088        0x4 CMakeFiles/debugprobe.dir/home/teja/pico/pico-sdk/src/rp2_common/pico_unique_id/unique_id.c.obj
 .init_array    0x000000002000a08c        0x4 CMakeFiles/debugprobe.dir/freertos/portable/ThirdParty/GCC/RP2040/port.c.obj
                0x000000002000a090                PROVIDE (__init_array_end = .)
                0x000000002000a090                . = ALIGN (0x4)
                0x000000002000a090                PROVIDE (__fini_array_start = .)
 *(SORT_BY_NAME(.fini_array.*))
 *(.fini_array)
                0x000000002000a090                PROVIDE (__fini_array_end = .)
 *(.jcr)
                0x000000002000a090                . = ALIGN (0x4)
                0x000000002000a090                __data_end__ = .
                0x0000000010008e60                __etext = LOADADDR (.data)

.tm_clone_table
                0x000000002000a090        0x0 load address 0x000000001000a2e0
 .tm_clone_table
                0x000000002000a090        0x0 /usr/lib/gcc/arm-none-eabi/10.3.1/thumb/v6-m/nofp/crtbegin.o
 .tm_clone_table
                0x000000002000a090        0x0 /usr/lib/gcc/arm-none-eabi/10.3.1/thumb/v6-m/nofp/crtend.o

.igot.plt       0x000000002000a090        0x0 load address 0x000000001000a2e0
 .igot.plt      0x000000002000a090        0x0 /usr/lib/gcc/arm-none-eabi/10.3.1/thumb/v6-m/nofp/crtbegin.o

.uninitialized_data
                0x000000002000a090        0x0 load address 0x000000001000a2e0
                0x000000002000a090                . = ALIGN (0x4)
 *(.uninitialized_data*)

.scratch_x      0x0000000020040000        0x0 load address 0x000000001000a2e0
                0x0000000020040000                __scratch_x_start__ = .
 *(.scratch_x.*)
                0x0000000020040000                . = ALIGN (0x4)
                0x0000000020040000                __scratch_x_end__ = .
                0x000000001000a2e0                __scratch_x_source__ = LOADADDR (.scratch_x)

.scratch_y      0x0000000020041000        0x0 load address 0x000000001000a2e0
                0x0000000020041000                __scratch_y_start__ = .
 *(.scratch_y.*)
                0x0000000020041000                . = ALIGN (0x4)
                0x0000000020041000                __scratch_y_end__ = .
                0x000000001000a2e0                __scratch_y_source__ = LOADADDR (.scratch_y)

.bss            0x000000002000a090    0x16390
                0x000000002000a090                . = ALIGN (0x4)
                0x000000002000a090                __bss_start__ = .
 *(SORT_BY_ALIGNMENT(SORT_BY_NAME(.bss*)))
 .bss.default_alarm_pool_entries
                0x000000002000a090      0x100 CMakeFiles/debugprobe.dir/home/teja/pico/pico-sdk/src/common/pico_time/time.c.obj
 .bss.sd_table  0x000000002000a190      0x100 CMakeFiles/debugprobe.dir/home/teja/pico/pico-sdk/src/rp2_common/pico_double/double_init_rom.c.obj
                0x000000002000a190                sd_table
 .bss.sf_table  0x000000002000a290      0x100 CMakeFiles/debugprobe.dir/home/teja/pico/pico-sdk/src/rp2_common/pico_float/float_init_rom.c.obj
                0x000000002000a290                sf_table
 .bss.xQueueRegistry
                0x000000002000a390       0x40 CMakeFiles/debugprobe.dir/freertos/queue.c.obj
                0x000000002000a390                xQueueRegistry
 .bss           0x000000002000a3d0       0x1c /usr/lib/gcc/arm-none-eabi/10.3.1/thumb/v6-m/nofp/crtbegin.o
 .bss.DAPRequestBuffer
                0x000000002000a3ec       0x40 CMakeFiles/debugprobe.dir/src/tusb_edpt_handler.c.obj
 .bss.DAPResponseBuffer
                0x000000002000a42c       0x40 CMakeFiles/debugprobe.dir/src/tusb_edpt_handler.c.obj
 .bss.DAP_Data  0x000000002000a46c       0x1c CMakeFiles/debugprobe.dir/CMSIS_5/CMSIS/DAP/Firmware/Source/DAP.c.obj
                0x000000002000a46c                DAP_Data
 .bss.TxDataBuffer
                0x000000002000a488       0x40 CMakeFiles/debugprobe.dir/src/main.c.obj
 .bss.USBRequestBuffer
                0x000000002000a4c8       0x8c CMakeFiles/debugprobe.dir/src/tusb_edpt_handler.c.obj
 .bss.USBResponseBuffer
                0x000000002000a554       0x8c CMakeFiles/debugprobe.dir/src/tusb_edpt_handler.c.obj
 .bss._app_driver
                0x000000002000a5e0        0x4 CMakeFiles/debugprobe.dir/home/teja/pico/pico-sdk/lib/tinyusb/src/device/usbd.c.obj
 .bss._cdcd_itf
                0x000000002000a5e4     0x1148 CMakeFiles/debugprobe.dir/home/teja/pico/pico-sdk/lib/tinyusb/src/class/cdc/cdc_device.c.obj
 .bss._ctrl_xfer
                0x000000002000b72c       0x14 CMakeFiles/debugprobe.dir/home/teja/pico/pico-sdk/lib/tinyusb/src/device/usbd_control.c.obj
 .bss._desc_str
                0x000000002000b740       0x40 CMakeFiles/debugprobe.dir/src/usb_descriptors.c.obj
 .bss._hidd_itf
                0x000000002000b780       0x8c CMakeFiles/debugprobe.dir/home/teja/pico/pico-sdk/lib/tinyusb/src/class/hid/hid_device.c.obj
 .bss._resp_len
                0x000000002000b80c        0x4 CMakeFiles/debugprobe.dir/src/tusb_edpt_handler.c.obj
                0x000000002000b80c                _resp_len
 .bss._ubsd_mutexdef