Archive member included to satisfy reference by file (symbol)

/usr/lib/gcc/arm-none-eabi/13.2.1/thumb/v6-m/nofp/libgcc.a(_dvmd_tls.o)
                              CMakeFiles/debugprobe.dir/home/teja/pico/pico-sdk/src/rp2_common/pico_divider/divider.S.obj (__aeabi_idiv0)
/usr/lib/gcc/arm-none-eabi/13.2.1/thumb/v6-m/nofp/libgcc.a(_paritysi2.o)
                              CMakeFiles/debugprobe.dir/src/sw_dp_pio.c.obj (__paritysi2)
/usr/lib/gcc/arm-none-eabi/13.2.1/../../../arm-none-eabi/lib/thumb/v6-m/nofp/libc.a(libc_a-calloc.o)
                              CMakeFiles/debugprobe.dir/home/teja/pico/pico-sdk/src/rp2_common/pico_malloc/pico_malloc.c.obj (calloc)
/usr/lib/gcc/arm-none-eabi/13.2.1/../../../arm-none-eabi/lib/thumb/v6-m/nofp/libc.a(libc_a-impure.o)
                              /usr/lib/gcc/arm-none-eabi/13.2.1/../../../arm-none-eabi/lib/thumb/v6-m/nofp/libc.a(libc_a-calloc.o) (_impure_ptr)
/usr/lib/gcc/arm-none-eabi/13.2.1/../../../arm-none-eabi/lib/thumb/v6-m/nofp/libc.a(libc_a-callocr.o)
                              /usr/lib/gcc/arm-none-eabi/13.2.1/../../../arm-none-eabi/lib/thumb/v6-m/nofp/libc.a(libc_a-calloc.o) (_calloc_r)
/usr/lib/gcc/arm-none-eabi/13.2.1/../../../arm-none-eabi/lib/thumb/v6-m/nofp/libc.a(libc_a-realloc.o)
                              CMakeFiles/debugprobe.dir/home/teja/pico/pico-sdk/src/rp2_common/pico_malloc/pico_malloc.c.obj (realloc)
/usr/lib/gcc/arm-none-eabi/13.2.1/../../../arm-none-eabi/lib/thumb/v6-m/nofp/libc.a(libc_a-mallocr.o)
                              /usr/lib/gcc/arm-none-eabi/13.2.1/../../../arm-none-eabi/lib/thumb/v6-m/nofp/libc.a(libc_a-callocr.o) (_malloc_r)
/usr/lib/gcc/arm-none-eabi/13.2.1/../../../arm-none-eabi/lib/thumb/v6-m/nofp/libc.a(libc_a-freer.o)
                              /usr/lib/gcc/arm-none-eabi/13.2.1/../../../arm-none-eabi/lib/thumb/v6-m/nofp/libc.a(libc_a-mallocr.o) (_free_r)
/usr/lib/gcc/arm-none-eabi/13.2.1/../../../arm-none-eabi/lib/thumb/v6-m/nofp/libc.a(libc_a-malloc.o)
                              CMakeFiles/debugprobe.dir/home/teja/pico/pico-sdk/src/rp2_common/pico_malloc/pico_malloc.c.obj (malloc)
/usr/lib/gcc/arm-none-eabi/13.2.1/../../../arm-none-eabi/lib/thumb/v6-m/nofp/libc.a(libc_a-sysconf.o)
                              /usr/lib/gcc/arm-none-eabi/13.2.1/../../../arm-none-eabi/lib/thumb/v6-m/nofp/libc.a(libc_a-mallocr.o) (sysconf)
/usr/lib/gcc/arm-none-eabi/13.2.1/../../../arm-none-eabi/lib/thumb/v6-m/nofp/libc.a(libc_a-init.o)
                              /usr/lib/gcc/arm-none-eabi/13.2.1/../../../arm-none-eabi/lib/thumb/v6-m/nofp/crt0.o (__libc_init_array)
/usr/lib/gcc/arm-none-eabi/13.2.1/../../../arm-none-eabi/lib/thumb/v6-m/nofp/libc.a(libc_a-reallocr.o)
                              /usr/lib/gcc/arm-none-eabi/13.2.1/../../../arm-none-eabi/lib/thumb/v6-m/nofp/libc.a(libc_a-realloc.o) (_realloc_r)
/usr/lib/gcc/arm-none-eabi/13.2.1/../../../arm-none-eabi/lib/thumb/v6-m/nofp/libc.a(libc_a-mlock.o)
                              /usr/lib/gcc/arm-none-eabi/13.2.1/../../../arm-none-eabi/lib/thumb/v6-m/nofp/libc.a(libc_a-mallocr.o) (__malloc_lock)
/usr/lib/gcc/arm-none-eabi/13.2.1/../../../arm-none-eabi/lib/thumb/v6-m/nofp/libc.a(libc_a-findfp.o)
                              /usr/lib/gcc/arm-none-eabi/13.2.1/../../../arm-none-eabi/lib/thumb/v6-m/nofp/libc.a(libc_a-impure.o) (__sf)
/usr/lib/gcc/arm-none-eabi/13.2.1/../../../arm-none-eabi/lib/thumb/v6-m/nofp/libc.a(libc_a-atexit.o)
                              /usr/lib/gcc/arm-none-eabi/13.2.1/../../../arm-none-eabi/lib/thumb/v6-m/nofp/crt0.o (atexit)
/usr/lib/gcc/arm-none-eabi/13.2.1/../../../arm-none-eabi/lib/thumb/v6-m/nofp/libc.a(libc_a-strlen-stub.o)
                              CMakeFiles/debugprobe.dir/src/usb_descriptors.c.obj (strlen)
/usr/lib/gcc/arm-none-eabi/13.2.1/../../../arm-none-eabi/lib/thumb/v6-m/nofp/libc.a(libc_a-sbrkr.o)
                              /usr/lib/gcc/arm-none-eabi/13.2.1/../../../arm-none-eabi/lib/thumb/v6-m/nofp/libc.a(libc_a-mallocr.o) (_sbrk_r)
/usr/lib/gcc/arm-none-eabi/13.2.1/../../../arm-none-eabi/lib/thumb/v6-m/nofp/libc.a(libc_a-fini.o)
                              /usr/lib/gcc/arm-none-eabi/13.2.1/../../../arm-none-eabi/lib/thumb/v6-m/nofp/crt0.o (__libc_fini_array)
/usr/lib/gcc/arm-none-eabi/13.2.1/../../../arm-none-eabi/lib/thumb/v6-m/nofp/libc.a(libc_a-fwalk.o)
                              /usr/lib/gcc/arm-none-eabi/13.2.1/../../../arm-none-eabi/lib/thumb/v6-m/nofp/libc.a(libc_a-findfp.o) (_fwalk_sglue)
/usr/lib/gcc/arm-none-eabi/13.2.1/../../../arm-none-eabi/lib/thumb/v6-m/nofp/libc.a(libc_a-memmove.o)
                              /usr/lib/gcc/arm-none-eabi/13.2.1/../../../arm-none-eabi/lib/thumb/v6-m/nofp/libc.a(libc_a-reallocr.o) (memmove)
/usr/lib/gcc/arm-none-eabi/13.2.1/../../../arm-none-eabi/lib/thumb/v6-m/nofp/libc.a(libc_a-errno.o)
                              /usr/lib/gcc/arm-none-eabi/13.2.1/../../../arm-none-eabi/lib/thumb/v6-m/nofp/libc.a(libc_a-callocr.o) (__errno)
[...]
Memory Configuration

Name             Origin             Length             Attributes
FLASH            0x10000000         0x00200000         xr
RAM              0x20000000         0x00040000         xrw
SCRATCH_X        0x20040000         0x00001000         xrw
SCRATCH_Y        0x20041000         0x00001000         xrw
*default*        0x00000000         0xffffffff

Linker script and memory map

LOAD /usr/lib/gcc/arm-none-eabi/13.2.1/thumb/v6-m/nofp/crti.o
LOAD /usr/lib/gcc/arm-none-eabi/13.2.1/thumb/v6-m/nofp/crtbegin.o
LOAD /usr/lib/gcc/arm-none-eabi/13.2.1/../../../arm-none-eabi/lib/thumb/v6-m/nofp/crt0.o

.flash_begin    0x10000000        0x0
                0x10000000                        __flash_binary_start = .

.boot2          0x10000000      0x100
                0x10000000                        __boot2_start__ = .
 *(.boot2)
 .boot2         0x10000000      0x100 /tmp/ccjkmQhU.o
                0x10000100                        __boot2_end__ = .
                0x00000001                        ASSERT (((__boot2_end__ - __boot2_start__) == 0x100), ERROR: Pico second stage bootloader must be 256 bytes in size)

.flashtext      0x10000100      0x1d8
                0x10000100                        __logical_binary_start = .
 *(.vectors)
 .vectors       0x10000100       0xd4 CMakeFiles/debugprobe.dir/home/teja/pico/pico-sdk/src/rp2_common/pico_standard_link/crt0.S.obj
                0x10000100                __vectors
                0x10000100                __VECTOR_TABLE
                0x100001c0                isr_invalid
                0x100001c0                __default_isrs_start
                0x100001c2                isr_nmi
                0x100001c4                isr_hardfault
                0x100001c6                isr_svcall
                0x100001c8                isr_pendsv
                0x100001ca                isr_systick
                0x100001cc                isr_irq30
                0x100001cc                __unhandled_user_irq
                0x100001cc                isr_irq13
                0x100001cc                isr_irq27
                0x100001cc                isr_irq31
                0x100001cc                isr_irq5
                0x100001cc                isr_irq11
                0x100001cc                isr_irq23
                0x100001cc                isr_irq18
                0x100001cc                isr_irq28
                0x100001cc                isr_irq19
                0x100001cc                isr_irq0
                0x100001cc                isr_irq6
                0x100001cc                isr_irq22
                0x100001cc                isr_irq17
                0x100001cc                isr_irq14
                0x100001cc                isr_irq2
                0x100001cc                isr_irq10
                0x100001cc                isr_irq8
                0x100001cc                isr_irq24
                0x100001cc                isr_irq1
                0x100001cc                isr_irq7
                0x100001cc                isr_irq21
                0x100001cc                isr_irq20
                0x100001cc                isr_irq15
                0x100001cc                isr_irq25
                0x100001cc                isr_irq4
                0x100001cc                isr_irq16
                0x100001cc                isr_irq29
                0x100001cc                isr_irq26
                0x100001cc                __default_isrs_end
                0x100001cc                isr_irq3
                0x100001cc                isr_irq12
                0x100001cc                isr_irq9
                0x100001d2                unhandled_user_irq_num_in_r0
 *(.binary_info_header)
 .binary_info_header
                0x100001d4       0x14 CMakeFiles/debugprobe.dir/home/teja/pico/pico-sdk/src/rp2_common/pico_standard_link/crt0.S.obj
                0x100001e8                        __binary_info_header_end = .
 *(.reset)
 .reset         0x100001e8       0xac CMakeFiles/debugprobe.dir/home/teja/pico/pico-sdk/src/rp2_common/pico_standard_link/crt0.S.obj
                0x100001e8                _entry_point
 *fill*         0x10000294        0x4 
 .reset.__stub  0x10000298       0x10 linker stubs
 .reset         0x100002a8       0x30 CMakeFiles/debugprobe.dir/home/teja/pico/pico-sdk/src/rp2_common/pico_standard_link/binary_info.c.obj

.rodata         0x100002d8        0x0
 *(SORT_BY_ALIGNMENT(SORT_BY_NAME(.flashdata*)))
                0x100002d8                        . = ALIGN (0x4)

.ARM.extab
 *(.ARM.extab* .gnu.linkonce.armextab.*)
                0x100002d8                        __exidx_start = .

.ARM.exidx
 *(.ARM.exidx* .gnu.linkonce.armexidx.*)
                0x100002d8                        __exidx_end = .
                0x100002d8                        . = ALIGN (0x4)
                0x100002d8                        __binary_info_start = .

.binary_info    0x100002d8       0x44
 *(.binary_info.keep.*)
 .binary_info.keep.__bi_ptr35
                0x100002d8        0x4 CMakeFiles/debugprobe.dir/src/probe_config.c.obj
 .binary_info.keep.__bi_ptr34
                0x100002dc        0x4 CMakeFiles/debugprobe.dir/src/probe_config.c.obj
 .binary_info.keep.__bi_ptr33
                0x100002e0        0x4 CMakeFiles/debugprobe.dir/src/probe_config.c.obj
 .binary_info.keep.__bi_ptr32
                0x100002e4        0x4 CMakeFiles/debugprobe.dir/src/probe_config.c.obj
 .binary_info.keep.__bi_ptr20
                0x100002e8        0x4 CMakeFiles/debugprobe.dir/src/probe_config.c.obj
 .binary_info.keep.__bi_ptr16
                0x100002ec        0x4 CMakeFiles/debugprobe.dir/src/probe_config.c.obj
 .binary_info.keep.__bi_ptr81
                0x100002f0        0x4 CMakeFiles/debugprobe.dir/home/teja/pico/pico-sdk/src/rp2_common/pico_standard_link/binary_info.c.obj
 .binary_info.keep.__bi_ptr75
                0x100002f4        0x4 CMakeFiles/debugprobe.dir/home/teja/pico/pico-sdk/src/rp2_common/pico_standard_link/binary_info.c.obj
 .binary_info.keep.__bi_ptr50
                0x100002f8        0x4 CMakeFiles/debugprobe.dir/home/teja/pico/pico-sdk/src/rp2_common/pico_standard_link/binary_info.c.obj
 .binary_info.keep.__bi_ptr44
                0x100002fc        0x4 CMakeFiles/debugprobe.dir/home/teja/pico/pico-sdk/src/rp2_common/pico_standard_link/binary_info.c.obj
 .binary_info.keep.__bi_ptr38
                0x10000300        0x4 CMakeFiles/debugprobe.dir/home/teja/pico/pico-sdk/src/rp2_common/pico_standard_link/binary_info.c.obj
 .binary_info.keep.__bi_ptr30
                0x10000304        0x4 CMakeFiles/debugprobe.dir/home/teja/pico/pico-sdk/src/rp2_common/pico_standard_link/binary_info.c.obj
 .binary_info.keep.__bi_ptr22
                0x10000308        0x4 CMakeFiles/debugprobe.dir/home/teja/pico/pico-sdk/src/rp2_common/pico_standard_link/binary_info.c.obj
 .binary_info.keep.__bi_ptr152
                0x1000030c        0x4 CMakeFiles/debugprobe.dir/home/teja/pico/pico-sdk/lib/tinyusb/hw/bsp/rp2040/family.c.obj
 .binary_info.keep.__bi_ptr142
                0x10000310        0x4 CMakeFiles/debugprobe.dir/home/teja/pico/pico-sdk/lib/tinyusb/hw/bsp/rp2040/family.c.obj
 *(.binary_info.*)
 .binary_info.__bi_ptr34
                0x10000314        0x4 CMakeFiles/debugprobe.dir/home/teja/pico/pico-sdk/src/rp2_common/pico_stdio_uart/stdio_uart.c.obj
 .binary_info.__bi_ptr33
                0x10000318        0x4 CMakeFiles/debugprobe.dir/home/teja/pico/pico-sdk/src/rp2_common/pico_stdio_uart/stdio_uart.c.obj
                0x1000031c                        __binary_info_end = .
                0x1000031c                        . = ALIGN (0x4)

.ram_vector_table
                0x20000000       0xc0
 *(.ram_vector_table)
 .ram_vector_table
                0x20000000       0xc0 CMakeFiles/debugprobe.dir/home/teja/pico/pico-sdk/src/rp2_common/pico_runtime/runtime.c.obj
                0x20000000                ram_vector_table

.text           0x200000c0     0x8b68 load address 0x1000031c
                0x200000c0                        __ram_text_start__ = .
 *(.init)
 .init          0x200000c0        0x4 /usr/lib/gcc/arm-none-eabi/13.2.1/thumb/v6-m/nofp/crti.o
                0x200000c0                _init
 *(.text*)
 .text          0x200000c4       0x98 /usr/lib/gcc/arm-none-eabi/13.2.1/thumb/v6-m/nofp/crtbegin.o
 .text.bi_decl_config
                0x2000015c        0x4 CMakeFiles/debugprobe.dir/src/probe_config.c.obj
                0x2000015c                bi_decl_config
 .text.led_init
                0x20000160       0x14 CMakeFiles/debugprobe.dir/src/led.c.obj
                0x20000160                led_init
 .text.usb_thread
                0x20000174       0x54 CMakeFiles/debugprobe.dir/src/main.c.obj
                0x20000174                usb_thread
 .text.startup.main
                0x200001c8       0x94 CMakeFiles/debugprobe.dir/src/main.c.obj
                0x200001c8                main
 .text.tud_hid_get_report_cb
                0x2000025c        0x4 CMakeFiles/debugprobe.dir/src/main.c.obj
                0x2000025c                tud_hid_get_report_cb
 .text.tud_hid_set_report_cb
                0x20000260       0x2c CMakeFiles/debugprobe.dir/src/main.c.obj
                0x20000260                tud_hid_set_report_cb
 .text.tud_vendor_control_xfer_cb
                0x2000028c       0x54 CMakeFiles/debugprobe.dir/src/main.c.obj
                0x2000028c                tud_vendor_control_xfer_cb
 .text.vApplicationTickHook
                0x200002e0        0x4 CMakeFiles/debugprobe.dir/src/main.c.obj
                0x200002e0                vApplicationTickHook
 .text.vApplicationStackOverflowHook
                0x200002e4       0x10 CMakeFiles/debugprobe.dir/src/main.c.obj
                0x200002e4                vApplicationStackOverflowHook
 .text.vApplicationMallocFailedHook
                0x200002f4        0xc CMakeFiles/debugprobe.dir/src/main.c.obj
                0x200002f4                vApplicationMallocFailedHook
 .text.tud_descriptor_device_cb
                0x20000300        0x8 CMakeFiles/debugprobe.dir/src/usb_descriptors.c.obj
                0x20000300                tud_descriptor_device_cb
 .text.tud_hid_descriptor_report_cb
                0x20000308        0x8 CMakeFiles/debugprobe.dir/src/usb_descriptors.c.obj
                0x20000308                tud_hid_descriptor_report_cb
 .text.tud_descriptor_configuration_cb
                0x20000310       0x10 CMakeFiles/debugprobe.dir/src/usb_descriptors.c.obj
                0x20000310                tud_descriptor_configuration_cb
 .text.tud_descriptor_string_cb
                0x20000320       0x70 CMakeFiles/debugprobe.dir/src/usb_descriptors.c.obj
                0x20000320                tud_descriptor_string_cb
 .text.tud_descriptor_bos_cb
                0x20000390        0x8 CMakeFiles/debugprobe.dir/src/usb_descriptors.c.obj
                0x20000390                tud_descriptor_bos_cb
 .text.probe_set_swclk_freq
                0x20000398       0x34 CMakeFiles/debugprobe.dir/src/probe.c.obj
                0x20000398                probe_set_swclk_freq
 .text.probe_write_bits
                0x200003cc       0x3c CMakeFiles/debugprobe.dir/src/probe.c.obj
                0x200003cc                probe_write_bits
 .text.probe_hiz_clocks
                0x20000408       0x38 CMakeFiles/debugprobe.dir/src/probe.c.obj
                0x20000408                probe_hiz_clocks
 .text.probe_read_bits
                0x20000440       0x44 CMakeFiles/debugprobe.dir/src/probe.c.obj
                0x20000440                probe_read_bits
 .text.probe_read_mode
                0x20000484       0x34 CMakeFiles/debugprobe.dir/src/probe.c.obj
                0x20000484                probe_read_mode
 .text.probe_write_mode
                0x200004b8       0x38 CMakeFiles/debugprobe.dir/src/probe.c.obj
                0x200004b8                probe_write_mode
 .text.probe_init
                0x200004f0       0xc8 CMakeFiles/debugprobe.dir/src/probe.c.obj
                0x200004f0                probe_init
 .text.probe_deinit
                0x200005b8       0x54 CMakeFiles/debugprobe.dir/src/probe.c.obj
                0x200005b8                probe_deinit
 .text.cdc_uart_init
                0x2000060c       0x38 CMakeFiles/debugprobe.dir/src/cdc_uart.c.obj
                0x2000060c                cdc_uart_init
 .text.cdc_task
                0x20000644      0x12c CMakeFiles/debugprobe.dir/src/cdc_uart.c.obj
                0x20000644                cdc_task
 .text.cdc_thread
                0x20000770       0x30 CMakeFiles/debugprobe.dir/src/cdc_uart.c.obj
                0x20000770                cdc_thread
 .text.tud_cdc_line_coding_cb
                0x200007a0       0xb4 CMakeFiles/debugprobe.dir/src/cdc_uart.c.obj
                0x200007a0                tud_cdc_line_coding_cb
 .text.tud_cdc_line_state_cb
                0x20000854       0x20 CMakeFiles/debugprobe.dir/src/cdc_uart.c.obj
                0x20000854                tud_cdc_line_state_cb
 .text.tud_cdc_send_break_cb
                0x20000874       0x5c CMakeFiles/debugprobe.dir/src/cdc_uart.c.obj
                0x20000874                tud_cdc_send_break_cb
 .text.usb_serial_init
                0x200008d0      0x1e8 CMakeFiles/debugprobe.dir/src/get_serial.c.obj
                0x200008d0                usb_serial_init
 .text.SWJ_Sequence
                0x20000ab8       0x58 CMakeFiles/debugprobe.dir/src/sw_dp_pio.c.obj
                0x20000ab8                SWJ_Sequence
 .text.SWD_Sequence
                0x20000b10       0x90 CMakeFiles/debugprobe.dir/src/sw_dp_pio.c.obj
                0x20000b10                SWD_Sequence
 .text.SWD_Transfer
                0x20000ba0      0x174 CMakeFiles/debugprobe.dir/src/sw_dp_pio.c.obj
                0x20000ba0                SWD_Transfer
 .text.dap_edpt_init
                0x20000d14        0x4 CMakeFiles/debugprobe.dir/src/tusb_edpt_handler.c.obj
                0x20000d14                dap_edpt_init
 .text.dap_edpt_reset
                0x20000d18        0x4 CMakeFiles/debugprobe.dir/src/tusb_edpt_handler.c.obj
                0x20000d18                dap_edpt_reset
 .text.dap_edpt_control_xfer_cb
                0x20000d1c        0x4 CMakeFiles/debugprobe.dir/src/tusb_edpt_handler.c.obj
                0x20000d1c                dap_edpt_control_xfer_cb
 .text.dap_edpt_open
                0x20000d20       0xb0 CMakeFiles/debugprobe.dir/src/tusb_edpt_handler.c.obj
                0x20000d20                dap_edpt_open
 .text.dap_edpt_xfer_cb
                0x20000dd0       0xa8 CMakeFiles/debugprobe.dir/src/tusb_edpt_handler.c.obj
                0x20000dd0                dap_edpt_xfer_cb
 .text.dap_thread
                0x20000e78      0x19c CMakeFiles/debugprobe.dir/src/tusb_edpt_handler.c.obj
                0x20000e78                dap_thread
 .text.usbd_app_driver_get_cb
                0x20001014        0xc CMakeFiles/debugprobe.dir/src/tusb_edpt_handler.c.obj
                0x20001014                usbd_app_driver_get_cb
 .text.DAP_ProcessCommand
                0x20001020      0xba8 CMakeFiles/debugprobe.dir/src/DAP.c.obj
                0x20001020                DAP_ProcessCommand
 .text.DAP_ExecuteCommand
                0x20001bc8       0x44 CMakeFiles/debugprobe.dir/src/DAP.c.obj
                0x20001bc8                DAP_ExecuteCommand
 .text.DAP_Setup
                0x20001c0c       0x3c CMakeFiles/debugprobe.dir/src/DAP.c.obj
                0x20001c0c                DAP_Setup
 .text.DAP_ProcessVendorCommand
                0x20001c48        0xc CMakeFiles/debugprobe.dir/src/DAP_vendor.c.obj
                0x20001c48                DAP_ProcessVendorCommand
 .text.lock_init
                0x20001c54       0x10 CMakeFiles/debugprobe.dir/home/teja/pico/pico-sdk/src/common/pico_sync/lock_core.c.obj
                0x20001c54                lock_init
 .text.mutex_init
                0x20001c64       0x1c CMakeFiles/debugprobe.dir/home/teja/pico/pico-sdk/src/common/pico_sync/mutex.c.obj
                0x20001c64                mutex_init
 .text.recursive_mutex_init
                0x20001c80       0x20 CMakeFiles/debugprobe.dir/home/teja/pico/pico-sdk/src/common/pico_sync/mutex.c.obj
                0x20001c80                recursive_mutex_init
 .text.critical_section_init
                0x20001ca0       0x1c CMakeFiles/debugprobe.dir/home/teja/pico/pico-sdk/src/common/pico_sync/critical_section.c.obj
                0x20001ca0                critical_section_init
 .text.timer_pool_entry_comparator
                0x20001cbc       0x34 CMakeFiles/debugprobe.dir/home/teja/pico/pico-sdk/src/common/pico_time/time.c.obj
                0x20001cbc                timer_pool_entry_comparator
 .text.sleep_until_callback
                0x20001cf0       0x24 CMakeFiles/debugprobe.dir/home/teja/pico/pico-sdk/src/common/pico_time/time.c.obj
 .text.add_alarm_under_lock.isra.0
                0x20001d14      0x100 CMakeFiles/debugprobe.dir/home/teja/pico/pico-sdk/src/common/pico_time/time.c.obj
 .text.alarm_pool_alarm_callback
                0x20001e14      0x1c0 CMakeFiles/debugprobe.dir/home/teja/pico/pico-sdk/src/common/pico_time/time.c.obj
 .text.alarm_pool_init_default
                0x20001fd4       0x6c CMakeFiles/debugprobe.dir/home/teja/pico/pico-sdk/src/common/pico_time/time.c.obj
                0x20001fd4                alarm_pool_init_default
 .text.alarm_pool_get_default
                0x20002040        0x8 CMakeFiles/debugprobe.dir/home/teja/pico/pico-sdk/src/common/pico_time/time.c.obj
                0x20002040                alarm_pool_get_default
 .text.alarm_pool_add_alarm_at
                0x20002048      0x17c CMakeFiles/debugprobe.dir/home/teja/pico/pico-sdk/src/common/pico_time/time.c.obj
                0x20002048                alarm_pool_add_alarm_at
 .text.best_effort_wfe_or_timeout
                0x200021c4       0xcc CMakeFiles/debugprobe.dir/home/teja/pico/pico-sdk/src/common/pico_time/time.c.obj
                0x200021c4                best_effort_wfe_or_timeout
 .text.hardware_alarm_irq_handler
                0x20002290       0xbc CMakeFiles/debugprobe.dir/home/teja/pico/pico-sdk/src/rp2_common/hardware_timer/timer.c.obj
 .text.hardware_alarm_claim
                0x2000234c       0x18 CMakeFiles/debugprobe.dir/home/teja/pico/pico-sdk/src/rp2_common/hardware_timer/timer.c.obj
                0x2000234c                hardware_alarm_claim
 .text.time_us_64
                0x20002364       0x14 CMakeFiles/debugprobe.dir/home/teja/pico/pico-sdk/src/rp2_common/hardware_timer/timer.c.obj
                0x20002364                time_us_64
 .text.busy_wait_us
                0x20002378       0x68 CMakeFiles/debugprobe.dir/home/teja/pico/pico-sdk/src/rp2_common/hardware_timer/timer.c.obj
                0x20002378                busy_wait_us
 .text.hardware_alarm_set_callback
                0x200023e0       0x8c CMakeFiles/debugprobe.dir/home/teja/pico/pico-sdk/src/rp2_common/hardware_timer/timer.c.obj
                0x200023e0                hardware_alarm_set_callback
 .text.hardware_alarm_set_target
                0x2000246c       0xd0 CMakeFiles/debugprobe.dir/home/teja/pico/pico-sdk/src/rp2_common/hardware_timer/timer.c.obj
                0x2000246c                hardware_alarm_set_target
 .text.hardware_alarm_cancel
                0x2000253c       0x3c CMakeFiles/debugprobe.dir/home/teja/pico/pico-sdk/src/rp2_common/hardware_timer/timer.c.obj
                0x2000253c                hardware_alarm_cancel
 .text.running_on_fpga
                0x20002578       0x10 CMakeFiles/debugprobe.dir/home/teja/pico/pico-sdk/src/rp2_common/pico_platform/platform.c.obj
                0x20002578                running_on_fpga
 .text.rp2040_chip_version
                0x20002588        0xc CMakeFiles/debugprobe.dir/home/teja/pico/pico-sdk/src/rp2_common/pico_platform/platform.c.obj
                0x20002588                rp2040_chip_version
 .text.hw_claim_lock
                0x20002594       0x18 CMakeFiles/debugprobe.dir/home/teja/pico/pico-sdk/src/rp2_common/hardware_claim/claim.c.obj
                0x20002594                hw_claim_lock
 .text.hw_claim_unlock
                0x200025ac       0x14 CMakeFiles/debugprobe.dir/home/teja/pico/pico-sdk/src/rp2_common/hardware_claim/claim.c.obj
                0x200025ac                hw_claim_unlock
 .text.hw_claim_or_assert
                0x200025c0       0x44 CMakeFiles/debugprobe.dir/home/teja/pico/pico-sdk/src/rp2_common/hardware_claim/claim.c.obj
                0x200025c0                hw_claim_or_assert
 .text.hw_claim_unused_from_range
                0x20002604       0x9c CMakeFiles/debugprobe.dir/home/teja/pico/pico-sdk/src/rp2_common/hardware_claim/claim.c.obj
                0x20002604                hw_claim_unused_from_range
 .text.spin_locks_reset
                0x200026a0       0x1c CMakeFiles/debugprobe.dir/home/teja/pico/pico-sdk/src/rp2_common/hardware_sync/sync.c.obj
                0x200026a0                spin_locks_reset
 .text.next_striped_spin_lock_num
                0x200026bc       0x18 CMakeFiles/debugprobe.dir/home/teja/pico/pico-sdk/src/rp2_common/hardware_sync/sync.c.obj
                0x200026bc                next_striped_spin_lock_num
 .text.spin_lock_claim_unused
                0x200026d4       0x24 CMakeFiles/debugprobe.dir/home/teja/pico/pico-sdk/src/rp2_common/hardware_sync/sync.c.obj
                0x200026d4                spin_lock_claim_unused
 .text.irq_set_enabled
                0x200026f8       0x24 CMakeFiles/debugprobe.dir/home/teja/pico/pico-sdk/src/rp2_common/hardware_irq/irq.c.obj
                0x200026f8                irq_set_enabled
 .text.irq_get_vtable_handler
                0x2000271c       0x10 CMakeFiles/debugprobe.dir/home/teja/pico/pico-sdk/src/rp2_common/hardware_irq/irq.c.obj
                0x2000271c                irq_get_vtable_handler
 .text.irq_set_exclusive_handler
                0x2000272c       0x54 CMakeFiles/debugprobe.dir/home/teja/pico/pico-sdk/src/rp2_common/hardware_irq/irq.c.obj
                0x2000272c                irq_set_exclusive_handler
 .text.irq_add_shared_handler
                0x20002780      0x1f4 CMakeFiles/debugprobe.dir/home/teja/pico/pico-sdk/src/rp2_common/hardware_irq/irq.c.obj
                0x20002780                irq_add_shared_handler
 .text.irq_remove_handler
                0x20002974      0x1c4 CMakeFiles/debugprobe.dir/home/teja/pico/pico-sdk/src/rp2_common/hardware_irq/irq.c.obj
                0x20002974                irq_remove_handler
 .text.irq_set_priority
                0x20002b38       0x28 CMakeFiles/debugprobe.dir/home/teja/pico/pico-sdk/src/rp2_common/hardware_irq/irq.c.obj
                0x20002b38                irq_set_priority
 .text.irq_add_tail_to_free_list
                0x20002b60       0xb4 CMakeFiles/debugprobe.dir/home/teja/pico/pico-sdk/src/rp2_common/hardware_irq/irq.c.obj
                0x20002b60                irq_add_tail_to_free_list
 .text.irq_init_priorities
                0x20002c14       0x24 CMakeFiles/debugprobe.dir/home/teja/pico/pico-sdk/src/rp2_common/hardware_irq/irq.c.obj
                0x20002c14                irq_init_priorities
 .text.ph_merge_nodes
                0x20002c38       0x58 CMakeFiles/debugprobe.dir/home/teja/pico/pico-sdk/src/common/pico_util/pheap.c.obj
 .text.ph_post_alloc_init
                0x20002c90       0x3c CMakeFiles/debugprobe.dir/home/teja/pico/pico-sdk/src/common/pico_util/pheap.c.obj
                0x20002c90                ph_post_alloc_init
 .text.ph_merge_two_pass
                0x20002ccc       0x8c CMakeFiles/debugprobe.dir/home/teja/pico/pico-sdk/src/common/pico_util/pheap.c.obj
                0x20002ccc                ph_merge_two_pass
 .text.ph_remove_any_head
                0x20002d58      0x100 CMakeFiles/debugprobe.dir/home/teja/pico/pico-sdk/src/common/pico_util/pheap.c.obj
 .text.ph_remove_head
                0x20002e58      0x104 CMakeFiles/debugprobe.dir/home/teja/pico/pico-sdk/src/common/pico_util/pheap.c.obj
                0x20002e58                ph_remove_head
 .text.ph_remove_and_free_node
                0x20002f5c       0x78 CMakeFiles/debugprobe.dir/home/teja/pico/pico-sdk/src/common/pico_util/pheap.c.obj
                0x20002f5c                ph_remove_and_free_node
 .text.gpio_set_function
                0x20002fd4       0x30 CMakeFiles/debugprobe.dir/home/teja/pico/pico-sdk/src/rp2_common/hardware_gpio/gpio.c.obj
                0x20002fd4                gpio_set_function
 .text.gpio_get_function
                0x20003004       0x14 CMakeFiles/debugprobe.dir/home/teja/pico/pico-sdk/src/rp2_common/hardware_gpio/gpio.c.obj
                0x20003004                gpio_get_function
 .text.gpio_set_pulls
                0x20003018       0x24 CMakeFiles/debugprobe.dir/home/teja/pico/pico-sdk/src/rp2_common/hardware_gpio/gpio.c.obj
                0x20003018                gpio_set_pulls
 .text.gpio_set_inover
                0x2000303c       0x24 CMakeFiles/debugprobe.dir/home/teja/pico/pico-sdk/src/rp2_common/hardware_gpio/gpio.c.obj
                0x2000303c                gpio_set_inover
 .text.gpio_set_oeover
                0x20003060       0x24 CMakeFiles/debugprobe.dir/home/teja/pico/pico-sdk/src/rp2_common/hardware_gpio/gpio.c.obj
                0x20003060                gpio_set_oeover
 .text.gpio_init
                0x20003084       0x3c CMakeFiles/debugprobe.dir/home/teja/pico/pico-sdk/src/rp2_common/hardware_gpio/gpio.c.obj
                0x20003084                gpio_init
 .text.uart_init
                0x200030c0      0x18c CMakeFiles/debugprobe.dir/home/teja/pico/pico-sdk/src/rp2_common/hardware_uart/uart.c.obj
                0x200030c0                uart_init
 .text.uart_deinit
                0x2000324c       0x24 CMakeFiles/debugprobe.dir/home/teja/pico/pico-sdk/src/rp2_common/hardware_uart/uart.c.obj
                0x2000324c                uart_deinit
 .text.uart_set_format
                0x20003270       0x7c CMakeFiles/debugprobe.dir/home/teja/pico/pico-sdk/src/rp2_common/hardware_uart/uart.c.obj
                0x20003270                uart_set_format
 .text.uart_set_break
                0x200032ec       0x60 CMakeFiles/debugprobe.dir/home/teja/pico/pico-sdk/src/rp2_common/hardware_uart/uart.c.obj
                0x200032ec                uart_set_break
 .text.clocks_init
                0x2000334c      0x2c8 CMakeFiles/debugprobe.dir/home/teja/pico/pico-sdk/src/rp2_common/hardware_clocks/clocks.c.obj
                0x2000334c                clocks_init
 .text.clock_get_hz
                0x20003614        0xc CMakeFiles/debugprobe.dir/home/teja/pico/pico-sdk/src/rp2_common/hardware_clocks/clocks.c.obj
                0x20003614                clock_get_hz
 .text.pll_init
                0x20003620       0xa4 CMakeFiles/debugprobe.dir/home/teja/pico/pico-sdk/src/rp2_common/hardware_pll/pll.c.obj
                0x20003620                pll_init
 .text.watchdog_start_tick
                0x200036c4       0x10 CMakeFiles/debugprobe.dir/home/teja/pico/pico-sdk/src/rp2_common/hardware_watchdog/watchdog.c.obj
                0x200036c4                watchdog_start_tick
 .text.xosc_init
                0x200036d4       0x28 CMakeFiles/debugprobe.dir/home/teja/pico/pico-sdk/src/rp2_common/hardware_xosc/xosc.c.obj
                0x200036d4                xosc_init
 .text.runtime_init
                0x200036fc       0xf0 CMakeFiles/debugprobe.dir/home/teja/pico/pico-sdk/src/rp2_common/pico_runtime/runtime.c.obj
                0x200036fc                runtime_init
 .text._exit    0x200037ec        0x4 CMakeFiles/debugprobe.dir/home/teja/pico/pico-sdk/src/rp2_common/pico_runtime/runtime.c.obj
                0x200037ec                _exit
 .text.exit     0x200037f0        0x8 CMakeFiles/debugprobe.dir/home/teja/pico/pico-sdk/src/rp2_common/pico_runtime/runtime.c.obj
                0x200037f0                exit
 .text.panic    0x200037f8       0x30 CMakeFiles/debugprobe.dir/home/teja/pico/pico-sdk/src/rp2_common/pico_runtime/runtime.c.obj
                0x200037f8                panic
 .text.panic_unsupported
                0x20003828        0xc CMakeFiles/debugprobe.dir/home/teja/pico/pico-sdk/src/rp2_common/pico_runtime/runtime.c.obj
                0x20003828                panic_unsupported
 .text.hard_assertion_failure
                0x20003834        0xc CMakeFiles/debugprobe.dir/home/teja/pico/pico-sdk/src/rp2_common/pico_runtime/runtime.c.obj
                0x20003834                hard_assertion_failure
 .text._out_char
                0x20003840       0x10 CMakeFiles/debugprobe.dir/home/teja/pico/pico-sdk/src/rp2_common/pico_printf/printf.c.obj
 .text.weak_raw_vprintf
                0x20003850       0x30 CMakeFiles/debugprobe.dir/home/teja/pico/pico-sdk/src/rp2_common/pico_printf/printf.c.obj
                0x20003850                weak_raw_vprintf
 .text          0x20003880       0x10 CMakeFiles/debugprobe.dir/home/teja/pico/pico-sdk/src/rp2_common/pico_bit_ops/bit_ops_aeabi.S.obj
 .text.popcountsi
                0x20003890        0xc CMakeFiles/debugprobe.dir/home/teja/pico/pico-sdk/src/rp2_common/pico_bit_ops/bit_ops_aeabi.S.obj
                0x20003890                __wrap___popcountsi2
 .text.rom_func_lookup
                0x2000389c       0x10 CMakeFiles/debugprobe.dir/home/teja/pico/pico-sdk/src/rp2_common/pico_bootrom/bootrom.c.obj
                0x2000389c                rom_func_lookup
 .text.rom_data_lookup
                0x200038ac       0x10 CMakeFiles/debugprobe.dir/home/teja/pico/pico-sdk/src/rp2_common/pico_bootrom/bootrom.c.obj
                0x200038ac                rom_data_lookup
 .text.rom_funcs_lookup
                0x200038bc       0x44 CMakeFiles/debugprobe.dir/home/teja/pico/pico-sdk/src/rp2_common/pico_bootrom/bootrom.c.obj
                0x200038bc                rom_funcs_lookup
 .text.__wrap___aeabi_uidiv
                0x20003900       0x4c CMakeFiles/debugprobe.dir/home/teja/pico/pico-sdk/src/rp2_common/pico_divider/divider.S.obj
                0x20003900                __wrap___aeabi_uidiv
                0x20003900                __wrap___aeabi_uidivmod
                0x20003900                div_u32u32
                0x20003900                divmod_u32u32
                0x20003908                divmod_u32u32_unsafe
                0x20003930                divmod_u32u32_savestate
 .text.__wrap___aeabi_ldiv
                0x2000394c      0x424 CMakeFiles/debugprobe.dir/home/teja/pico/pico-sdk/src/rp2_common/pico_divider/divider.S.obj
                0x2000394c                div_s64s64
                0x2000394c                divmod_s64s64
                0x2000394c                __wrap___aeabi_ldivmod
                0x2000397c                div_u64u64
                0x2000397c                divmod_u64u64
                0x2000397c                __wrap___aeabi_uldivmod
                0x2000398c                divmod_u64u64_savestate
                0x200039ac                divmod_s64s64_unsafe
                0x20003a34                divmod_u64u64_unsafe
 .text.__aeabi_double_init
                0x20003d70       0x98 CMakeFiles/debugprobe.dir/home/teja/pico/pico-sdk/src/rp2_common/pico_double/double_init_rom.c.obj
                0x20003d70                __aeabi_double_init
 .text.double_table_shim_on_use_helper
                0x20003e08       0x2c CMakeFiles/debugprobe.dir/home/teja/pico/pico-sdk/src/rp2_common/pico_double/double_v1_rom_shim.S.obj
                0x20003e08                double_table_shim_on_use_helper
 .text.__aeabi_lmul
                0x20003e34       0x32 CMakeFiles/debugprobe.dir/home/teja/pico/pico-sdk/src/rp2_common/pico_int64_ops/pico_int64_ops_aeabi.S.obj
                0x20003e34                __wrap___aeabi_lmul
 *fill*         0x20003e66        0x2 
 .text.__aeabi_float_init
                0x20003e68       0x64 CMakeFiles/debugprobe.dir/home/teja/pico/pico-sdk/src/rp2_common/pico_float/float_init_rom.c.obj
                0x20003e68                __aeabi_float_init
 .text.float_table_shim_on_use_helper
                0x20003ecc       0x2c CMakeFiles/debugprobe.dir/home/teja/pico/pico-sdk/src/rp2_common/pico_float/float_v1_rom_shim.S.obj
                0x20003ecc                float_table_shim_on_use_helper
 .text          0x20003ef8       0x10 CMakeFiles/debugprobe.dir/home/teja/pico/pico-sdk/src/rp2_common/pico_mem_ops/mem_ops_aeabi.S.obj
                0x20003ef8                __aeabi_mem_init
 .text.memset   0x20003f08        0xc CMakeFiles/debugprobe.dir/home/teja/pico/pico-sdk/src/rp2_common/pico_mem_ops/mem_ops_aeabi.S.obj
                0x20003f08                __wrap_memset
 .text.memcpy   0x20003f14        0xc CMakeFiles/debugprobe.dir/home/teja/pico/pico-sdk/src/rp2_common/pico_mem_ops/mem_ops_aeabi.S.obj
                0x20003f14                __wrap___aeabi_memcpy
                0x20003f14                __wrap_memcpy
 .text.stdio_out_chars_crlf
                0x20003f20       0x94 CMakeFiles/debugprobe.dir/home/teja/pico/pico-sdk/src/rp2_common/pico_stdio/stdio.c.obj
 .text.__wrap_putchar
                0x20003fb4       0x98 CMakeFiles/debugprobe.dir/home/teja/pico/pico-sdk/src/rp2_common/pico_stdio/stdio.c.obj
                0x20003fb4                __wrap_putchar
 .text.__wrap_puts
                0x2000404c       0xe0 CMakeFiles/debugprobe.dir/home/teja/pico/pico-sdk/src/rp2_common/pico_stdio/stdio.c.obj
                0x2000404c                __wrap_puts
 .text.stdio_set_driver_enabled
                0x2000412c       0x30 CMakeFiles/debugprobe.dir/home/teja/pico/pico-sdk/src/rp2_common/pico_stdio/stdio.c.obj
                0x2000412c                stdio_set_driver_enabled
 .text.stdio_uart_out_chars
                0x2000415c       0x4c CMakeFiles/debugprobe.dir/home/teja/pico/pico-sdk/src/rp2_common/pico_stdio_uart/stdio_uart.c.obj
 .text.stdio_uart_in_chars
                0x200041a8       0x90 CMakeFiles/debugprobe.dir/home/teja/pico/pico-sdk/src/rp2_common/pico_stdio_uart/stdio_uart.c.obj
                0x200041a8                stdio_uart_in_chars
 .text.on_uart_rx
                0x20004238       0x28 CMakeFiles/debugprobe.dir/home/teja/pico/pico-sdk/src/rp2_common/pico_stdio_uart/stdio_uart.c.obj
 .text.stdio_uart_set_chars_available_callback
                0x20004260       0x8c CMakeFiles/debugprobe.dir/home/teja/pico/pico-sdk/src/rp2_common/pico_stdio_uart/stdio_uart.c.obj
 .text.stdio_uart_init
                0x200042ec       0x48 CMakeFiles/debugprobe.dir/home/teja/pico/pico-sdk/src/rp2_common/pico_stdio_uart/stdio_uart.c.obj
                0x200042ec                stdio_uart_init
 .text.stdio_uart_init_full
                0x20004334       0x3c CMakeFiles/debugprobe.dir/home/teja/pico/pico-sdk/src/rp2_common/pico_stdio_uart/stdio_uart.c.obj
                0x20004334                stdio_uart_init_full
 .text.startup._retrieve_unique_id_on_boot
                0x20004370       0x10 CMakeFiles/debugprobe.dir/home/teja/pico/pico-sdk/src/rp2_common/pico_unique_id/unique_id.c.obj
 .text.pico_get_unique_board_id
                0x20004380       0x10 CMakeFiles/debugprobe.dir/home/teja/pico/pico-sdk/src/rp2_common/pico_unique_id/unique_id.c.obj
                0x20004380                pico_get_unique_board_id
 .text.flash_get_unique_id
                0x20004390       0x3c CMakeFiles/debugprobe.dir/home/teja/pico/pico-sdk/src/rp2_common/hardware_flash/flash.c.obj
                0x20004390                flash_get_unique_id
 .text.dcd_int_enable
                0x200043cc        0xc CMakeFiles/debugprobe.dir/home/teja/pico/pico-sdk/lib/tinyusb/src/portable/raspberrypi/rp2040/dcd_rp2040.c.obj
                0x200043cc                dcd_int_enable
 .text.dcd_set_address
                0x200043d8       0x14 CMakeFiles/debugprobe.dir/home/teja/pico/pico-sdk/lib/tinyusb/src/portable/raspberrypi/rp2040/dcd_rp2040.c.obj
                0x200043d8                dcd_set_address
 .text.dcd_connect
                0x200043ec       0x10 CMakeFiles/debugprobe.dir/home/teja/pico/pico-sdk/lib/tinyusb/src/portable/raspberrypi/rp2040/dcd_rp2040.c.obj
                0x200043ec                dcd_connect
 .text.dcd_init
                0x200043fc       0x98 CMakeFiles/debugprobe.dir/home/teja/pico/pico-sdk/lib/tinyusb/src/portable/raspberrypi/rp2040/dcd_rp2040.c.obj
                0x200043fc                dcd_init
 .text.dcd_edpt0_status_complete
                0x20004494       0x1c CMakeFiles/debugprobe.dir/home/teja/pico/pico-sdk/lib/tinyusb/src/portable/raspberrypi/rp2040/dcd_rp2040.c.obj
                0x20004494                dcd_edpt0_status_complete
 .text.dcd_edpt_open
                0x200044b0      0x108 CMakeFiles/debugprobe.dir/home/teja/pico/pico-sdk/lib/tinyusb/src/portable/raspberrypi/rp2040/dcd_rp2040.c.obj
                0x200044b0                dcd_edpt_open
 .text.dcd_edpt_close_all
                0x200045b8        0x8 CMakeFiles/debugprobe.dir/home/teja/pico/pico-sdk/lib/tinyusb/src/portable/raspberrypi/rp2040/dcd_rp2040.c.obj
                0x200045b8                dcd_edpt_close_all
 .text.dcd_edpt_xfer
                0x200045c0       0x24 CMakeFiles/debugprobe.dir/home/teja/pico/pico-sdk/lib/tinyusb/src/portable/raspberrypi/rp2040/dcd_rp2040.c.obj
                0x200045c0                dcd_edpt_xfer
 .text.dcd_edpt_stall
                0x200045e4       0x34 CMakeFiles/debugprobe.dir/home/teja/pico/pico-sdk/lib/tinyusb/src/portable/raspberrypi/rp2040/dcd_rp2040.c.obj
                0x200045e4                dcd_edpt_stall
 .text.dcd_edpt_clear_stall
                0x20004618       0x30 CMakeFiles/debugprobe.dir/home/teja/pico/pico-sdk/lib/tinyusb/src/portable/raspberrypi/rp2040/dcd_rp2040.c.obj
                0x20004618                dcd_edpt_clear_stall
 .text.rp2040_usb_init
                0x20004648       0x4c CMakeFiles/debugprobe.dir/home/teja/pico/pico-sdk/lib/tinyusb/src/portable/raspberrypi/rp2040/rp2040_usb.c.obj
                0x20004648                rp2040_usb_init
 .text.hw_endpoint_xfer_start
                0x20004694       0x40 CMakeFiles/debugprobe.dir/home/teja/pico/pico-sdk/lib/tinyusb/src/portable/raspberrypi/rp2040/rp2040_usb.c.obj
                0x20004694                hw_endpoint_xfer_start
 .text.configuration_reset
                0x200046d4       0x90 CMakeFiles/debugprobe.dir/home/teja/pico/pico-sdk/lib/tinyusb/src/device/usbd.c.obj
 .text.tud_mounted
                0x20004764       0x10 CMakeFiles/debugprobe.dir/home/teja/pico/pico-sdk/lib/tinyusb/src/device/usbd.c.obj
                0x20004764                tud_mounted
 .text.tud_suspended
                0x20004774       0x10 CMakeFiles/debugprobe.dir/home/teja/pico/pico-sdk/lib/tinyusb/src/device/usbd.c.obj
                0x20004774                tud_suspended
 .text.tud_inited
                0x20004784       0x14 CMakeFiles/debugprobe.dir/home/teja/pico/pico-sdk/lib/tinyusb/src/device/usbd.c.obj
                0x20004784                tud_inited
 .text.tud_init
                0x20004798       0xe4 CMakeFiles/debugprobe.dir/home/teja/pico/pico-sdk/lib/tinyusb/src/device/usbd.c.obj
                0x20004798                tud_init
 .text.tud_task_event_ready
                0x2000487c       0x20 CMakeFiles/debugprobe.dir/home/teja/pico/pico-sdk/lib/tinyusb/src/device/usbd.c.obj
                0x2000487c                tud_task_event_ready
 .text.tud_task_ext
                0x2000489c      0x710 CMakeFiles/debugprobe.dir/home/teja/pico/pico-sdk/lib/tinyusb/src/device/usbd.c.obj
                0x2000489c                tud_task_ext
 .text.usbd_open_edpt_pair
                0x20004fac       0x9c CMakeFiles/debugprobe.dir/home/teja/pico/pico-sdk/lib/tinyusb/src/device/usbd.c.obj
                0x20004fac                usbd_open_edpt_pair
 .text.usbd_edpt_open
                0x20005048       0x34 CMakeFiles/debugprobe.dir/home/teja/pico/pico-sdk/lib/tinyusb/src/device/usbd.c.obj
                0x20005048                usbd_edpt_open
 .text.usbd_edpt_claim
                0x2000507c       0x28 CMakeFiles/debugprobe.dir/home/teja/pico/pico-sdk/lib/tinyusb/src/device/usbd.c.obj
                0x2000507c                usbd_edpt_claim
 .text.usbd_edpt_release
                0x200050a4       0x28 CMakeFiles/debugprobe.dir/home/teja/pico/pico-sdk/lib/tinyusb/src/device/usbd.c.obj
                0x200050a4                usbd_edpt_release
 .text.usbd_edpt_xfer
                0x200050cc       0x4c CMakeFiles/debugprobe.dir/home/teja/pico/pico-sdk/lib/tinyusb/src/device/usbd.c.obj
                0x200050cc                usbd_edpt_xfer
 .text.usbd_edpt_busy
                0x20005118       0x1c CMakeFiles/debugprobe.dir/home/teja/pico/pico-sdk/lib/tinyusb/src/device/usbd.c.obj
                0x20005118                usbd_edpt_busy
 .text.tud_control_status
                0x20005134       0x2c CMakeFiles/debugprobe.dir/home/teja/pico/pico-sdk/lib/tinyusb/src/device/usbd_control.c.obj
                0x20005134                tud_control_status
 .text.tud_control_xfer
                0x20005160       0xac CMakeFiles/debugprobe.dir/home/teja/pico/pico-sdk/lib/tinyusb/src/device/usbd_control.c.obj
                0x20005160                tud_control_xfer
 .text.usbd_control_reset
                0x2000520c       0x14 CMakeFiles/debugprobe.dir/home/teja/pico/pico-sdk/lib/tinyusb/src/device/usbd_control.c.obj
                0x2000520c                usbd_control_reset
 .text.usbd_control_set_complete_callback
                0x20005220        0xc CMakeFiles/debugprobe.dir/home/teja/pico/pico-sdk/lib/tinyusb/src/device/usbd_control.c.obj
                0x20005220                usbd_control_set_complete_callback
 .text.usbd_control_set_request
                0x2000522c       0x1c CMakeFiles/debugprobe.dir/home/teja/pico/pico-sdk/lib/tinyusb/src/device/usbd_control.c.obj
                0x2000522c                usbd_control_set_request
 .text.usbd_control_xfer_cb
                0x20005248       0xf4 CMakeFiles/debugprobe.dir/home/teja/pico/pico-sdk/lib/tinyusb/src/device/usbd_control.c.obj
                0x20005248                usbd_control_xfer_cb
 .text.tud_cdc_n_connected
                0x2000533c       0x30 CMakeFiles/debugprobe.dir/home/teja/pico/pico-sdk/lib/tinyusb/src/class/cdc/cdc_device.c.obj
                0x2000533c                tud_cdc_n_connected
 .text.tud_cdc_n_available
                0x2000536c       0x18 CMakeFiles/debugprobe.dir/home/teja/pico/pico-sdk/lib/tinyusb/src/class/cdc/cdc_device.c.obj
                0x2000536c                tud_cdc_n_available
 .text.tud_cdc_n_read
                0x20005384       0x74 CMakeFiles/debugprobe.dir/home/teja/pico/pico-sdk/lib/tinyusb/src/class/cdc/cdc_device.c.obj
                0x20005384                tud_cdc_n_read
 .text.tud_cdc_n_read_flush
                0x200053f8       0x60 CMakeFiles/debugprobe.dir/home/teja/pico/pico-sdk/lib/tinyusb/src/class/cdc/cdc_device.c.obj
                0x200053f8                tud_cdc_n_read_flush
 .text.tud_cdc_n_write_flush
                0x20005458       0x7c CMakeFiles/debugprobe.dir/home/teja/pico/pico-sdk/lib/tinyusb/src/class/cdc/cdc_device.c.obj
                0x20005458                tud_cdc_n_write_flush
 .text.tud_cdc_n_write
                0x200054d4       0x34 CMakeFiles/debugprobe.dir/home/teja/pico/pico-sdk/lib/tinyusb/src/class/cdc/cdc_device.c.obj
                0x200054d4                tud_cdc_n_write
 .text.tud_cdc_n_write_available
                0x20005508       0x18 CMakeFiles/debugprobe.dir/home/teja/pico/pico-sdk/lib/tinyusb/src/class/cdc/cdc_device.c.obj
                0x20005508                tud_cdc_n_write_available
 .text.tud_cdc_n_write_clear
                0x20005520       0x18 CMakeFiles/debugprobe.dir/home/teja/pico/pico-sdk/lib/tinyusb/src/class/cdc/cdc_device.c.obj
                0x20005520                tud_cdc_n_write_clear
 .text.cdcd_init
                0x20005538       0x7c CMakeFiles/debugprobe.dir/home/teja/pico/pico-sdk/lib/tinyusb/src/class/cdc/cdc_device.c.obj
                0x20005538                cdcd_init
 .text.cdcd_reset
                0x200055b4       0x2c CMakeFiles/debugprobe.dir/home/teja/pico/pico-sdk/lib/tinyusb/src/class/cdc/cdc_device.c.obj
                0x200055b4                cdcd_reset
 .text.cdcd_open
                0x200055e0       0xe4 CMakeFiles/debugprobe.dir/home/teja/pico/pico-sdk/lib/tinyusb/src/class/cdc/cdc_device.c.obj
                0x200055e0                cdcd_open
 .text.cdcd_control_xfer_cb
                0x200056c4       0xe4 CMakeFiles/debugprobe.dir/home/teja/pico/pico-sdk/lib/tinyusb/src/class/cdc/cdc_device.c.obj
                0x200056c4                cdcd_control_xfer_cb
 .text.cdcd_xfer_cb
                0x200057a8      0x140 CMakeFiles/debugprobe.dir/home/teja/pico/pico-sdk/lib/tinyusb/src/class/cdc/cdc_device.c.obj
                0x200057a8                cdcd_xfer_cb
 .text.tud_hid_n_report
                0x200058e8       0x94 CMakeFiles/debugprobe.dir/home/teja/pico/pico-sdk/lib/tinyusb/src/class/hid/hid_device.c.obj
                0x200058e8                tud_hid_n_report
 .text.hidd_init
                0x2000597c       0x14 CMakeFiles/debugprobe.dir/home/teja/pico/pico-sdk/lib/tinyusb/src/class/hid/hid_device.c.obj
                0x2000597c                hidd_init
 .text.hidd_reset
                0x20005990       0x14 CMakeFiles/debugprobe.dir/home/teja/pico/pico-sdk/lib/tinyusb/src/class/hid/hid_device.c.obj
                0x20005990                hidd_reset
 .text.hidd_open
                0x200059a4       0x8c CMakeFiles/debugprobe.dir/home/teja/pico/pico-sdk/lib/tinyusb/src/class/hid/hid_device.c.obj
                0x200059a4                hidd_open
 .text.hidd_control_xfer_cb
                0x20005a30      0x1c8 CMakeFiles/debugprobe.dir/home/teja/pico/pico-sdk/lib/tinyusb/src/class/hid/hid_device.c.obj
                0x20005a30                hidd_control_xfer_cb
 .text.hidd_xfer_cb
                0x20005bf8       0x60 CMakeFiles/debugprobe.dir/home/teja/pico/pico-sdk/lib/tinyusb/src/class/hid/hid_device.c.obj
                0x20005bf8                hidd_xfer_cb
 .text.vendord_init
                0x20005c58       0x6c CMakeFiles/debugprobe.dir/home/teja/pico/pico-sdk/lib/tinyusb/src/class/vendor/vendor_device.c.obj
                0x20005c58                vendord_init
 .text.vendord_reset
                0x20005cc4       0x1c CMakeFiles/debugprobe.dir/home/teja/pico/pico-sdk/lib/tinyusb/src/class/vendor/vendor_device.c.obj
                0x20005cc4                vendord_reset
 .text.vendord_open
                0x20005ce0       0xdc CMakeFiles/debugprobe.dir/home/teja/pico/pico-sdk/lib/tinyusb/src/class/vendor/vendor_device.c.obj
                0x20005ce0                vendord_open
 .text.vendord_xfer_cb
                0x20005dbc       0xb4 CMakeFiles/debugprobe.dir/home/teja/pico/pico-sdk/lib/tinyusb/src/class/vendor/vendor_device.c.obj
                0x20005dbc                vendord_xfer_cb
 .text.tusb_init
                0x20005e70        0xc CMakeFiles/debugprobe.dir/home/teja/pico/pico-sdk/lib/tinyusb/src/tusb.c.obj
                0x20005e70                tusb_init
 .text.tusb_inited
                0x20005e7c        0x8 CMakeFiles/debugprobe.dir/home/teja/pico/pico-sdk/lib/tinyusb/src/tusb.c.obj
                0x20005e7c                tusb_inited
 .text.tu_edpt_claim
                0x20005e84       0x50 CMakeFiles/debugprobe.dir/home/teja/pico/pico-sdk/lib/tinyusb/src/tusb.c.obj
                0x20005e84                tu_edpt_claim
 .text.tu_edpt_release
                0x20005ed4       0x38 CMakeFiles/debugprobe.dir/home/teja/pico/pico-sdk/lib/tinyusb/src/tusb.c.obj
                0x20005ed4                tu_edpt_release
 .text.tu_edpt_validate
                0x20005f0c       0x7c CMakeFiles/debugprobe.dir/home/teja/pico/pico-sdk/lib/tinyusb/src/tusb.c.obj
                0x20005f0c                tu_edpt_validate
 .text.tu_edpt_bind_driver
                0x20005f88       0x34 CMakeFiles/debugprobe.dir/home/teja/pico/pico-sdk/lib/tinyusb/src/tusb.c.obj
                0x20005f88                tu_edpt_bind_driver
 .text.tu_fifo_config
                0x20005fbc       0x6c CMakeFiles/debugprobe.dir/home/teja/pico/pico-sdk/lib/tinyusb/src/common/tusb_fifo.c.obj
                0x20005fbc                tu_fifo_config
 .text.tu_fifo_count
                0x20006028       0x2c CMakeFiles/debugprobe.dir/home/teja/pico/pico-sdk/lib/tinyusb/src/common/tusb_fifo.c.obj
                0x20006028                tu_fifo_count
 .text.tu_fifo_empty
                0x20006054       0x10 CMakeFiles/debugprobe.dir/home/teja/pico/pico-sdk/lib/tinyusb/src/common/tusb_fifo.c.obj
                0x20006054                tu_fifo_empty
 .text.tu_fifo_remaining
                0x20006064       0x2c CMakeFiles/debugprobe.dir/home/teja/pico/pico-sdk/lib/tinyusb/src/common/tusb_fifo.c.obj
                0x20006064                tu_fifo_remaining
 .text.tu_fifo_read
                0x20006090       0x9c CMakeFiles/debugprobe.dir/home/teja/pico/pico-sdk/lib/tinyusb/src/common/tusb_fifo.c.obj
                0x20006090                tu_fifo_read
 .text.tu_fifo_read_n
                0x2000612c       0xe8 CMakeFiles/debugprobe.dir/home/teja/pico/pico-sdk/lib/tinyusb/src/common/tusb_fifo.c.obj
                0x2000612c                tu_fifo_read_n
 .text.tu_fifo_write
                0x20006214       0xa8 CMakeFiles/debugprobe.dir/home/teja/pico/pico-sdk/lib/tinyusb/src/common/tusb_fifo.c.obj
                0x20006214                tu_fifo_write
 .text.tu_fifo_write_n
                0x200062bc      0x178 CMakeFiles/debugprobe.dir/home/teja/pico/pico-sdk/lib/tinyusb/src/common/tusb_fifo.c.obj
                0x200062bc                tu_fifo_write_n
 .text.tu_fifo_clear
                0x20006434       0x40 CMakeFiles/debugprobe.dir/home/teja/pico/pico-sdk/lib/tinyusb/src/common/tusb_fifo.c.obj
                0x20006434                tu_fifo_clear
 .text.tu_fifo_set_overwritable
                0x20006474       0x48 CMakeFiles/debugprobe.dir/home/teja/pico/pico-sdk/lib/tinyusb/src/common/tusb_fifo.c.obj
                0x20006474                tu_fifo_set_overwritable
 .text.hw_enumeration_fix_force_ls_j_done
                0x200064bc       0x44 CMakeFiles/debugprobe.dir/home/teja/pico/pico-sdk/src/rp2_common/pico_fix/rp2040_usb_device_enumeration/rp2040_usb_device_enumeration.c.obj
                0x200064bc                hw_enumeration_fix_force_ls_j_done
 .text.hw_enumeration_fix_force_ls_j
                0x20006500      0x108 CMakeFiles/debugprobe.dir/home/teja/pico/pico-sdk/src/rp2_common/pico_fix/rp2040_usb_device_enumeration/rp2040_usb_device_enumeration.c.obj
 .text.hw_enumeration_fix_wait_se0_callback
                0x20006608       0x24 CMakeFiles/debugprobe.dir/home/teja/pico/pico-sdk/src/rp2_common/pico_fix/rp2040_usb_device_enumeration/rp2040_usb_device_enumeration.c.obj
                0x20006608                hw_enumeration_fix_wait_se0_callback
 .text.rp2040_usb_device_enumeration_fix
                0x2000662c       0x68 CMakeFiles/debugprobe.dir/home/teja/pico/pico-sdk/src/rp2_common/pico_fix/rp2040_usb_device_enumeration/rp2040_usb_device_enumeration.c.obj
                0x2000662c                rp2040_usb_device_enumeration_fix
 .text.board_init
                0x20006694       0x30 CMakeFiles/debugprobe.dir/home/teja/pico/pico-sdk/lib/tinyusb/hw/bsp/rp2040/family.c.obj
                0x20006694                board_init
 .text.pio_add_program
                0x200066c4       0xf0 CMakeFiles/debugprobe.dir/home/teja/pico/pico-sdk/src/rp2_common/hardware_pio/pio.c.obj
                0x200066c4                pio_add_program
 .text.pio_remove_program
                0x200067b4       0x34 CMakeFiles/debugprobe.dir/home/teja/pico/pico-sdk/src/rp2_common/hardware_pio/pio.c.obj
                0x200067b4                pio_remove_program
 .text.pio_sm_set_consecutive_pindirs
                0x200067e8       0xa8 CMakeFiles/debugprobe.dir/home/teja/pico/pico-sdk/src/rp2_common/hardware_pio/pio.c.obj
                0x200067e8                pio_sm_set_consecutive_pindirs
 .text.pio_sm_init
                0x20006890       0x98 CMakeFiles/debugprobe.dir/home/teja/pico/pico-sdk/src/rp2_common/hardware_pio/pio.c.obj
                0x20006890                pio_sm_init
 .text.vPortSVCHandler
                0x20006928        0x4 CMakeFiles/debugprobe.dir/freertos/portable/ThirdParty/GCC/RP2040/port.c.obj
                0x20006928                vPortSVCHandler
 .text.vPortStartFirstTask
                0x2000692c       0x28 CMakeFiles/debugprobe.dir/freertos/portable/ThirdParty/GCC/RP2040/port.c.obj
 .text.xPortPendSVHandler
                0x20006954       0x60 CMakeFiles/debugprobe.dir/freertos/portable/ThirdParty/GCC/RP2040/port.c.obj
                0x20006954                xPortPendSVHandler
 .text.prvFIFOInterruptHandler
                0x200069b4       0x78 CMakeFiles/debugprobe.dir/freertos/portable/ThirdParty/GCC/RP2040/port.c.obj
 .text.prvTaskExitError
                0x20006a2c        0x8 CMakeFiles/debugprobe.dir/freertos/portable/ThirdParty/GCC/RP2040/port.c.obj
 .text.pxPortInitialiseStack
                0x20006a34       0x20 CMakeFiles/debugprobe.dir/freertos/portable/ThirdParty/GCC/RP2040/port.c.obj
                0x20006a34                pxPortInitialiseStack
 .text.vPortYield
                0x20006a54       0x18 CMakeFiles/debugprobe.dir/freertos/portable/ThirdParty/GCC/RP2040/port.c.obj
                0x20006a54                vPortYield
 .text.vPortEnterCritical
                0x20006a6c       0x18 CMakeFiles/debugprobe.dir/freertos/portable/ThirdParty/GCC/RP2040/port.c.obj
                0x20006a6c                vPortEnterCritical
 .text.vPortExitCritical
                0x20006a84       0x34 CMakeFiles/debugprobe.dir/freertos/portable/ThirdParty/GCC/RP2040/port.c.obj
                0x20006a84                vPortExitCritical
 .text.ulSetInterruptMaskFromISR
                0x20006ab8        0x8 CMakeFiles/debugprobe.dir/freertos/portable/ThirdParty/GCC/RP2040/port.c.obj
                0x20006ab8                ulSetInterruptMaskFromISR
 .text.vClearInterruptMaskFromISR
                0x20006ac0        0x8 CMakeFiles/debugprobe.dir/freertos/portable/ThirdParty/GCC/RP2040/port.c.obj
                0x20006ac0                vClearInterruptMaskFromISR
 .text.xPortSysTickHandler
                0x20006ac8       0x24 CMakeFiles/debugprobe.dir/freertos/portable/ThirdParty/GCC/RP2040/port.c.obj
                0x20006ac8                xPortSysTickHandler
 .text.vPortSetupTimerInterrupt
                0x20006aec       0x34 CMakeFiles/debugprobe.dir/freertos/portable/ThirdParty/GCC/RP2040/port.c.obj
                0x20006aec                vPortSetupTimerInterrupt
 .text.xPortStartScheduler
                0x20006b20       0xa0 CMakeFiles/debugprobe.dir/freertos/portable/ThirdParty/GCC/RP2040/port.c.obj
                0x20006b20                xPortStartScheduler
 .text.ulPortLockGetCurrentOwnerId
                0x20006bc0       0x2c CMakeFiles/debugprobe.dir/freertos/portable/ThirdParty/GCC/RP2040/port.c.obj
                0x20006bc0                ulPortLockGetCurrentOwnerId
 .text.vPortLockInternalSpinUnlockWithNotify
                0x20006bec       0xc8 CMakeFiles/debugprobe.dir/freertos/portable/ThirdParty/GCC/RP2040/port.c.obj
                0x20006bec                vPortLockInternalSpinUnlockWithNotify
 .text.xPortLockInternalSpinUnlockWithBestEffortWaitOrTimeout
                0x20006cb4       0xf4 CMakeFiles/debugprobe.dir/freertos/portable/ThirdParty/GCC/RP2040/port.c.obj
                0x20006cb4                xPortLockInternalSpinUnlockWithBestEffortWaitOrTimeout
 .text.startup.prvRuntimeInitializer
                0x20006da8       0x28 CMakeFiles/debugprobe.dir/freertos/portable/ThirdParty/GCC/RP2040/port.c.obj
 .text.vEventGroupSetBitsCallback
                0x20006dd0       0x90 CMakeFiles/debugprobe.dir/freertos/event_groups.c.obj
                0x20006dd0                vEventGroupSetBitsCallback
 .text.xEventGroupCreate
                0x20006e60       0x18 CMakeFiles/debugprobe.dir/freertos/event_groups.c.obj
                0x20006e60                xEventGroupCreate
 .text.xEventGroupWaitBits
                0x20006e78       0xb8 CMakeFiles/debugprobe.dir/freertos/event_groups.c.obj
                0x20006e78                xEventGroupWaitBits
 .text.xEventGroupSetBits
                0x20006f30       0x94 CMakeFiles/debugprobe.dir/freertos/event_groups.c.obj
                0x20006f30                xEventGroupSetBits
 .text.xEventGroupSetBitsFromISR
                0x20006fc4       0x18 CMakeFiles/debugprobe.dir/freertos/event_groups.c.obj
                0x20006fc4                xEventGroupSetBitsFromISR
 .text.vListInitialise
                0x20006fdc       0x18 CMakeFiles/debugprobe.dir/freertos/list.c.obj
                0x20006fdc                vListInitialise
 .text.vListInitialiseItem
                0x20006ff4        0x8 CMakeFiles/debugprobe.dir/freertos/list.c.obj
                0x20006ff4                vListInitialiseItem
 .text.vListInsertEnd
                0x20006ffc       0x18 CMakeFiles/debugprobe.dir/freertos/list.c.obj
                0x20006ffc                vListInsertEnd
 .text.vListInsert
                0x20007014       0x30 CMakeFiles/debugprobe.dir/freertos/list.c.obj
                0x20007014                vListInsert
 .text.uxListRemove
                0x20007044       0x24 CMakeFiles/debugprobe.dir/freertos/list.c.obj
                0x20007044                uxListRemove
 .text.prvUnlockQueue
                0x20007068      0x180 CMakeFiles/debugprobe.dir/freertos/queue.c.obj
 .text.prvNotifyQueueSetContainer
                0x200071e8       0x90 CMakeFiles/debugprobe.dir/freertos/queue.c.obj
 .text.xQueueGenericCreate
                0x20007278       0xa4 CMakeFiles/debugprobe.dir/freertos/queue.c.obj
                0x20007278                xQueueGenericCreate
 .text.xQueueGenericSendFromISR
                0x2000731c      0x134 CMakeFiles/debugprobe.dir/freertos/queue.c.obj
                0x2000731c                xQueueGenericSendFromISR
 .text.xQueueReceive
                0x20007450      0x11c CMakeFiles/debugprobe.dir/freertos/queue.c.obj
                0x20007450                xQueueReceive
 .text.vQueueAddToRegistry
                0x2000756c      0x118 CMakeFiles/debugprobe.dir/freertos/queue.c.obj
                0x2000756c                vQueueAddToRegistry
 .text.vQueueWaitForMessageRestricted
                0x20007684       0x48 CMakeFiles/debugprobe.dir/freertos/queue.c.obj
                0x20007684                vQueueWaitForMessageRestricted
 .text.prvIdleTask
                0x200076cc       0x60 CMakeFiles/debugprobe.dir/freertos/tasks.c.obj
 .text.vTaskSwitchContext.part.0
                0x2000772c       0x80 CMakeFiles/debugprobe.dir/freertos/tasks.c.obj
 .text.xTaskCreate
                0x200077ac      0x244 CMakeFiles/debugprobe.dir/freertos/tasks.c.obj
                0x200077ac                xTaskCreate
 .text.vTaskSuspend
                0x200079f0       0xcc CMakeFiles/debugprobe.dir/freertos/tasks.c.obj
                0x200079f0                vTaskSuspend
 .text.vTaskResume
                0x20007abc       0x90 CMakeFiles/debugprobe.dir/freertos/tasks.c.obj
                0x20007abc                vTaskResume
 .text.vTaskStartScheduler
                0x20007b4c      0x1d8 CMakeFiles/debugprobe.dir/freertos/tasks.c.obj
                0x20007b4c                vTaskStartScheduler
 .text.vTaskSuspendAll
                0x20007d24       0x10 CMakeFiles/debugprobe.dir/freertos/tasks.c.obj
                0x20007d24                vTaskSuspendAll
 .text.xTaskGetTickCount
                0x20007d34        0xc CMakeFiles/debugprobe.dir/freertos/tasks.c.obj
                0x20007d34                xTaskGetTickCount
 .text.uxTaskGetNumberOfTasks
                0x20007d40        0xc CMakeFiles/debugprobe.dir/freertos/tasks.c.obj
                0x20007d40                uxTaskGetNumberOfTasks
 .text.xTaskIncrementTick
                0x20007d4c      0x1c0 CMakeFiles/debugprobe.dir/freertos/tasks.c.obj
                0x20007d4c                xTaskIncrementTick
 .text.xTaskResumeAll
                0x20007f0c      0x168 CMakeFiles/debugprobe.dir/freertos/tasks.c.obj
                0x20007f0c                xTaskResumeAll
 .text.xTaskDelayUntil
                0x20008074       0xa4 CMakeFiles/debugprobe.dir/freertos/tasks.c.obj
                0x20008074                xTaskDelayUntil
 .text.vTaskSwitchContext
                0x20008118       0x20 CMakeFiles/debugprobe.dir/freertos/tasks.c.obj
                0x20008118                vTaskSwitchContext
 .text.vTaskPlaceOnEventList
                0x20008138       0x94 CMakeFiles/debugprobe.dir/freertos/tasks.c.obj
                0x20008138                vTaskPlaceOnEventList
 .text.vTaskPlaceOnUnorderedEventList
                0x200081cc       0xb8 CMakeFiles/debugprobe.dir/freertos/tasks.c.obj
                0x200081cc                vTaskPlaceOnUnorderedEventList
 .text.vTaskPlaceOnEventListRestricted
                0x20008284       0xc0 CMakeFiles/debugprobe.dir/freertos/tasks.c.obj
                0x20008284                vTaskPlaceOnEventListRestricted
 .text.xTaskRemoveFromEventList
                0x20008344       0xcc CMakeFiles/debugprobe.dir/freertos/tasks.c.obj
                0x20008344                xTaskRemoveFromEventList
 .text.vTaskRemoveFromUnorderedEventList
                0x20008410       0x94 CMakeFiles/debugprobe.dir/freertos/tasks.c.obj
                0x20008410                vTaskRemoveFromUnorderedEventList
 .text.vTaskInternalSetTimeOutState
                0x200084a4       0x18 CMakeFiles/debugprobe.dir/freertos/tasks.c.obj
                0x200084a4                vTaskInternalSetTimeOutState
 .text.xTaskCheckForTimeOut
                0x200084bc       0x74 CMakeFiles/debugprobe.dir/freertos/tasks.c.obj
                0x200084bc                xTaskCheckForTimeOut
 .text.vTaskMissedYield
                0x20008530        0xc CMakeFiles/debugprobe.dir/freertos/tasks.c.obj
                0x20008530                vTaskMissedYield
 .text.xTaskGetCurrentTaskHandle
                0x2000853c        0xc CMakeFiles/debugprobe.dir/freertos/tasks.c.obj
                0x2000853c                xTaskGetCurrentTaskHandle
 .text.xTaskPriorityDisinherit
                0x20008548       0x64 CMakeFiles/debugprobe.dir/freertos/tasks.c.obj
                0x20008548                xTaskPriorityDisinherit
 .text.uxTaskResetEventItemValue
                0x200085ac       0x18 CMakeFiles/debugprobe.dir/freertos/tasks.c.obj
                0x200085ac                uxTaskResetEventItemValue
 .text.prvTimerTask
                0x200085c4      0x384 CMakeFiles/debugprobe.dir/freertos/timers.c.obj
 .text.xTimerCreateTimerTask
                0x20008948       0x8c CMakeFiles/debugprobe.dir/freertos/timers.c.obj
                0x20008948                xTimerCreateTimerTask
 .text.xTimerPendFunctionCallFromISR
                0x200089d4       0x28 CMakeFiles/debugprobe.dir/freertos/timers.c.obj
                0x200089d4                xTimerPendFunctionCallFromISR
 .text.exception_set_exclusive_handler
                0x200089fc       0x48 CMakeFiles/debugprobe.dir/home/teja/pico/pico-sdk/src/rp2_common/hardware_exception/exception.c.obj
                0x200089fc                exception_set_exclusive_handler
 .text.pvPortMalloc
                0x20008a44       0x94 CMakeFiles/debugprobe.dir/freertos/portable/MemMang/heap_1.c.obj
                0x20008a44                pvPortMalloc
 .text.vPortFree
                0x20008ad8        0x4 CMakeFiles/debugprobe.dir/freertos/portable/MemMang/heap_1.c.obj
                0x20008ad8                vPortFree
 .text          0x20008adc        0x4 /usr/lib/gcc/arm-none-eabi/13.2.1/thumb/v6-m/nofp/libgcc.a(_dvmd_tls.o)
                0x20008adc                __aeabi_ldiv0
                0x20008adc                __aeabi_idiv0
 .text          0x20008ae0       0x20 /usr/lib/gcc/arm-none-eabi/13.2.1/thumb/v6-m/nofp/libgcc.a(_paritysi2.o)
                0x20008ae0                __paritysi2
 .text          0x20008b00       0x10 /usr/lib/gcc/arm-none-eabi/13.2.1/../../../arm-none-eabi/lib/thumb/v6-m/nofp/libc.a(libc_a-atexit.o)
                0x20008b00                atexit
 .text          0x20008b10       0x5c /usr/lib/gcc/arm-none-eabi/13.2.1/../../../arm-none-eabi/lib/thumb/v6-m/nofp/libc.a(libc_a-strlen-stub.o)
                0x20008b10                strlen
 .text          0x20008b6c       0x28 /usr/lib/gcc/arm-none-eabi/13.2.1/../../../arm-none-eabi/lib/thumb/v6-m/nofp/libc.a(libc_a-fini.o)
                0x20008b6c                __libc_fini_array
 .text          0x20008b94       0x78 /usr/lib/gcc/arm-none-eabi/13.2.1/../../../arm-none-eabi/lib/thumb/v6-m/nofp/libc.a(libc_a-__atexit.o)
                0x20008b94                __register_exitproc
 .text.startup  0x20008c0c       0x18 /usr/lib/gcc/arm-none-eabi/13.2.1/../../../arm-none-eabi/lib/thumb/v6-m/nofp/libc.a(libc_a-__call_atexit.o)
 *(.fini)
 .fini          0x20008c24        0x4 /usr/lib/gcc/arm-none-eabi/13.2.1/thumb/v6-m/nofp/crti.o
                0x20008c24                _fini
 *crtbegin.o(.ctors)
 *crtbegin?.o(.ctors)
 *(EXCLUDE_FILE(*crtend.o *crtend?.o) .ctors)
 *(SORT_BY_NAME(.ctors.*))
 *(.ctors)
 *crtbegin.o(.dtors)
 *crtbegin?.o(.dtors)
 *(EXCLUDE_FILE(*crtend.o *crtend?.o) .dtors)
 *(SORT_BY_NAME(.dtors.*))
 *(.dtors)
 *(.eh_frame*)
 .eh_frame      0x20008c28        0x0 /usr/lib/gcc/arm-none-eabi/13.2.1/thumb/v6-m/nofp/crtbegin.o
                0x20008c28                        . = ALIGN (0x4)
                0x20008c28                        __ram_text_end__ = .
                0x1000031c                        __ram_text_source__ = LOADADDR (.text)

.glue_7         0x20008c28        0x0 load address 0x10008e84
 .glue_7        0x20008c28        0x0 linker stubs

.glue_7t        0x20008c28        0x0 load address 0x10008e84
 .glue_7t       0x20008c28        0x0 linker stubs

.vfp11_veneer   0x20008c28        0x0 load address 0x10008e84
 .vfp11_veneer  0x20008c28        0x0 linker stubs

.v4_bx          0x20008c28        0x0 load address 0x10008e84
 .v4_bx         0x20008c28        0x0 linker stubs

.iplt           0x20008c28        0x0 load address 0x10008e84
 .iplt          0x20008c28        0x0 /usr/lib/gcc/arm-none-eabi/13.2.1/thumb/v6-m/nofp/crtbegin.o

.rel.dyn        0x20008c28        0x0 load address 0x10008e84
 .rel.iplt      0x20008c28        0x0 /usr/lib/gcc/arm-none-eabi/13.2.1/thumb/v6-m/nofp/crtbegin.o
                0x20008c28                        . = ALIGN (0x4)

.data           0x20008c30     0x1450 load address 0x10008e84
                0x20008c30                        __data_start__ = .
 *(vtable)
 *(.time_critical*)
 .time_critical.mutex_try_enter_block_until
                0x20008c30       0xa0 CMakeFiles/debugprobe.dir/home/teja/pico/pico-sdk/src/common/pico_sync/mutex.c.obj
                0x20008c30                mutex_try_enter_block_until
 .time_critical.mutex_enter_timeout_ms
                0x20008cd0       0x78 CMakeFiles/debugprobe.dir/home/teja/pico/pico-sdk/src/common/pico_sync/mutex.c.obj
                0x20008cd0                mutex_enter_timeout_ms
 .time_critical.mutex_exit
                0x20008d48       0x20 CMakeFiles/debugprobe.dir/home/teja/pico/pico-sdk/src/common/pico_sync/mutex.c.obj
                0x20008d48                mutex_exit
 .time_critical.flash_init_boot2_copyout
                0x20008d68       0x30 CMakeFiles/debugprobe.dir/home/teja/pico/pico-sdk/src/rp2_common/hardware_flash/flash.c.obj
 .time_critical.flash_enable_xip_via_boot2
                0x20008d98        0xc CMakeFiles/debugprobe.dir/home/teja/pico/pico-sdk/src/rp2_common/hardware_flash/flash.c.obj
 .time_critical.flash_cs_force
                0x20008da4       0x38 CMakeFiles/debugprobe.dir/home/teja/pico/pico-sdk/src/rp2_common/hardware_flash/flash.c.obj
 .time_critical.flash_do_cmd
                0x20008ddc       0xc0 CMakeFiles/debugprobe.dir/home/teja/pico/pico-sdk/src/rp2_common/hardware_flash/flash.c.obj
                0x20008ddc                flash_do_cmd
 .time_critical.reset_non_control_endpoints
                0x20008e9c       0x68 CMakeFiles/debugprobe.dir/home/teja/pico/pico-sdk/lib/tinyusb/src/portable/raspberrypi/rp2040/dcd_rp2040.c.obj
 .time_critical.hw_handle_buff_status
                0x20008f04       0xb0 CMakeFiles/debugprobe.dir/home/teja/pico/pico-sdk/lib/tinyusb/src/portable/raspberrypi/rp2040/dcd_rp2040.c.obj
 .time_critical.dcd_rp2040_irq
                0x20008fb4      0x520 CMakeFiles/debugprobe.dir/home/teja/pico/pico-sdk/lib/tinyusb/src/portable/raspberrypi/rp2040/dcd_rp2040.c.obj
 .time_critical.e15_is_bulkin_ep
                0x200094d4       0x28 CMakeFiles/debugprobe.dir/home/teja/pico/pico-sdk/lib/tinyusb/src/portable/raspberrypi/rp2040/rp2040_usb.c.obj
 .time_critical.e15_is_critical_frame_period
                0x200094fc       0x34 CMakeFiles/debugprobe.dir/home/teja/pico/pico-sdk/lib/tinyusb/src/portable/raspberrypi/rp2040/rp2040_usb.c.obj
 .time_critical.prepare_ep_buffer
                0x20009530       0x6c CMakeFiles/debugprobe.dir/home/teja/pico/pico-sdk/lib/tinyusb/src/portable/raspberrypi/rp2040/rp2040_usb.c.obj
 .time_critical.sync_ep_buffer
                0x2000959c       0x48 CMakeFiles/debugprobe.dir/home/teja/pico/pico-sdk/lib/tinyusb/src/portable/raspberrypi/rp2040/rp2040_usb.c.obj
 .time_critical._hw_endpoint_xfer_sync
                0x200095e4       0x28 CMakeFiles/debugprobe.dir/home/teja/pico/pico-sdk/lib/tinyusb/src/portable/raspberrypi/rp2040/rp2040_usb.c.obj
 .time_critical.hw_endpoint_reset_transfer
                0x2000960c        0xc CMakeFiles/debugprobe.dir/home/teja/pico/pico-sdk/lib/tinyusb/src/portable/raspberrypi/rp2040/rp2040_usb.c.obj
                0x2000960c                hw_endpoint_reset_transfer
 .time_critical._hw_endpoint_buffer_control_update32
                0x20009618       0x58 CMakeFiles/debugprobe.dir/home/teja/pico/pico-sdk/lib/tinyusb/src/portable/raspberrypi/rp2040/rp2040_usb.c.obj
                0x20009618                _hw_endpoint_buffer_control_update32
 .time_critical.hw_endpoint_start_next_buffer
                0x20009670       0x6c CMakeFiles/debugprobe.dir/home/teja/pico/pico-sdk/lib/tinyusb/src/portable/raspberrypi/rp2040/rp2040_usb.c.obj
                0x20009670                hw_endpoint_start_next_buffer
 .time_critical.hw_endpoint_xfer_continue
                0x200096dc       0x50 CMakeFiles/debugprobe.dir/home/teja/pico/pico-sdk/lib/tinyusb/src/portable/raspberrypi/rp2040/rp2040_usb.c.obj
                0x200096dc                hw_endpoint_xfer_continue
 .time_critical.tinyusb
                0x2000972c      0x194 CMakeFiles/debugprobe.dir/home/teja/pico/pico-sdk/lib/tinyusb/src/device/usbd.c.obj
                0x2000972c                dcd_event_handler
                0x200098c0                        . = ALIGN (0x4)
 *(.rodata*)
 .rodata.str1.4
                0x200098c0      0x2a8 CMakeFiles/debugprobe.dir/src/probe_config.c.obj
                                 0x6e (size before relaxing)
 .rodata.__bi_16.0
                0x20009b68        0xc CMakeFiles/debugprobe.dir/src/probe_config.c.obj
 .rodata.__bi_20.1
                0x20009b74        0xc CMakeFiles/debugprobe.dir/src/probe_config.c.obj
 .rodata.__bi_32.2
                0x20009b80        0xc CMakeFiles/debugprobe.dir/src/probe_config.c.obj
 .rodata.__bi_33.3
                0x20009b8c        0xc CMakeFiles/debugprobe.dir/src/probe_config.c.obj
 .rodata.__bi_34.4
                0x20009b98        0xc CMakeFiles/debugprobe.dir/src/probe_config.c.obj
 .rodata.__bi_35.5
                0x20009ba4        0xc CMakeFiles/debugprobe.dir/src/probe_config.c.obj
 .rodata.main.str1.4
                0x20009bb0       0x10 CMakeFiles/debugprobe.dir/src/main.c.obj
 .rodata.vApplicationStackOverflowHook.str1.4
                0x20009bb0       0x2e CMakeFiles/debugprobe.dir/src/main.c.obj
 .rodata.vApplicationMallocFailedHook.str1.4
                0x20009bb0        0xf CMakeFiles/debugprobe.dir/src/main.c.obj
 .rodata.desc_ms_os_20
                0x20009bb0       0xb2 CMakeFiles/debugprobe.dir/src/usb_descriptors.c.obj
                0x20009bb0                desc_ms_os_20
 *fill*         0x20009c62        0x2 
 .rodata.desc_bos
                0x20009c64       0x21 CMakeFiles/debugprobe.dir/src/usb_descriptors.c.obj
                0x20009c64                desc_bos
 .rodata.str1.4
                0x20009c85       0x77 CMakeFiles/debugprobe.dir/src/usb_descriptors.c.obj
 *fill*         0x20009c85        0x3 
 .rodata.__compound_literal.0
                0x20009c88        0x2 CMakeFiles/debugprobe.dir/src/usb_descriptors.c.obj
 *fill*         0x20009c8a        0x2 
 .rodata.desc_hid_report
                0x20009c8c       0x22 CMakeFiles/debugprobe.dir/src/usb_descriptors.c.obj
 *fill*         0x20009cae        0x2 
 .rodata.desc_device
                0x20009cb0       0x12 CMakeFiles/debugprobe.dir/src/usb_descriptors.c.obj
                0x20009cb0                desc_device
 *fill*         0x20009cc2        0x2 
 .rodata.probe_program
                0x20009cc4        0x6 CMakeFiles/debugprobe.dir/src/probe.c.obj
 *fill*         0x20009cca        0x2 
 .rodata.probe_program_instructions
                0x20009ccc       0x16 CMakeFiles/debugprobe.dir/src/probe.c.obj
 *fill*         0x20009ce2        0x2 
 .rodata._dap_edpt_driver
                0x20009ce4       0x18 CMakeFiles/debugprobe.dir/src/tusb_edpt_handler.c.obj
                0x20009ce4                _dap_edpt_driver
 .rodata.DAP_ProcessCommand.str1.4
                0x20009cfc        0x6 CMakeFiles/debugprobe.dir/src/DAP.c.obj
 .rodata.DAP_ProcessCommand
                0x20009cfc       0x78 CMakeFiles/debugprobe.dir/src/DAP.c.obj
 .rodata.hardware_alarm_claim.str1.4
                0x20009d74       0x22 CMakeFiles/debugprobe.dir/home/teja/pico/pico-sdk/src/rp2_common/hardware_timer/timer.c.obj
 .rodata.spin_lock_claim_unused.str1.4
                0x20009d74       0x1b CMakeFiles/debugprobe.dir/home/teja/pico/pico-sdk/src/rp2_common/hardware_sync/sync.c.obj
 .rodata.panic.str1.4
                0x20009d74       0x12 CMakeFiles/debugprobe.dir/home/teja/pico/pico-sdk/src/rp2_common/pico_runtime/runtime.c.obj
 .rodata.panic_unsupported.str1.4
                0x20009d74        0xe CMakeFiles/debugprobe.dir/home/teja/pico/pico-sdk/src/rp2_common/pico_runtime/runtime.c.obj
 .rodata.hard_assertion_failure.str1.4
                0x20009d74        0xc CMakeFiles/debugprobe.dir/home/teja/pico/pico-sdk/src/rp2_common/pico_runtime/runtime.c.obj
 .rodata.str1.4
                0x20009d74       0x40 CMakeFiles/debugprobe.dir/home/teja/pico/pico-sdk/src/rp2_common/pico_standard_link/binary_info.c.obj
 .rodata.__bi_81
                0x20009d74        0xc CMakeFiles/debugprobe.dir/home/teja/pico/pico-sdk/src/rp2_common/pico_standard_link/binary_info.c.obj
 .rodata.__bi_75
                0x20009d80        0xc CMakeFiles/debugprobe.dir/home/teja/pico/pico-sdk/src/rp2_common/pico_standard_link/binary_info.c.obj
 .rodata.__bi_44
                0x20009d8c        0xc CMakeFiles/debugprobe.dir/home/teja/pico/pico-sdk/src/rp2_common/pico_standard_link/binary_info.c.obj
 .rodata.crlf_str.0
                0x20009d98        0x2 CMakeFiles/debugprobe.dir/home/teja/pico/pico-sdk/src/rp2_common/pico_stdio/stdio.c.obj
 .rodata.str1.4
                0x20009d9a       0x2c CMakeFiles/debugprobe.dir/home/teja/pico/pico-sdk/src/rp2_common/pico_stdio_uart/stdio_uart.c.obj
 *fill*         0x20009d9a        0x2 
 .rodata.__bi_33.4
                0x20009d9c        0xc CMakeFiles/debugprobe.dir/home/teja/pico/pico-sdk/src/rp2_common/pico_stdio_uart/stdio_uart.c.obj
 .rodata.__bi_34.5
                0x20009da8        0x8 CMakeFiles/debugprobe.dir/home/teja/pico/pico-sdk/src/rp2_common/pico_stdio_uart/stdio_uart.c.obj
 .rodata.str1.4
                0x20009db0       0x14 CMakeFiles/debugprobe.dir/home/teja/pico/pico-sdk/lib/tinyusb/src/portable/raspberrypi/rp2040/dcd_rp2040.c.obj
 .rodata.str1.4
                0x20009db0       0x53 CMakeFiles/debugprobe.dir/home/teja/pico/pico-sdk/lib/tinyusb/src/portable/raspberrypi/rp2040/rp2040_usb.c.obj
 .rodata.tud_task_ext
                0x20009db0       0x8c CMakeFiles/debugprobe.dir/home/teja/pico/pico-sdk/lib/tinyusb/src/device/usbd.c.obj
 .rodata._usbd_driver
                0x20009e3c       0x48 CMakeFiles/debugprobe.dir/home/teja/pico/pico-sdk/lib/tinyusb/src/device/usbd.c.obj
 .rodata.hidd_control_xfer_cb
                0x20009e84       0x30 CMakeFiles/debugprobe.dir/home/teja/pico/pico-sdk/lib/tinyusb/src/class/hid/hid_device.c.obj
 .rodata.str1.4
                0x20009eb4        0x4 CMakeFiles/debugprobe.dir/home/teja/pico/pico-sdk/lib/tinyusb/hw/bsp/rp2040/family.c.obj
 .rodata.__bi_142.0
                0x20009eb4        0xc CMakeFiles/debugprobe.dir/home/teja/pico/pico-sdk/lib/tinyusb/hw/bsp/rp2040/family.c.obj
 .rodata.__bi_152.1
                0x20009ec0        0x8 CMakeFiles/debugprobe.dir/home/teja/pico/pico-sdk/lib/tinyusb/hw/bsp/rp2040/family.c.obj
 .rodata.pio_add_program.str1.4
                0x20009ec8       0x11 CMakeFiles/debugprobe.dir/home/teja/pico/pico-sdk/src/rp2_common/hardware_pio/pio.c.obj
 .rodata.uxTopUsedPriority
                0x20009ec8        0x4 CMakeFiles/debugprobe.dir/freertos/tasks.c.obj
                0x20009ec8                uxTopUsedPriority
 .rodata.prvTimerTask
                0x20009ecc       0x28 CMakeFiles/debugprobe.dir/freertos/timers.c.obj
 .rodata.xTimerCreateTimerTask.str1.4
                0x20009ef4       0x10 CMakeFiles/debugprobe.dir/freertos/timers.c.obj
                0x20009f04                        . = ALIGN (0x4)
 *(.data*)
 .data.string_desc_arr
                0x20009ef4       0x1c CMakeFiles/debugprobe.dir/src/usb_descriptors.c.obj
                0x20009ef4                string_desc_arr
 .data.desc_configuration
                0x20009f10       0x62 CMakeFiles/debugprobe.dir/src/usb_descriptors.c.obj
                0x20009f10                desc_configuration
 *fill*         0x20009f72        0x2 
 .data.interval
                0x20009f74        0x4 CMakeFiles/debugprobe.dir/src/cdc_uart.c.obj
                0x20009f74                interval
 .data.default_alarm_pool
                0x20009f78       0x18 CMakeFiles/debugprobe.dir/home/teja/pico/pico-sdk/src/common/pico_time/time.c.obj
 .data.default_alarm_pool_heap
                0x20009f90       0x10 CMakeFiles/debugprobe.dir/home/teja/pico/pico-sdk/src/common/pico_time/time.c.obj
 .data.striped_spin_lock_num
                0x20009fa0        0x1 CMakeFiles/debugprobe.dir/home/teja/pico/pico-sdk/src/rp2_common/hardware_sync/sync.c.obj
 *fill*         0x20009fa1        0x3 
 .data          0x20009fa4       0x48 CMakeFiles/debugprobe.dir/home/teja/pico/pico-sdk/src/rp2_common/hardware_irq/irq_handler_chain.S.obj
                0x20009fa4                irq_handler_chain_slots
                0x20009fd4                irq_handler_chain_first_slot
                0x20009fde                irq_handler_chain_remove_tail
 *fill*         0x20009fec        0x4 
 .data.aeabi_bits_funcs
                0x20009ff0       0x10 CMakeFiles/debugprobe.dir/home/teja/pico/pico-sdk/src/rp2_common/pico_bit_ops/bit_ops_aeabi.S.obj
                0x20009ff0                aeabi_bits_funcs
                0x2000a000                aeabi_bits_funcs_end
 .data.aeabi_mem_funcs
                0x2000a000       0x10 CMakeFiles/debugprobe.dir/home/teja/pico/pico-sdk/src/rp2_common/pico_mem_ops/mem_ops_aeabi.S.obj
                0x2000a000                aeabi_mem_funcs
                0x2000a010                aeabi_mem_funcs_end
 .data.stdio_uart
                0x2000a010       0x18 CMakeFiles/debugprobe.dir/home/teja/pico/pico-sdk/src/rp2_common/pico_stdio_uart/stdio_uart.c.obj
                0x2000a010                stdio_uart
 .data.ep_dir_string
                0x2000a028        0x8 CMakeFiles/debugprobe.dir/home/teja/pico/pico-sdk/lib/tinyusb/src/portable/raspberrypi/rp2040/rp2040_usb.c.obj
                0x2000a028                ep_dir_string
 .data._usbd_qdef
                0x2000a030       0x1c CMakeFiles/debugprobe.dir/home/teja/pico/pico-sdk/lib/tinyusb/src/device/usbd.c.obj
                0x2000a030                _usbd_qdef
 .data._usbd_rhport
                0x2000a04c        0x1 CMakeFiles/debugprobe.dir/home/teja/pico/pico-sdk/lib/tinyusb/src/device/usbd.c.obj
 .data.ucLaunchCoreNum
                0x2000a04d        0x1 CMakeFiles/debugprobe.dir/freertos/portable/ThirdParty/GCC/RP2040/port.c.obj
                0x2000a050                        . = ALIGN (0x4)
 *fill*         0x2000a04e        0x2 
 *(.after_data.*)
                0x2000a050                        . = ALIGN (0x4)
                0x2000a050                        PROVIDE (__mutex_array_start = .)
 *(SORT_BY_NAME(.mutex_array.*))
 *(.mutex_array)
 .mutex_array   0x2000a050        0x8 CMakeFiles/debugprobe.dir/home/teja/pico/pico-sdk/src/rp2_common/pico_malloc/pico_malloc.c.obj
 .mutex_array   0x2000a058        0x8 CMakeFiles/debugprobe.dir/home/teja/pico/pico-sdk/src/rp2_common/pico_stdio/stdio.c.obj
                0x2000a060                        PROVIDE (__mutex_array_end = .)
                0x2000a060                        . = ALIGN (0x4)
                0x2000a060                        PROVIDE (__preinit_array_start = .)
 *(SORT_BY_NAME(.preinit_array.*))
 .preinit_array.00001
                0x2000a060        0x4 CMakeFiles/debugprobe.dir/home/teja/pico/pico-sdk/src/rp2_common/pico_mem_ops/mem_ops_aeabi.S.obj
 .preinit_array.00010
                0x2000a064        0x4 CMakeFiles/debugprobe.dir/home/teja/pico/pico-sdk/src/rp2_common/pico_bit_ops/bit_ops_aeabi.S.obj
 .preinit_array.00020
                0x2000a068        0x4 CMakeFiles/debugprobe.dir/home/teja/pico/pico-sdk/src/rp2_common/pico_double/double_aeabi.S.obj
 .preinit_array.00020
                0x2000a06c        0x4 CMakeFiles/debugprobe.dir/home/teja/pico/pico-sdk/src/rp2_common/pico_float/float_aeabi.S.obj
 *(.preinit_array)
                0x2000a070                        PROVIDE (__preinit_array_end = .)
                0x2000a070                        . = ALIGN (0x4)
                0x2000a070                        PROVIDE (__init_array_start = .)
 *(SORT_BY_NAME(.init_array.*))
 .init_array.00000
                0x2000a070        0x4 /usr/lib/gcc/arm-none-eabi/13.2.1/../../../arm-none-eabi/lib/thumb/v6-m/nofp/libc.a(libc_a-__call_atexit.o)
 *(.init_array)
 .init_array    0x2000a074        0x4 /usr/lib/gcc/arm-none-eabi/13.2.1/thumb/v6-m/nofp/crtbegin.o
 .init_array    0x2000a078        0x4 CMakeFiles/debugprobe.dir/home/teja/pico/pico-sdk/src/rp2_common/pico_unique_id/unique_id.c.obj
 .init_array    0x2000a07c        0x4 CMakeFiles/debugprobe.dir/freertos/portable/ThirdParty/GCC/RP2040/port.c.obj
                0x2000a080                        PROVIDE (__init_array_end = .)
                0x2000a080                        . = ALIGN (0x4)
                0x2000a080                        PROVIDE (__fini_array_start = .)
 *(SORT_BY_NAME(.fini_array.*))
 *(.fini_array)
                0x2000a080                        PROVIDE (__fini_array_end = .)
 *(.jcr)
                0x2000a080                        . = ALIGN (0x4)
                0x2000a080                        __data_end__ = .
                0x10008e84                        __etext = LOADADDR (.data)

.tm_clone_table
                0x2000a080        0x0 load address 0x1000a2d4
 .tm_clone_table
                0x2000a080        0x0 /usr/lib/gcc/arm-none-eabi/13.2.1/thumb/v6-m/nofp/crtbegin.o
 .tm_clone_table
                0x2000a080        0x0 /usr/lib/gcc/arm-none-eabi/13.2.1/thumb/v6-m/nofp/crtend.o

.igot.plt       0x2000a080        0x0 load address 0x1000a2d4
 .igot.plt      0x2000a080        0x0 /usr/lib/gcc/arm-none-eabi/13.2.1/thumb/v6-m/nofp/crtbegin.o

.uninitialized_data
                0x2000a080        0x0 load address 0x1000a2d4
                0x2000a080                        . = ALIGN (0x4)
 *(.uninitialized_data*)

.scratch_x      0x20040000        0x0 load address 0x1000a2d4
                0x20040000                        __scratch_x_start__ = .
 *(.scratch_x.*)
                0x20040000                        . = ALIGN (0x4)
                0x20040000                        __scratch_x_end__ = .
                0x1000a2d4                        __scratch_x_source__ = LOADADDR (.scratch_x)

.scratch_y      0x20041000        0x0 load address 0x1000a2d4
                0x20041000                        __scratch_y_start__ = .
 *(.scratch_y.*)
                0x20041000                        . = ALIGN (0x4)
                0x20041000                        __scratch_y_end__ = .
                0x1000a2d4                        __scratch_y_source__ = LOADADDR (.scratch_y)

.bss            0x2000a080    0x16524
                0x2000a080                        . = ALIGN (0x4)
                0x2000a080                        __bss_start__ = .
 *(SORT_BY_ALIGNMENT(SORT_BY_NAME(.bss*)))
 .bss.configured_freq
                0x2000a080       0x28 CMakeFiles/debugprobe.dir/home/teja/pico/pico-sdk/src/rp2_common/hardware_clocks/clocks.c.obj
 .bss.default_alarm_pool_entries
                0x2000a0a8      0x100 CMakeFiles/debugprobe.dir/home/teja/pico/pico-sdk/src/common/pico_time/time.c.obj
 .bss.sd_table  0x2000a1a8      0x100 CMakeFiles/debugprobe.dir/home/teja/pico/pico-sdk/src/rp2_common/pico_double/double_init_rom.c.obj
                0x2000a1a8                sd_table
 .bss.sf_table  0x2000a2a8      0x100 CMakeFiles/debugprobe.dir/home/teja/pico/pico-sdk/src/rp2_common/pico_float/float_init_rom.c.obj
                0x2000a2a8                sf_table
 .bss.xQueueRegistry
                0x2000a3a8       0x40 CMakeFiles/debugprobe.dir/freertos/queue.c.obj
                0x2000a3a8                xQueueRegistry
 .bss           0x2000a3e8       0x1c /usr/lib/gcc/arm-none-eabi/13.2.1/thumb/v6-m/nofp/crtbegin.o
 .bss           0x2000a404      0x190 /usr/lib/gcc/arm-none-eabi/13.2.1/../../../arm-none-eabi/lib/thumb/v6-m/nofp/libc.a(libc_a-__atexit.o)
                0x2000a404                __atexit0
 .bss           0x2000a594        0x4 /usr/lib/gcc/arm-none-eabi/13.2.1/../../../arm-none-eabi/lib/thumb/v6-m/nofp/libc.a(libc_a-__call_atexit.o)
                0x2000a594                __atexit
 .bss.DAPRequestBuffer
                0x2000a598       0x40 CMakeFiles/debugprobe.dir/src/tusb_edpt_handler.c.obj
 .bss.DAPResponseBuffer
                0x2000a5d8       0x40 CMakeFiles/debugprobe.dir/src/tusb_edpt_handler.c.obj
 .bss.DAP_Data  0x2000a618       0x1c CMakeFiles/debugprobe.dir/src/DAP.c.obj
                0x2000a618                DAP_Data
 .bss.TxDataBuffer
                0x2000a634       0x40 CMakeFiles/debugprobe.dir/src/main.c.obj
 .bss.USBRequestBuffer
                0x2000a674       0x8c CMakeFiles/debugprobe.dir/src/tusb_edpt_handler.c.obj
 .bss.USBResponseBuffer
                0x2000a700       0x8c CMakeFiles/debugprobe.dir/src/tusb_edpt_handler.c.obj
 .bss._app_driver
                0x2000a78c        0x4 CMakeFiles/debugprobe.dir/home/teja/pico/pico-sdk/lib/tinyusb/src/device/usbd.c.obj
 .bss._cdcd_itf
                0x2000a790     0x1148 CMakeFiles/debugprobe.dir/home/teja/pico/pico-sdk/lib/tinyusb/src/class/cdc/cdc_device.c.obj
 .bss._ctrl_xfer
                0x2000b8d8       0x14 CMakeFiles/debugprobe.dir/home/teja/pico/pico-sdk/lib/tinyusb/src/device/usbd_control.c.obj
 .bss._desc_str
                0x2000b8ec       0x40 CMakeFiles/debugprobe.dir/src/usb_descriptors.c.obj
 .bss._hidd_itf
                0x2000b92c       0x8c CMakeFiles/debugprobe.dir/home/teja/pico/pico-sdk/lib/tinyusb/src/class/hid/hid_device.c.obj
 .bss._resp_len
                0x2000b9b8        0x4 CMakeFiles/debugprobe.dir/src/tusb_edpt_handler.c.obj
                0x2000b9b8                _resp_len
 .bss._ubsd_mutexdef
                0x2000b9bc        0x8 CMakeFiles/debugprobe.dir/home/teja/pico/pico-sdk/lib/tinyusb/src/device/usbd.c.obj
 .bss._usbd_ctrl_buf
                0x2000b9c4       0x40 CMakeFiles/debugprobe.dir/home/teja/pico/pico-sdk/lib/tinyusb/src/device/usbd_control.c.obj
 .bss._usbd_dev
                0x2000ba04       0x53 CMakeFiles/debugprobe.dir/home/teja/pico/pico-sdk/lib/tinyusb/src/device/usbd.c.obj
 *fill*         0x2000ba57        0x1 
 .bss._usbd_mutex
                0x2000ba58        0x4 CMakeFiles/debugprobe.dir/home/teja/pico/pico-sdk/lib/tinyusb/src/device/usbd.c.obj
 .bss._usbd_q   0x2000ba5c        0x4 CMakeFiles/debugprobe.dir/home/teja/pico/pico-sdk/lib/tinyusb/src/device/usbd.c.obj
 .bss._usbd_qdef_buf
                0x2000ba60       0xc0 CMakeFiles/debugprobe.dir/home/teja/pico/pico-sdk/lib/tinyusb/src/device/usbd.c.obj
                0x2000ba60                _usbd_qdef_buf
 .bss._used_instruction_space
                0x2000bb20        0x8 CMakeFiles/debugprobe.dir/home/teja/pico/pico-sdk/src/rp2_common/hardware_pio/pio.c.obj
 .bss._vendord_itf
                0x2000bb28     0x40bc CMakeFiles/debugprobe.dir/home/teja/pico/pico-sdk/lib/tinyusb/src/class/vendor/vendor_device.c.obj
 .bss.alarm_callbacks
                0x2000fbe4       0x10 CMakeFiles/debugprobe.dir/home/teja/pico/pico-sdk/src/rp2_common/hardware_timer/timer.c.obj
 .bss.boot2_copyout
                0x2000fbf4      0x100 CMakeFiles/debugprobe.dir/home/teja/pico/pico-sdk/src/rp2_common/hardware_flash/flash.c.obj
 .bss.break_expiry
                0x2000fcf4        0x4 CMakeFiles/debugprobe.dir/src/cdc_uart.c.obj
                0x2000fcf4                break_expiry
 .bss.cached_delay
                0x2000fcf8        0x4 CMakeFiles/debugprobe.dir/src/sw_dp_pio.c.obj
                0x2000fcf8                cached_delay
 .bss.cdc_tx_oe.0
                0x2000fcfc        0x4 CMakeFiles/debugprobe.dir/src/cdc_uart.c.obj
 .bss.chars_available_callback
                0x2000fd00        0x4 CMakeFiles/debugprobe.dir/home/teja/pico/pico-sdk/src/rp2_common/pico_stdio_uart/stdio_uart.c.obj
 .bss.chars_available_param
                0x2000fd04        0x4 CMakeFiles/debugprobe.dir/home/teja/pico/pico-sdk/src/rp2_common/pico_stdio_uart/stdio_uart.c.obj
 .bss.claimed   0x2000fd08        0x4 CMakeFiles/debugprobe.dir/home/teja/pico/pico-sdk/src/rp2_common/hardware_sync/sync.c.obj
 .bss.dap_taskhandle
                0x2000fd0c        0x4 CMakeFiles/debugprobe.dir/src/main.c.obj
                0x2000fd0c                dap_taskhandle
 .bss.default_alarm_pool_entry_ids_high
                0x2000fd10       0x10 CMakeFiles/debugprobe.dir/home/teja/pico/pico-sdk/src/common/pico_time/time.c.obj
 .bss.default_alarm_pool_heap_nodes
                0x2000fd20       0x30 CMakeFiles/debugprobe.dir/home/teja/pico/pico-sdk/src/common/pico_time/time.c.obj
 .bss.drivers   0x2000fd50        0x4 CMakeFiles/debugprobe.dir/home/teja/pico/pico-sdk/src/rp2_common/pico_stdio/stdio.c.obj
 .bss.e15_last_sof
                0x2000fd54        0x4 CMakeFiles/debugprobe.dir/home/teja/pico/pico-sdk/lib/tinyusb/src/portable/raspberrypi/rp2040/rp2040_usb.c.obj
                0x2000fd54                e15_last_sof
 .bss.filter    0x2000fd58        0x4 CMakeFiles/debugprobe.dir/home/teja/pico/pico-sdk/src/rp2_common/pico_stdio/stdio.c.obj
 .bss.gpio_ctrl_prev
                0x2000fd5c        0x4 CMakeFiles/debugprobe.dir/home/teja/pico/pico-sdk/src/rp2_common/pico_fix/rp2040_usb_device_enumeration/rp2040_usb_device_enumeration.c.obj
 .bss.hw_endpoints
                0x2000fd60      0x400 CMakeFiles/debugprobe.dir/home/teja/pico/pico-sdk/lib/tinyusb/src/portable/raspberrypi/rp2040/dcd_rp2040.c.obj
 .bss.last_wake
                0x20010160        0x4 CMakeFiles/debugprobe.dir/src/cdc_uart.c.obj
                0x20010160                last_wake
 .bss.lazy_vsnprintf
                0x20010164        0x4 CMakeFiles/debugprobe.dir/home/teja/pico/pico-sdk/src/rp2_common/pico_printf/printf.c.obj
 .bss.next_buffer_ptr
                0x20010168        0x4 CMakeFiles/debugprobe.dir/home/teja/pico/pico-sdk/lib/tinyusb/src/portable/raspberrypi/rp2040/dcd_rp2040.c.obj
 .bss.pad_ctrl_prev
                0x2001016c        0x4 CMakeFiles/debugprobe.dir/home/teja/pico/pico-sdk/src/rp2_common/pico_fix/rp2040_usb_device_enumeration/rp2040_usb_device_enumeration.c.obj
 .bss.pools     0x20010170       0x10 CMakeFiles/debugprobe.dir/home/teja/pico/pico-sdk/src/common/pico_time/time.c.obj
 .bss.probe     0x20010180        0x8 CMakeFiles/debugprobe.dir/src/probe.c.obj
 .bss.pucAlignedHeap.0
                0x20010188        0x4 CMakeFiles/debugprobe.dir/freertos/portable/MemMang/heap_1.c.obj
 .bss.pxCrossCoreSpinLock
                0x2001018c        0x4 CMakeFiles/debugprobe.dir/freertos/portable/ThirdParty/GCC/RP2040/port.c.obj
 .bss.pxCurrentTCB
                0x20010190        0x4 CMakeFiles/debugprobe.dir/freertos/tasks.c.obj
                0x20010190                pxCurrentTCB
 .bss.pxCurrentTimerList
                0x20010194        0x4 CMakeFiles/debugprobe.dir/freertos/timers.c.obj
 .bss.pxDelayedTaskList
                0x20010198        0x4 CMakeFiles/debugprobe.dir/freertos/tasks.c.obj
 .bss.pxOverflowDelayedTaskList
                0x2001019c        0x4 CMakeFiles/debugprobe.dir/freertos/tasks.c.obj
 .bss.pxOverflowTimerList
                0x200101a0        0x4 CMakeFiles/debugprobe.dir/freertos/timers.c.obj
 .bss.pxReadyTasksLists
                0x200101a4      0x280 CMakeFiles/debugprobe.dir/freertos/tasks.c.obj
 .bss.pxYieldSpinLock
                0x20010424        0x4 CMakeFiles/debugprobe.dir/freertos/portable/ThirdParty/GCC/RP2040/port.c.obj
 .bss.retrieved_id
                0x20010428        0x8 CMakeFiles/debugprobe.dir/home/teja/pico/pico-sdk/src/rp2_common/pico_unique_id/unique_id.c.obj
 .bss.rx_buf    0x20010430       0x20 CMakeFiles/debugprobe.dir/src/cdc_uart.c.obj
 .bss.sf_clz_func
                0x20010450        0x4 CMakeFiles/debugprobe.dir/home/teja/pico/pico-sdk/src/rp2_common/pico_double/double_init_rom.c.obj
                0x20010450                sf_clz_func
 .bss.sleep_notifier